# JMH version: 1.37
# VM version: JDK 21.0.11, OpenJDK 64-Bit Server VM, 21.0.11
# VM invoker: /opt/homebrew/Cellar/openjdk@21/21.0.11/libexec/openjdk.jdk/Contents/Home/bin/java
# VM options: -Xms1g -Xmx1g -XX:+UseG1GC
# Blackhole mode: compiler (auto-detected, use -Djmh.blackhole.autoDetect=false to disable)
# Warmup: 3 iterations, 1 s each
# Measurement: 5 iterations, 1 s each
# Timeout: 10 min per iteration
# Threads: 1 thread, will synchronize iterations
# Benchmark mode: Throughput, ops/time
# Benchmark: io.bluetape4k.protobuf.benchmark.ProtobufCodecBenchmark.redissonDecodeCompositeCompatibility
# Parameters: (matrixVersion = issue-757-v1, targetHeadroom = 32, targetStart = 3)

# Run progress: 0.00% complete, ETA 00:03:28
# Fork: 1 of 2
# Warmup Iteration   1: 2122689.448 ops/s
# Warmup Iteration   2: 2349274.770 ops/s
# Warmup Iteration   3: 2343341.570 ops/s
Iteration   1: 2337696.141 ops/s
                 gc.alloc.rate:      17666.805 MB/sec
                 gc.alloc.rate.norm: 8208.003 B/op
                 gc.count:           29.000 counts
                 gc.time:            18.000 ms

Iteration   2: 2314624.679 ops/s
                 gc.alloc.rate:      17519.075 MB/sec
                 gc.alloc.rate.norm: 8208.003 B/op
                 gc.count:           29.000 counts
                 gc.time:            19.000 ms

Iteration   3: 2341285.401 ops/s
                 gc.alloc.rate:      17688.552 MB/sec
                 gc.alloc.rate.norm: 8208.003 B/op
                 gc.count:           29.000 counts
                 gc.time:            18.000 ms

Iteration   4: 2317230.948 ops/s
                 gc.alloc.rate:      17529.187 MB/sec
                 gc.alloc.rate.norm: 8208.003 B/op
                 gc.count:           29.000 counts
                 gc.time:            18.000 ms

Iteration   5: 2331276.520 ops/s
                 gc.alloc.rate:      17615.398 MB/sec
                 gc.alloc.rate.norm: 8208.003 B/op
                 gc.count:           29.000 counts
                 gc.time:            19.000 ms


# Run progress: 3.85% complete, ETA 00:03:29
# Fork: 2 of 2
# Warmup Iteration   1: 2010183.440 ops/s
# Warmup Iteration   2: 2235532.699 ops/s
# Warmup Iteration   3: 2228824.589 ops/s
Iteration   1: 2202096.727 ops/s
                 gc.alloc.rate:      16720.498 MB/sec
                 gc.alloc.rate.norm: 8208.003 B/op
                 gc.count:           27.000 counts
                 gc.time:            17.000 ms

Iteration   2: 2131774.474 ops/s
                 gc.alloc.rate:      16168.168 MB/sec
                 gc.alloc.rate.norm: 8208.003 B/op
                 gc.count:           27.000 counts
                 gc.time:            29.000 ms

Iteration   3: 2229634.036 ops/s
                 gc.alloc.rate:      16890.897 MB/sec
                 gc.alloc.rate.norm: 8208.003 B/op
                 gc.count:           27.000 counts
                 gc.time:            16.000 ms

Iteration   4: 2173116.023 ops/s
                 gc.alloc.rate:      16474.788 MB/sec
                 gc.alloc.rate.norm: 8208.003 B/op
                 gc.count:           28.000 counts
                 gc.time:            20.000 ms

Iteration   5: 2145211.685 ops/s
                 gc.alloc.rate:      16237.844 MB/sec
                 gc.alloc.rate.norm: 8208.003 B/op
                 gc.count:           26.000 counts
                 gc.time:            23.000 ms



Result "io.bluetape4k.protobuf.benchmark.ProtobufCodecBenchmark.redissonDecodeCompositeCompatibility":
  2252394.663 ±(99.9%) 128331.885 ops/s [Average]
  (min, avg, max) = (2131774.474, 2252394.663, 2341285.401), stdev = 84883.596
  CI (99.9%): [2124062.779, 2380726.548] (assumes normal distribution)

Secondary result "io.bluetape4k.protobuf.benchmark.ProtobufCodecBenchmark.redissonDecodeCompositeCompatibility:gc.alloc.rate":
  17051.121 ±(99.9%) 937.337 MB/sec [Average]
  (min, avg, max) = (16168.168, 17051.121, 17688.552), stdev = 619.990
  CI (99.9%): [16113.785, 17988.458] (assumes normal distribution)

Secondary result "io.bluetape4k.protobuf.benchmark.ProtobufCodecBenchmark.redissonDecodeCompositeCompatibility:gc.alloc.rate.norm":
  8208.003 ±(99.9%) 0.001 B/op [Average]
  (min, avg, max) = (8208.003, 8208.003, 8208.003), stdev = 0.001
  CI (99.9%): [8208.003, 8208.003] (assumes normal distribution)

Secondary result "io.bluetape4k.protobuf.benchmark.ProtobufCodecBenchmark.redissonDecodeCompositeCompatibility:gc.count":
  280.000 ±(99.9%) 0.001 counts [Sum]
  (min, avg, max) = (26.000, 28.000, 29.000), stdev = 1.155
  CI (99.9%): [280.000, 280.000] (assumes normal distribution)

Secondary result "io.bluetape4k.protobuf.benchmark.ProtobufCodecBenchmark.redissonDecodeCompositeCompatibility:gc.time":
  197.000 ±(99.9%) 0.001 ms [Sum]
  (min, avg, max) = (16.000, 19.700, 29.000), stdev = 3.773
  CI (99.9%): [197.000, 197.000] (assumes normal distribution)


# JMH version: 1.37
# VM version: JDK 21.0.11, OpenJDK 64-Bit Server VM, 21.0.11
# VM invoker: /opt/homebrew/Cellar/openjdk@21/21.0.11/libexec/openjdk.jdk/Contents/Home/bin/java
# VM options: -Xms1g -Xmx1g -XX:+UseG1GC
# Blackhole mode: compiler (auto-detected, use -Djmh.blackhole.autoDetect=false to disable)
# Warmup: 3 iterations, 1 s each
# Measurement: 5 iterations, 1 s each
# Timeout: 10 min per iteration
# Threads: 1 thread, will synchronize iterations
# Benchmark mode: Throughput, ops/time
# Benchmark: io.bluetape4k.protobuf.benchmark.ProtobufCodecBenchmark.redissonDecodeContiguousOptimized
# Parameters: (matrixVersion = issue-757-v1, targetHeadroom = 32, targetStart = 3)

# Run progress: 7.69% complete, ETA 00:03:20
# Fork: 1 of 2
# Warmup Iteration   1: 2275344.901 ops/s
# Warmup Iteration   2: 2765069.343 ops/s
# Warmup Iteration   3: 2790991.740 ops/s
Iteration   1: 2911052.686 ops/s
                 gc.alloc.rate:      14681.638 MB/sec
                 gc.alloc.rate.norm: 5512.002 B/op
                 gc.count:           24.000 counts
                 gc.time:            17.000 ms

Iteration   2: 2623668.516 ops/s
                 gc.alloc.rate:      13245.873 MB/sec
                 gc.alloc.rate.norm: 5512.003 B/op
                 gc.count:           22.000 counts
                 gc.time:            22.000 ms

Iteration   3: 2794277.712 ops/s
                 gc.alloc.rate:      14096.822 MB/sec
                 gc.alloc.rate.norm: 5512.003 B/op
                 gc.count:           23.000 counts
                 gc.time:            17.000 ms

Iteration   4: 2958449.433 ops/s
                 gc.alloc.rate:      14858.842 MB/sec
                 gc.alloc.rate.norm: 5512.002 B/op
                 gc.count:           24.000 counts
                 gc.time:            17.000 ms

Iteration   5: 2939233.728 ops/s
                 gc.alloc.rate:      14810.463 MB/sec
                 gc.alloc.rate.norm: 5512.002 B/op
                 gc.count:           25.000 counts
                 gc.time:            16.000 ms


# Run progress: 11.54% complete, ETA 00:03:12
# Fork: 2 of 2
# Warmup Iteration   1: 2756934.927 ops/s
# Warmup Iteration   2: 3057304.209 ops/s
# Warmup Iteration   3: 3006768.507 ops/s
Iteration   1: 3082350.614 ops/s
                 gc.alloc.rate:      15412.321 MB/sec
                 gc.alloc.rate.norm: 5512.002 B/op
                 gc.count:           26.000 counts
                 gc.time:            19.000 ms

Iteration   2: 3070586.737 ops/s
                 gc.alloc.rate:      15356.450 MB/sec
                 gc.alloc.rate.norm: 5512.002 B/op
                 gc.count:           25.000 counts
                 gc.time:            17.000 ms

Iteration   3: 3096419.145 ops/s
                 gc.alloc.rate:      15494.271 MB/sec
                 gc.alloc.rate.norm: 5512.002 B/op
                 gc.count:           26.000 counts
                 gc.time:            17.000 ms

Iteration   4: 3070319.105 ops/s
                 gc.alloc.rate:      15354.005 MB/sec
                 gc.alloc.rate.norm: 5512.002 B/op
                 gc.count:           25.000 counts
                 gc.time:            17.000 ms

Iteration   5: 3084660.201 ops/s
                 gc.alloc.rate:      15437.813 MB/sec
                 gc.alloc.rate.norm: 5512.002 B/op
                 gc.count:           25.000 counts
                 gc.time:            17.000 ms



Result "io.bluetape4k.protobuf.benchmark.ProtobufCodecBenchmark.redissonDecodeContiguousOptimized":
  2963101.788 ±(99.9%) 234668.615 ops/s [Average]
  (min, avg, max) = (2623668.516, 2963101.788, 3096419.145), stdev = 155218.759
  CI (99.9%): [2728433.173, 3197770.402] (assumes normal distribution)

Secondary result "io.bluetape4k.protobuf.benchmark.ProtobufCodecBenchmark.redissonDecodeContiguousOptimized:gc.alloc.rate":
  14874.850 ±(99.9%) 1098.528 MB/sec [Average]
  (min, avg, max) = (13245.873, 14874.850, 15494.271), stdev = 726.609
  CI (99.9%): [13776.321, 15973.378] (assumes normal distribution)

Secondary result "io.bluetape4k.protobuf.benchmark.ProtobufCodecBenchmark.redissonDecodeContiguousOptimized:gc.alloc.rate.norm":
  5512.002 ±(99.9%) 0.001 B/op [Average]
  (min, avg, max) = (5512.002, 5512.002, 5512.003), stdev = 0.001
  CI (99.9%): [5512.002, 5512.003] (assumes normal distribution)

Secondary result "io.bluetape4k.protobuf.benchmark.ProtobufCodecBenchmark.redissonDecodeContiguousOptimized:gc.count":
  245.000 ±(99.9%) 0.001 counts [Sum]
  (min, avg, max) = (22.000, 24.500, 26.000), stdev = 1.269
  CI (99.9%): [245.000, 245.000] (assumes normal distribution)

Secondary result "io.bluetape4k.protobuf.benchmark.ProtobufCodecBenchmark.redissonDecodeContiguousOptimized:gc.time":
  176.000 ±(99.9%) 0.001 ms [Sum]
  (min, avg, max) = (16.000, 17.600, 22.000), stdev = 1.713
  CI (99.9%): [176.000, 176.000] (assumes normal distribution)


# JMH version: 1.37
# VM version: JDK 21.0.11, OpenJDK 64-Bit Server VM, 21.0.11
# VM invoker: /opt/homebrew/Cellar/openjdk@21/21.0.11/libexec/openjdk.jdk/Contents/Home/bin/java
# VM options: -Xms1g -Xmx1g -XX:+UseG1GC
# Blackhole mode: compiler (auto-detected, use -Djmh.blackhole.autoDetect=false to disable)
# Warmup: 3 iterations, 1 s each
# Measurement: 5 iterations, 1 s each
# Timeout: 10 min per iteration
# Threads: 1 thread, will synchronize iterations
# Benchmark mode: Throughput, ops/time
# Benchmark: io.bluetape4k.protobuf.benchmark.ProtobufCodecBenchmark.redissonDecodeCopiedByteArray
# Parameters: (matrixVersion = issue-757-v1, targetHeadroom = 32, targetStart = 3)

# Run progress: 15.38% complete, ETA 00:03:04
# Fork: 1 of 2
# Warmup Iteration   1: 2308646.322 ops/s
# Warmup Iteration   2: 2620917.268 ops/s
# Warmup Iteration   3: 2603470.419 ops/s
Iteration   1: 2587792.947 ops/s
                 gc.alloc.rate:      18127.701 MB/sec
                 gc.alloc.rate.norm: 7680.003 B/op
                 gc.count:           30.000 counts
                 gc.time:            20.000 ms

Iteration   2: 2595822.452 ops/s
                 gc.alloc.rate:      18192.150 MB/sec
                 gc.alloc.rate.norm: 7680.003 B/op
                 gc.count:           30.000 counts
                 gc.time:            20.000 ms

Iteration   3: 2590180.230 ops/s
                 gc.alloc.rate:      18140.674 MB/sec
                 gc.alloc.rate.norm: 7680.003 B/op
                 gc.count:           30.000 counts
                 gc.time:            20.000 ms

Iteration   4: 2638223.846 ops/s
                 gc.alloc.rate:      18465.053 MB/sec
                 gc.alloc.rate.norm: 7680.003 B/op
                 gc.count:           30.000 counts
                 gc.time:            20.000 ms

Iteration   5: 2548318.630 ops/s
                 gc.alloc.rate:      18114.615 MB/sec
                 gc.alloc.rate.norm: 7680.003 B/op
                 gc.count:           30.000 counts
                 gc.time:            20.000 ms


# Run progress: 19.23% complete, ETA 00:02:56
# Fork: 2 of 2
# Warmup Iteration   1: 2413904.919 ops/s
# Warmup Iteration   2: 2541611.191 ops/s
# Warmup Iteration   3: 2535664.492 ops/s
Iteration   1: 2523119.178 ops/s
                 gc.alloc.rate:      17974.529 MB/sec
                 gc.alloc.rate.norm: 7680.003 B/op
                 gc.count:           30.000 counts
                 gc.time:            21.000 ms

Iteration   2: 2521918.663 ops/s
                 gc.alloc.rate:      17975.078 MB/sec
                 gc.alloc.rate.norm: 7680.003 B/op
                 gc.count:           29.000 counts
                 gc.time:            21.000 ms

Iteration   3: 2418357.984 ops/s
                 gc.alloc.rate:      17213.822 MB/sec
                 gc.alloc.rate.norm: 7680.003 B/op
                 gc.count:           29.000 counts
                 gc.time:            20.000 ms

Iteration   4: 2517347.537 ops/s
                 gc.alloc.rate:      17918.988 MB/sec
                 gc.alloc.rate.norm: 7680.003 B/op
                 gc.count:           29.000 counts
                 gc.time:            20.000 ms

Iteration   5: 2381605.493 ops/s
                 gc.alloc.rate:      16954.342 MB/sec
                 gc.alloc.rate.norm: 7680.003 B/op
                 gc.count:           28.000 counts
                 gc.time:            26.000 ms



Result "io.bluetape4k.protobuf.benchmark.ProtobufCodecBenchmark.redissonDecodeCopiedByteArray":
  2532268.696 ±(99.9%) 121418.438 ops/s [Average]
  (min, avg, max) = (2381605.493, 2532268.696, 2638223.846), stdev = 80310.779
  CI (99.9%): [2410850.258, 2653687.134] (assumes normal distribution)

Secondary result "io.bluetape4k.protobuf.benchmark.ProtobufCodecBenchmark.redissonDecodeCopiedByteArray:gc.alloc.rate":
  17907.695 ±(99.9%) 701.297 MB/sec [Average]
  (min, avg, max) = (16954.342, 17907.695, 18465.053), stdev = 463.865
  CI (99.9%): [17206.398, 18608.993] (assumes normal distribution)

Secondary result "io.bluetape4k.protobuf.benchmark.ProtobufCodecBenchmark.redissonDecodeCopiedByteArray:gc.alloc.rate.norm":
  7680.003 ±(99.9%) 0.001 B/op [Average]
  (min, avg, max) = (7680.003, 7680.003, 7680.003), stdev = 0.001
  CI (99.9%): [7680.003, 7680.003] (assumes normal distribution)

Secondary result "io.bluetape4k.protobuf.benchmark.ProtobufCodecBenchmark.redissonDecodeCopiedByteArray:gc.count":
  295.000 ±(99.9%) 0.001 counts [Sum]
  (min, avg, max) = (28.000, 29.500, 30.000), stdev = 0.707
  CI (99.9%): [295.000, 295.000] (assumes normal distribution)

Secondary result "io.bluetape4k.protobuf.benchmark.ProtobufCodecBenchmark.redissonDecodeCopiedByteArray:gc.time":
  208.000 ±(99.9%) 0.001 ms [Sum]
  (min, avg, max) = (20.000, 20.800, 26.000), stdev = 1.874
  CI (99.9%): [208.000, 208.000] (assumes normal distribution)


# JMH version: 1.37
# VM version: JDK 21.0.11, OpenJDK 64-Bit Server VM, 21.0.11
# VM invoker: /opt/homebrew/Cellar/openjdk@21/21.0.11/libexec/openjdk.jdk/Contents/Home/bin/java
# VM options: -Xms1g -Xmx1g -XX:+UseG1GC
# Blackhole mode: compiler (auto-detected, use -Djmh.blackhole.autoDetect=false to disable)
# Warmup: 3 iterations, 1 s each
# Measurement: 5 iterations, 1 s each
# Timeout: 10 min per iteration
# Threads: 1 thread, will synchronize iterations
# Benchmark mode: Throughput, ops/time
# Benchmark: io.bluetape4k.protobuf.benchmark.ProtobufCodecBenchmark.serializerDecodeByteArray
# Parameters: (matrixVersion = issue-757-v1, targetHeadroom = 32, targetStart = 3)

# Run progress: 23.08% complete, ETA 00:02:47
# Fork: 1 of 2
# Warmup Iteration   1: 2664229.250 ops/s
# Warmup Iteration   2: 2701130.565 ops/s
# Warmup Iteration   3: 2638132.795 ops/s
Iteration   1: 2589265.721 ops/s
                 gc.alloc.rate:      12861.551 MB/sec
                 gc.alloc.rate.norm: 5408.003 B/op
                 gc.count:           21.000 counts
                 gc.time:            16.000 ms

Iteration   2: 2746156.461 ops/s
                 gc.alloc.rate:      13633.201 MB/sec
                 gc.alloc.rate.norm: 5408.003 B/op
                 gc.count:           23.000 counts
                 gc.time:            17.000 ms

Iteration   3: 2773850.192 ops/s
                 gc.alloc.rate:      13767.166 MB/sec
                 gc.alloc.rate.norm: 5408.003 B/op
                 gc.count:           22.000 counts
                 gc.time:            16.000 ms

Iteration   4: 2789543.269 ops/s
                 gc.alloc.rate:      13865.164 MB/sec
                 gc.alloc.rate.norm: 5408.003 B/op
                 gc.count:           23.000 counts
                 gc.time:            15.000 ms

Iteration   5: 2806231.170 ops/s
                 gc.alloc.rate:      13961.157 MB/sec
                 gc.alloc.rate.norm: 5408.003 B/op
                 gc.count:           23.000 counts
                 gc.time:            15.000 ms


# Run progress: 26.92% complete, ETA 00:02:39
# Fork: 2 of 2
# Warmup Iteration   1: 2805502.516 ops/s
# Warmup Iteration   2: 2731725.053 ops/s
# Warmup Iteration   3: 2755542.101 ops/s
Iteration   1: 2697560.827 ops/s
                 gc.alloc.rate:      13328.985 MB/sec
                 gc.alloc.rate.norm: 5408.003 B/op
                 gc.count:           22.000 counts
                 gc.time:            15.000 ms

Iteration   2: 2801194.908 ops/s
                 gc.alloc.rate:      13877.680 MB/sec
                 gc.alloc.rate.norm: 5408.003 B/op
                 gc.count:           23.000 counts
                 gc.time:            15.000 ms

Iteration   3: 2783551.737 ops/s
                 gc.alloc.rate:      13780.195 MB/sec
                 gc.alloc.rate.norm: 5408.003 B/op
                 gc.count:           23.000 counts
                 gc.time:            14.000 ms

Iteration   4: 2811067.456 ops/s
                 gc.alloc.rate:      13925.634 MB/sec
                 gc.alloc.rate.norm: 5408.003 B/op
                 gc.count:           23.000 counts
                 gc.time:            15.000 ms

Iteration   5: 2780672.917 ops/s
                 gc.alloc.rate:      13760.777 MB/sec
                 gc.alloc.rate.norm: 5408.003 B/op
                 gc.count:           23.000 counts
                 gc.time:            16.000 ms



Result "io.bluetape4k.protobuf.benchmark.ProtobufCodecBenchmark.serializerDecodeByteArray":
  2757909.466 ±(99.9%) 102892.350 ops/s [Average]
  (min, avg, max) = (2589265.721, 2757909.466, 2811067.456), stdev = 68056.919
  CI (99.9%): [2655017.116, 2860801.815] (assumes normal distribution)

Secondary result "io.bluetape4k.protobuf.benchmark.ProtobufCodecBenchmark.serializerDecodeByteArray:gc.alloc.rate":
  13676.151 ±(99.9%) 511.958 MB/sec [Average]
  (min, avg, max) = (12861.551, 13676.151, 13961.157), stdev = 338.629
  CI (99.9%): [13164.193, 14188.109] (assumes normal distribution)

Secondary result "io.bluetape4k.protobuf.benchmark.ProtobufCodecBenchmark.serializerDecodeByteArray:gc.alloc.rate.norm":
  5408.003 ±(99.9%) 0.001 B/op [Average]
  (min, avg, max) = (5408.003, 5408.003, 5408.003), stdev = 0.001
  CI (99.9%): [5408.002, 5408.003] (assumes normal distribution)

Secondary result "io.bluetape4k.protobuf.benchmark.ProtobufCodecBenchmark.serializerDecodeByteArray:gc.count":
  226.000 ±(99.9%) 0.001 counts [Sum]
  (min, avg, max) = (21.000, 22.600, 23.000), stdev = 0.699
  CI (99.9%): [226.000, 226.000] (assumes normal distribution)

Secondary result "io.bluetape4k.protobuf.benchmark.ProtobufCodecBenchmark.serializerDecodeByteArray:gc.time":
  154.000 ±(99.9%) 0.001 ms [Sum]
  (min, avg, max) = (14.000, 15.400, 17.000), stdev = 0.843
  CI (99.9%): [154.000, 154.000] (assumes normal distribution)


# JMH version: 1.37
# VM version: JDK 21.0.11, OpenJDK 64-Bit Server VM, 21.0.11
# VM invoker: /opt/homebrew/Cellar/openjdk@21/21.0.11/libexec/openjdk.jdk/Contents/Home/bin/java
# VM options: -Xms1g -Xmx1g -XX:+UseG1GC
# Blackhole mode: compiler (auto-detected, use -Djmh.blackhole.autoDetect=false to disable)
# Warmup: 3 iterations, 1 s each
# Measurement: 5 iterations, 1 s each
# Timeout: 10 min per iteration
# Threads: 1 thread, will synchronize iterations
# Benchmark mode: Throughput, ops/time
# Benchmark: io.bluetape4k.protobuf.benchmark.ProtobufCodecBenchmark.serializerDecodeDirectOptimized
# Parameters: (matrixVersion = issue-757-v1, targetHeadroom = 32, targetStart = 3)

# Run progress: 30.77% complete, ETA 00:02:30
# Fork: 1 of 2
# Warmup Iteration   1: 2238622.895 ops/s
# Warmup Iteration   2: 2247435.905 ops/s
# Warmup Iteration   3: 2241486.157 ops/s
Iteration   1: 2260369.413 ops/s
                 gc.alloc.rate:      16076.051 MB/sec
                 gc.alloc.rate.norm: 7688.003 B/op
                 gc.count:           27.000 counts
                 gc.time:            17.000 ms

Iteration   2: 2242088.472 ops/s
                 gc.alloc.rate:      15942.224 MB/sec
                 gc.alloc.rate.norm: 7688.003 B/op
                 gc.count:           26.000 counts
                 gc.time:            17.000 ms

Iteration   3: 2251489.883 ops/s
                 gc.alloc.rate:      16011.588 MB/sec
                 gc.alloc.rate.norm: 7688.003 B/op
                 gc.count:           26.000 counts
                 gc.time:            17.000 ms

Iteration   4: 2247690.649 ops/s
                 gc.alloc.rate:      15986.346 MB/sec
                 gc.alloc.rate.norm: 7688.003 B/op
                 gc.count:           27.000 counts
                 gc.time:            17.000 ms

Iteration   5: 2252419.799 ops/s
                 gc.alloc.rate:      16017.320 MB/sec
                 gc.alloc.rate.norm: 7688.003 B/op
                 gc.count:           26.000 counts
                 gc.time:            16.000 ms


# Run progress: 34.62% complete, ETA 00:02:22
# Fork: 2 of 2
# Warmup Iteration   1: 2254842.017 ops/s
# Warmup Iteration   2: 2283232.020 ops/s
# Warmup Iteration   3: 2291593.036 ops/s
Iteration   1: 2265540.115 ops/s
                 gc.alloc.rate:      16124.004 MB/sec
                 gc.alloc.rate.norm: 7688.003 B/op
                 gc.count:           26.000 counts
                 gc.time:            17.000 ms

Iteration   2: 2296851.835 ops/s
                 gc.alloc.rate:      16343.734 MB/sec
                 gc.alloc.rate.norm: 7688.003 B/op
                 gc.count:           27.000 counts
                 gc.time:            18.000 ms

Iteration   3: 2288058.730 ops/s
                 gc.alloc.rate:      16281.351 MB/sec
                 gc.alloc.rate.norm: 7688.003 B/op
                 gc.count:           27.000 counts
                 gc.time:            18.000 ms

Iteration   4: 2268858.437 ops/s
                 gc.alloc.rate:      16150.022 MB/sec
                 gc.alloc.rate.norm: 7688.003 B/op
                 gc.count:           27.000 counts
                 gc.time:            17.000 ms

Iteration   5: 2310343.836 ops/s
                 gc.alloc.rate:      16437.594 MB/sec
                 gc.alloc.rate.norm: 7688.003 B/op
                 gc.count:           27.000 counts
                 gc.time:            17.000 ms



Result "io.bluetape4k.protobuf.benchmark.ProtobufCodecBenchmark.serializerDecodeDirectOptimized":
  2268371.117 ±(99.9%) 34514.751 ops/s [Average]
  (min, avg, max) = (2242088.472, 2268371.117, 2310343.836), stdev = 22829.371
  CI (99.9%): [2233856.365, 2302885.868] (assumes normal distribution)

Secondary result "io.bluetape4k.protobuf.benchmark.ProtobufCodecBenchmark.serializerDecodeDirectOptimized:gc.alloc.rate":
  16137.023 ±(99.9%) 251.306 MB/sec [Average]
  (min, avg, max) = (15942.224, 16137.023, 16437.594), stdev = 166.223
  CI (99.9%): [15885.717, 16388.329] (assumes normal distribution)

Secondary result "io.bluetape4k.protobuf.benchmark.ProtobufCodecBenchmark.serializerDecodeDirectOptimized:gc.alloc.rate.norm":
  7688.003 ±(99.9%) 0.001 B/op [Average]
  (min, avg, max) = (7688.003, 7688.003, 7688.003), stdev = 0.001
  CI (99.9%): [7688.003, 7688.003] (assumes normal distribution)

Secondary result "io.bluetape4k.protobuf.benchmark.ProtobufCodecBenchmark.serializerDecodeDirectOptimized:gc.count":
  266.000 ±(99.9%) 0.001 counts [Sum]
  (min, avg, max) = (26.000, 26.600, 27.000), stdev = 0.516
  CI (99.9%): [266.000, 266.000] (assumes normal distribution)

Secondary result "io.bluetape4k.protobuf.benchmark.ProtobufCodecBenchmark.serializerDecodeDirectOptimized:gc.time":
  171.000 ±(99.9%) 0.001 ms [Sum]
  (min, avg, max) = (16.000, 17.100, 18.000), stdev = 0.568
  CI (99.9%): [171.000, 171.000] (assumes normal distribution)


# JMH version: 1.37
# VM version: JDK 21.0.11, OpenJDK 64-Bit Server VM, 21.0.11
# VM invoker: /opt/homebrew/Cellar/openjdk@21/21.0.11/libexec/openjdk.jdk/Contents/Home/bin/java
# VM options: -Xms1g -Xmx1g -XX:+UseG1GC
# Blackhole mode: compiler (auto-detected, use -Djmh.blackhole.autoDetect=false to disable)
# Warmup: 3 iterations, 1 s each
# Measurement: 5 iterations, 1 s each
# Timeout: 10 min per iteration
# Threads: 1 thread, will synchronize iterations
# Benchmark mode: Throughput, ops/time
# Benchmark: io.bluetape4k.protobuf.benchmark.ProtobufCodecBenchmark.serializerDecodeHeapOptimized
# Parameters: (matrixVersion = issue-757-v1, targetHeadroom = 32, targetStart = 3)

# Run progress: 38.46% complete, ETA 00:02:13
# Fork: 1 of 2
# Warmup Iteration   1: 2239166.530 ops/s
# Warmup Iteration   2: 2065485.658 ops/s
# Warmup Iteration   3: 2074329.413 ops/s
Iteration   1: 2059608.107 ops/s
                 gc.alloc.rate:      14684.386 MB/sec
                 gc.alloc.rate.norm: 7688.003 B/op
                 gc.count:           24.000 counts
                 gc.time:            15.000 ms

Iteration   2: 2072956.976 ops/s
                 gc.alloc.rate:      14783.760 MB/sec
                 gc.alloc.rate.norm: 7688.003 B/op
                 gc.count:           25.000 counts
                 gc.time:            17.000 ms

Iteration   3: 2067072.208 ops/s
                 gc.alloc.rate:      14740.599 MB/sec
                 gc.alloc.rate.norm: 7688.003 B/op
                 gc.count:           24.000 counts
                 gc.time:            16.000 ms

Iteration   4: 2067609.936 ops/s
                 gc.alloc.rate:      14742.225 MB/sec
                 gc.alloc.rate.norm: 7688.003 B/op
                 gc.count:           24.000 counts
                 gc.time:            15.000 ms

Iteration   5: 2087327.960 ops/s
                 gc.alloc.rate:      14886.981 MB/sec
                 gc.alloc.rate.norm: 7688.003 B/op
                 gc.count:           25.000 counts
                 gc.time:            16.000 ms


# Run progress: 42.31% complete, ETA 00:02:05
# Fork: 2 of 2
# Warmup Iteration   1: 2259774.277 ops/s
# Warmup Iteration   2: 2212719.578 ops/s
# Warmup Iteration   3: 2227684.077 ops/s
Iteration   1: 2232510.673 ops/s
                 gc.alloc.rate:      15891.286 MB/sec
                 gc.alloc.rate.norm: 7688.003 B/op
                 gc.count:           26.000 counts
                 gc.time:            17.000 ms

Iteration   2: 2218936.490 ops/s
                 gc.alloc.rate:      15789.600 MB/sec
                 gc.alloc.rate.norm: 7688.003 B/op
                 gc.count:           26.000 counts
                 gc.time:            17.000 ms

Iteration   3: 2249660.084 ops/s
                 gc.alloc.rate:      16021.500 MB/sec
                 gc.alloc.rate.norm: 7688.003 B/op
                 gc.count:           26.000 counts
                 gc.time:            17.000 ms

Iteration   4: 2247832.425 ops/s
                 gc.alloc.rate:      16003.859 MB/sec
                 gc.alloc.rate.norm: 7688.003 B/op
                 gc.count:           27.000 counts
                 gc.time:            17.000 ms

Iteration   5: 2257425.654 ops/s
                 gc.alloc.rate:      16075.049 MB/sec
                 gc.alloc.rate.norm: 7688.003 B/op
                 gc.count:           26.000 counts
                 gc.time:            17.000 ms



Result "io.bluetape4k.protobuf.benchmark.ProtobufCodecBenchmark.serializerDecodeHeapOptimized":
  2156094.051 ±(99.9%) 137026.614 ops/s [Average]
  (min, avg, max) = (2059608.107, 2156094.051, 2257425.654), stdev = 90634.621
  CI (99.9%): [2019067.438, 2293120.665] (assumes normal distribution)

Secondary result "io.bluetape4k.protobuf.benchmark.ProtobufCodecBenchmark.serializerDecodeHeapOptimized:gc.alloc.rate":
  15361.924 ±(99.9%) 957.214 MB/sec [Average]
  (min, avg, max) = (14684.386, 15361.924, 16075.049), stdev = 633.138
  CI (99.9%): [14404.710, 16319.138] (assumes normal distribution)

Secondary result "io.bluetape4k.protobuf.benchmark.ProtobufCodecBenchmark.serializerDecodeHeapOptimized:gc.alloc.rate.norm":
  7688.003 ±(99.9%) 0.001 B/op [Average]
  (min, avg, max) = (7688.003, 7688.003, 7688.003), stdev = 0.001
  CI (99.9%): [7688.003, 7688.003] (assumes normal distribution)

Secondary result "io.bluetape4k.protobuf.benchmark.ProtobufCodecBenchmark.serializerDecodeHeapOptimized:gc.count":
  253.000 ±(99.9%) 0.001 counts [Sum]
  (min, avg, max) = (24.000, 25.300, 27.000), stdev = 1.059
  CI (99.9%): [253.000, 253.000] (assumes normal distribution)

Secondary result "io.bluetape4k.protobuf.benchmark.ProtobufCodecBenchmark.serializerDecodeHeapOptimized:gc.time":
  164.000 ±(99.9%) 0.001 ms [Sum]
  (min, avg, max) = (15.000, 16.400, 17.000), stdev = 0.843
  CI (99.9%): [164.000, 164.000] (assumes normal distribution)


# JMH version: 1.37
# VM version: JDK 21.0.11, OpenJDK 64-Bit Server VM, 21.0.11
# VM invoker: /opt/homebrew/Cellar/openjdk@21/21.0.11/libexec/openjdk.jdk/Contents/Home/bin/java
# VM options: -Xms1g -Xmx1g -XX:+UseG1GC
# Blackhole mode: compiler (auto-detected, use -Djmh.blackhole.autoDetect=false to disable)
# Warmup: 3 iterations, 1 s each
# Measurement: 5 iterations, 1 s each
# Timeout: 10 min per iteration
# Threads: 1 thread, will synchronize iterations
# Benchmark mode: Throughput, ops/time
# Benchmark: io.bluetape4k.protobuf.benchmark.ProtobufCodecBenchmark.serializerEncodeByteArray
# Parameters: (matrixVersion = issue-757-v1, targetHeadroom = 32, targetStart = 3)

# Run progress: 46.15% complete, ETA 00:01:57
# Fork: 1 of 2
# Warmup Iteration   1: 3723567.840 ops/s
# Warmup Iteration   2: 3951859.845 ops/s
# Warmup Iteration   3: 4021236.921 ops/s
Iteration   1: 4057606.682 ops/s
                 gc.alloc.rate:      24907.562 MB/sec
                 gc.alloc.rate.norm: 6976.002 B/op
                 gc.count:           40.000 counts
                 gc.time:            25.000 ms

Iteration   2: 3978330.837 ops/s
                 gc.alloc.rate:      24508.031 MB/sec
                 gc.alloc.rate.norm: 6976.002 B/op
                 gc.count:           41.000 counts
                 gc.time:            26.000 ms

Iteration   3: 4023466.805 ops/s
                 gc.alloc.rate:      24733.337 MB/sec
                 gc.alloc.rate.norm: 6976.002 B/op
                 gc.count:           40.000 counts
                 gc.time:            25.000 ms

Iteration   4: 4000267.560 ops/s
                 gc.alloc.rate:      24616.069 MB/sec
                 gc.alloc.rate.norm: 6976.002 B/op
                 gc.count:           41.000 counts
                 gc.time:            26.000 ms

Iteration   5: 3966429.904 ops/s
                 gc.alloc.rate:      24419.341 MB/sec
                 gc.alloc.rate.norm: 6976.002 B/op
                 gc.count:           40.000 counts
                 gc.time:            26.000 ms


# Run progress: 50.00% complete, ETA 00:01:48
# Fork: 2 of 2
# Warmup Iteration   1: 3649108.132 ops/s
# Warmup Iteration   2: 3907095.988 ops/s
# Warmup Iteration   3: 3925419.602 ops/s
Iteration   1: 3891578.040 ops/s
                 gc.alloc.rate:      23883.573 MB/sec
                 gc.alloc.rate.norm: 6976.002 B/op
                 gc.count:           40.000 counts
                 gc.time:            30.000 ms

Iteration   2: 3805384.621 ops/s
                 gc.alloc.rate:      23885.573 MB/sec
                 gc.alloc.rate.norm: 6976.002 B/op
                 gc.count:           39.000 counts
                 gc.time:            28.000 ms

Iteration   3: 4011432.545 ops/s
                 gc.alloc.rate:      24624.055 MB/sec
                 gc.alloc.rate.norm: 6976.002 B/op
                 gc.count:           40.000 counts
                 gc.time:            28.000 ms

Iteration   4: 4004613.532 ops/s
                 gc.alloc.rate:      24580.948 MB/sec
                 gc.alloc.rate.norm: 6976.002 B/op
                 gc.count:           41.000 counts
                 gc.time:            29.000 ms

Iteration   5: 3972719.610 ops/s
                 gc.alloc.rate:      24517.929 MB/sec
                 gc.alloc.rate.norm: 6976.002 B/op
                 gc.count:           40.000 counts
                 gc.time:            25.000 ms



Result "io.bluetape4k.protobuf.benchmark.ProtobufCodecBenchmark.serializerEncodeByteArray":
  3971183.014 ±(99.9%) 110051.355 ops/s [Average]
  (min, avg, max) = (3805384.621, 3971183.014, 4057606.682), stdev = 72792.158
  CI (99.9%): [3861131.658, 4081234.369] (assumes normal distribution)

Secondary result "io.bluetape4k.protobuf.benchmark.ProtobufCodecBenchmark.serializerEncodeByteArray:gc.alloc.rate":
  24467.642 ±(99.9%) 506.439 MB/sec [Average]
  (min, avg, max) = (23883.573, 24467.642, 24907.562), stdev = 334.978
  CI (99.9%): [23961.203, 24974.080] (assumes normal distribution)

Secondary result "io.bluetape4k.protobuf.benchmark.ProtobufCodecBenchmark.serializerEncodeByteArray:gc.alloc.rate.norm":
  6976.002 ±(99.9%) 0.001 B/op [Average]
  (min, avg, max) = (6976.002, 6976.002, 6976.002), stdev = 0.001
  CI (99.9%): [6976.002, 6976.002] (assumes normal distribution)

Secondary result "io.bluetape4k.protobuf.benchmark.ProtobufCodecBenchmark.serializerEncodeByteArray:gc.count":
  402.000 ±(99.9%) 0.001 counts [Sum]
  (min, avg, max) = (39.000, 40.200, 41.000), stdev = 0.632
  CI (99.9%): [402.000, 402.000] (assumes normal distribution)

Secondary result "io.bluetape4k.protobuf.benchmark.ProtobufCodecBenchmark.serializerEncodeByteArray:gc.time":
  268.000 ±(99.9%) 0.001 ms [Sum]
  (min, avg, max) = (25.000, 26.800, 30.000), stdev = 1.814
  CI (99.9%): [268.000, 268.000] (assumes normal distribution)


# JMH version: 1.37
# VM version: JDK 21.0.11, OpenJDK 64-Bit Server VM, 21.0.11
# VM invoker: /opt/homebrew/Cellar/openjdk@21/21.0.11/libexec/openjdk.jdk/Contents/Home/bin/java
# VM options: -Xms1g -Xmx1g -XX:+UseG1GC
# Blackhole mode: compiler (auto-detected, use -Djmh.blackhole.autoDetect=false to disable)
# Warmup: 3 iterations, 1 s each
# Measurement: 5 iterations, 1 s each
# Timeout: 10 min per iteration
# Threads: 1 thread, will synchronize iterations
# Benchmark mode: Throughput, ops/time
# Benchmark: io.bluetape4k.protobuf.benchmark.ProtobufCodecBenchmark.serializerEncodeDirectOptimized
# Parameters: (matrixVersion = issue-757-v1, targetHeadroom = 32, targetStart = 3)

# Run progress: 53.85% complete, ETA 00:01:40
# Fork: 1 of 2
# Warmup Iteration   1: 3457786.779 ops/s
# Warmup Iteration   2: 3585219.715 ops/s
# Warmup Iteration   3: 3576229.588 ops/s
Iteration   1: 3672710.623 ops/s
                 gc.alloc.rate:      15930.803 MB/sec
                 gc.alloc.rate.norm: 4832.002 B/op
                 gc.count:           27.000 counts
                 gc.time:            17.000 ms

Iteration   2: 3591970.209 ops/s
                 gc.alloc.rate:      15600.554 MB/sec
                 gc.alloc.rate.norm: 4832.002 B/op
                 gc.count:           26.000 counts
                 gc.time:            18.000 ms

Iteration   3: 3671296.292 ops/s
                 gc.alloc.rate:      15920.967 MB/sec
                 gc.alloc.rate.norm: 4832.002 B/op
                 gc.count:           26.000 counts
                 gc.time:            16.000 ms

Iteration   4: 3677639.328 ops/s
                 gc.alloc.rate:      15947.689 MB/sec
                 gc.alloc.rate.norm: 4832.002 B/op
                 gc.count:           26.000 counts
                 gc.time:            17.000 ms

Iteration   5: 3681011.486 ops/s
                 gc.alloc.rate:      15967.204 MB/sec
                 gc.alloc.rate.norm: 4832.002 B/op
                 gc.count:           26.000 counts
                 gc.time:            18.000 ms


# Run progress: 57.69% complete, ETA 00:01:31
# Fork: 2 of 2
# Warmup Iteration   1: 3366346.699 ops/s
# Warmup Iteration   2: 3661890.636 ops/s
# Warmup Iteration   3: 3682034.270 ops/s
Iteration   1: 3650782.626 ops/s
                 gc.alloc.rate:      15818.916 MB/sec
                 gc.alloc.rate.norm: 4832.002 B/op
                 gc.count:           26.000 counts
                 gc.time:            17.000 ms

Iteration   2: 3689396.895 ops/s
                 gc.alloc.rate:      15997.941 MB/sec
                 gc.alloc.rate.norm: 4832.002 B/op
                 gc.count:           26.000 counts
                 gc.time:            17.000 ms

Iteration   3: 3717672.144 ops/s
                 gc.alloc.rate:      16109.626 MB/sec
                 gc.alloc.rate.norm: 4832.002 B/op
                 gc.count:           27.000 counts
                 gc.time:            17.000 ms

Iteration   4: 3636992.985 ops/s
                 gc.alloc.rate:      15757.527 MB/sec
                 gc.alloc.rate.norm: 4832.002 B/op
                 gc.count:           26.000 counts
                 gc.time:            16.000 ms

Iteration   5: 3685787.497 ops/s
                 gc.alloc.rate:      15985.123 MB/sec
                 gc.alloc.rate.norm: 4832.002 B/op
                 gc.count:           26.000 counts
                 gc.time:            17.000 ms



Result "io.bluetape4k.protobuf.benchmark.ProtobufCodecBenchmark.serializerEncodeDirectOptimized":
  3667526.008 ±(99.9%) 51818.884 ops/s [Average]
  (min, avg, max) = (3591970.209, 3667526.008, 3717672.144), stdev = 34274.983
  CI (99.9%): [3615707.124, 3719344.892] (assumes normal distribution)

Secondary result "io.bluetape4k.protobuf.benchmark.ProtobufCodecBenchmark.serializerEncodeDirectOptimized:gc.alloc.rate":
  15903.635 ±(99.9%) 216.974 MB/sec [Average]
  (min, avg, max) = (15600.554, 15903.635, 16109.626), stdev = 143.515
  CI (99.9%): [15686.661, 16120.610] (assumes normal distribution)

Secondary result "io.bluetape4k.protobuf.benchmark.ProtobufCodecBenchmark.serializerEncodeDirectOptimized:gc.alloc.rate.norm":
  4832.002 ±(99.9%) 0.001 B/op [Average]
  (min, avg, max) = (4832.002, 4832.002, 4832.002), stdev = 0.001
  CI (99.9%): [4832.002, 4832.002] (assumes normal distribution)

Secondary result "io.bluetape4k.protobuf.benchmark.ProtobufCodecBenchmark.serializerEncodeDirectOptimized:gc.count":
  262.000 ±(99.9%) 0.001 counts [Sum]
  (min, avg, max) = (26.000, 26.200, 27.000), stdev = 0.422
  CI (99.9%): [262.000, 262.000] (assumes normal distribution)

Secondary result "io.bluetape4k.protobuf.benchmark.ProtobufCodecBenchmark.serializerEncodeDirectOptimized:gc.time":
  170.000 ±(99.9%) 0.001 ms [Sum]
  (min, avg, max) = (16.000, 17.000, 18.000), stdev = 0.667
  CI (99.9%): [170.000, 170.000] (assumes normal distribution)


# JMH version: 1.37
# VM version: JDK 21.0.11, OpenJDK 64-Bit Server VM, 21.0.11
# VM invoker: /opt/homebrew/Cellar/openjdk@21/21.0.11/libexec/openjdk.jdk/Contents/Home/bin/java
# VM options: -Xms1g -Xmx1g -XX:+UseG1GC
# Blackhole mode: compiler (auto-detected, use -Djmh.blackhole.autoDetect=false to disable)
# Warmup: 3 iterations, 1 s each
# Measurement: 5 iterations, 1 s each
# Timeout: 10 min per iteration
# Threads: 1 thread, will synchronize iterations
# Benchmark mode: Throughput, ops/time
# Benchmark: io.bluetape4k.protobuf.benchmark.ProtobufCodecBenchmark.serializerEncodeHeapOptimized
# Parameters: (matrixVersion = issue-757-v1, targetHeadroom = 32, targetStart = 3)

# Run progress: 61.54% complete, ETA 00:01:23
# Fork: 1 of 2
# Warmup Iteration   1: 3545400.216 ops/s
# Warmup Iteration   2: 3704067.494 ops/s
# Warmup Iteration   3: 3758155.087 ops/s
Iteration   1: 3745727.195 ops/s
                 gc.alloc.rate:      16315.680 MB/sec
                 gc.alloc.rate.norm: 4784.002 B/op
                 gc.count:           26.000 counts
                 gc.time:            17.000 ms

Iteration   2: 3748393.656 ops/s
                 gc.alloc.rate:      16354.227 MB/sec
                 gc.alloc.rate.norm: 4784.002 B/op
                 gc.count:           28.000 counts
                 gc.time:            18.000 ms

Iteration   3: 3749926.947 ops/s
                 gc.alloc.rate:      16351.472 MB/sec
                 gc.alloc.rate.norm: 4784.002 B/op
                 gc.count:           27.000 counts
                 gc.time:            17.000 ms

Iteration   4: 3814867.510 ops/s
                 gc.alloc.rate:      16663.170 MB/sec
                 gc.alloc.rate.norm: 4784.002 B/op
                 gc.count:           27.000 counts
                 gc.time:            18.000 ms

Iteration   5: 3786856.514 ops/s
                 gc.alloc.rate:      16565.737 MB/sec
                 gc.alloc.rate.norm: 4784.002 B/op
                 gc.count:           28.000 counts
                 gc.time:            18.000 ms


# Run progress: 65.38% complete, ETA 00:01:15
# Fork: 2 of 2
# Warmup Iteration   1: 3430180.889 ops/s
# Warmup Iteration   2: 3696771.086 ops/s
# Warmup Iteration   3: 3738485.827 ops/s
Iteration   1: 3721385.539 ops/s
                 gc.alloc.rate:      16091.949 MB/sec
                 gc.alloc.rate.norm: 4784.002 B/op
                 gc.count:           26.000 counts
                 gc.time:            16.000 ms

Iteration   2: 3714192.075 ops/s
                 gc.alloc.rate:      16056.360 MB/sec
                 gc.alloc.rate.norm: 4784.002 B/op
                 gc.count:           27.000 counts
                 gc.time:            18.000 ms

Iteration   3: 3749655.486 ops/s
                 gc.alloc.rate:      16237.153 MB/sec
                 gc.alloc.rate.norm: 4784.002 B/op
                 gc.count:           27.000 counts
                 gc.time:            17.000 ms

Iteration   4: 3708403.360 ops/s
                 gc.alloc.rate:      16030.109 MB/sec
                 gc.alloc.rate.norm: 4784.002 B/op
                 gc.count:           26.000 counts
                 gc.time:            17.000 ms

Iteration   5: 3719945.701 ops/s
                 gc.alloc.rate:      16084.988 MB/sec
                 gc.alloc.rate.norm: 4784.002 B/op
                 gc.count:           27.000 counts
                 gc.time:            17.000 ms



Result "io.bluetape4k.protobuf.benchmark.ProtobufCodecBenchmark.serializerEncodeHeapOptimized":
  3745935.398 ±(99.9%) 50788.015 ops/s [Average]
  (min, avg, max) = (3708403.360, 3745935.398, 3814867.510), stdev = 33593.128
  CI (99.9%): [3695147.383, 3796723.414] (assumes normal distribution)

Secondary result "io.bluetape4k.protobuf.benchmark.ProtobufCodecBenchmark.serializerEncodeHeapOptimized:gc.alloc.rate":
  16275.085 ±(99.9%) 329.619 MB/sec [Average]
  (min, avg, max) = (16030.109, 16275.085, 16663.170), stdev = 218.022
  CI (99.9%): [15945.466, 16604.703] (assumes normal distribution)

Secondary result "io.bluetape4k.protobuf.benchmark.ProtobufCodecBenchmark.serializerEncodeHeapOptimized:gc.alloc.rate.norm":
  4784.002 ±(99.9%) 0.001 B/op [Average]
  (min, avg, max) = (4784.002, 4784.002, 4784.002), stdev = 0.001
  CI (99.9%): [4784.002, 4784.002] (assumes normal distribution)

Secondary result "io.bluetape4k.protobuf.benchmark.ProtobufCodecBenchmark.serializerEncodeHeapOptimized:gc.count":
  269.000 ±(99.9%) 0.001 counts [Sum]
  (min, avg, max) = (26.000, 26.900, 28.000), stdev = 0.738
  CI (99.9%): [269.000, 269.000] (assumes normal distribution)

Secondary result "io.bluetape4k.protobuf.benchmark.ProtobufCodecBenchmark.serializerEncodeHeapOptimized:gc.time":
  173.000 ±(99.9%) 0.001 ms [Sum]
  (min, avg, max) = (16.000, 17.300, 18.000), stdev = 0.675
  CI (99.9%): [173.000, 173.000] (assumes normal distribution)


# JMH version: 1.37
# VM version: JDK 21.0.11, OpenJDK 64-Bit Server VM, 21.0.11
# VM invoker: /opt/homebrew/Cellar/openjdk@21/21.0.11/libexec/openjdk.jdk/Contents/Home/bin/java
# VM options: -Xms1g -Xmx1g -XX:+UseG1GC
# Blackhole mode: compiler (auto-detected, use -Djmh.blackhole.autoDetect=false to disable)
# Warmup: 3 iterations, 1 s each
# Measurement: 5 iterations, 1 s each
# Timeout: 10 min per iteration
# Threads: 1 thread, will synchronize iterations
# Benchmark mode: Throughput, ops/time
# Benchmark: io.bluetape4k.protobuf.benchmark.ProtobufCodecBenchmark.trustedFallbackDecodeBufferCompatibility
# Parameters: (matrixVersion = issue-757-v1, targetHeadroom = 32, targetStart = 3)

# Run progress: 69.23% complete, ETA 00:01:06
# Fork: 1 of 2
# Warmup Iteration   1: 603433.085 ops/s
# Warmup Iteration   2: 679190.593 ops/s
# Warmup Iteration   3: 684620.680 ops/s
Iteration   1: 671496.505 ops/s
                 gc.alloc.rate:      3469.693 MB/sec
                 gc.alloc.rate.norm: 5472.010 B/op
                 gc.count:           6.000 counts
                 gc.time:            4.000 ms

Iteration   2: 684441.360 ops/s
                 gc.alloc.rate:      3537.275 MB/sec
                 gc.alloc.rate.norm: 5472.010 B/op
                 gc.count:           6.000 counts
                 gc.time:            4.000 ms

Iteration   3: 681692.394 ops/s
                 gc.alloc.rate:      3522.962 MB/sec
                 gc.alloc.rate.norm: 5472.010 B/op
                 gc.count:           5.000 counts
                 gc.time:            4.000 ms

Iteration   4: 677087.337 ops/s
                 gc.alloc.rate:      3498.998 MB/sec
                 gc.alloc.rate.norm: 5472.010 B/op
                 gc.count:           6.000 counts
                 gc.time:            4.000 ms

Iteration   5: 687037.655 ops/s
                 gc.alloc.rate:      3550.281 MB/sec
                 gc.alloc.rate.norm: 5472.010 B/op
                 gc.count:           6.000 counts
                 gc.time:            3.000 ms


# Run progress: 73.08% complete, ETA 00:00:58
# Fork: 2 of 2
# Warmup Iteration   1: 609017.439 ops/s
# Warmup Iteration   2: 689224.227 ops/s
# Warmup Iteration   3: 687825.715 ops/s
Iteration   1: 688461.501 ops/s
                 gc.alloc.rate:      3556.977 MB/sec
                 gc.alloc.rate.norm: 5472.010 B/op
                 gc.count:           6.000 counts
                 gc.time:            4.000 ms

Iteration   2: 687018.051 ops/s
                 gc.alloc.rate:      3549.531 MB/sec
                 gc.alloc.rate.norm: 5472.010 B/op
                 gc.count:           6.000 counts
                 gc.time:            4.000 ms

Iteration   3: 685498.136 ops/s
                 gc.alloc.rate:      3542.691 MB/sec
                 gc.alloc.rate.norm: 5472.010 B/op
                 gc.count:           6.000 counts
                 gc.time:            4.000 ms

Iteration   4: 687166.319 ops/s
                 gc.alloc.rate:      3550.900 MB/sec
                 gc.alloc.rate.norm: 5472.010 B/op
                 gc.count:           6.000 counts
                 gc.time:            4.000 ms

Iteration   5: 688372.213 ops/s
                 gc.alloc.rate:      3557.303 MB/sec
                 gc.alloc.rate.norm: 5472.010 B/op
                 gc.count:           5.000 counts
                 gc.time:            4.000 ms



Result "io.bluetape4k.protobuf.benchmark.ProtobufCodecBenchmark.trustedFallbackDecodeBufferCompatibility":
  683827.147 ±(99.9%) 8417.221 ops/s [Average]
  (min, avg, max) = (671496.505, 683827.147, 688461.501), stdev = 5567.471
  CI (99.9%): [675409.926, 692244.368] (assumes normal distribution)

Secondary result "io.bluetape4k.protobuf.benchmark.ProtobufCodecBenchmark.trustedFallbackDecodeBufferCompatibility:gc.alloc.rate":
  3533.661 ±(99.9%) 43.440 MB/sec [Average]
  (min, avg, max) = (3469.693, 3533.661, 3557.303), stdev = 28.733
  CI (99.9%): [3490.221, 3577.101] (assumes normal distribution)

Secondary result "io.bluetape4k.protobuf.benchmark.ProtobufCodecBenchmark.trustedFallbackDecodeBufferCompatibility:gc.alloc.rate.norm":
  5472.010 ±(99.9%) 0.001 B/op [Average]
  (min, avg, max) = (5472.010, 5472.010, 5472.010), stdev = 0.001
  CI (99.9%): [5472.010, 5472.010] (assumes normal distribution)

Secondary result "io.bluetape4k.protobuf.benchmark.ProtobufCodecBenchmark.trustedFallbackDecodeBufferCompatibility:gc.count":
  58.000 ±(99.9%) 0.001 counts [Sum]
  (min, avg, max) = (5.000, 5.800, 6.000), stdev = 0.422
  CI (99.9%): [58.000, 58.000] (assumes normal distribution)

Secondary result "io.bluetape4k.protobuf.benchmark.ProtobufCodecBenchmark.trustedFallbackDecodeBufferCompatibility:gc.time":
  39.000 ±(99.9%) 0.001 ms [Sum]
  (min, avg, max) = (3.000, 3.900, 4.000), stdev = 0.316
  CI (99.9%): [39.000, 39.000] (assumes normal distribution)


# JMH version: 1.37
# VM version: JDK 21.0.11, OpenJDK 64-Bit Server VM, 21.0.11
# VM invoker: /opt/homebrew/Cellar/openjdk@21/21.0.11/libexec/openjdk.jdk/Contents/Home/bin/java
# VM options: -Xms1g -Xmx1g -XX:+UseG1GC
# Blackhole mode: compiler (auto-detected, use -Djmh.blackhole.autoDetect=false to disable)
# Warmup: 3 iterations, 1 s each
# Measurement: 5 iterations, 1 s each
# Timeout: 10 min per iteration
# Threads: 1 thread, will synchronize iterations
# Benchmark mode: Throughput, ops/time
# Benchmark: io.bluetape4k.protobuf.benchmark.ProtobufCodecBenchmark.trustedFallbackDecodeByteArray
# Parameters: (matrixVersion = issue-757-v1, targetHeadroom = 32, targetStart = 3)

# Run progress: 76.92% complete, ETA 00:00:50
# Fork: 1 of 2
# Warmup Iteration   1: 640987.370 ops/s
# Warmup Iteration   2: 727540.426 ops/s
# Warmup Iteration   3: 723717.122 ops/s
Iteration   1: 725733.020 ops/s
                 gc.alloc.rate:      3332.983 MB/sec
                 gc.alloc.rate.norm: 4864.010 B/op
                 gc.count:           6.000 counts
                 gc.time:            4.000 ms

Iteration   2: 724940.775 ops/s
                 gc.alloc.rate:      3328.328 MB/sec
                 gc.alloc.rate.norm: 4864.010 B/op
                 gc.count:           5.000 counts
                 gc.time:            4.000 ms

Iteration   3: 730681.342 ops/s
                 gc.alloc.rate:      3354.361 MB/sec
                 gc.alloc.rate.norm: 4864.009 B/op
                 gc.count:           6.000 counts
                 gc.time:            4.000 ms

Iteration   4: 723944.663 ops/s
                 gc.alloc.rate:      3323.448 MB/sec
                 gc.alloc.rate.norm: 4864.010 B/op
                 gc.count:           5.000 counts
                 gc.time:            3.000 ms

Iteration   5: 727973.717 ops/s
                 gc.alloc.rate:      3341.934 MB/sec
                 gc.alloc.rate.norm: 4864.010 B/op
                 gc.count:           6.000 counts
                 gc.time:            4.000 ms


# Run progress: 80.77% complete, ETA 00:00:41
# Fork: 2 of 2
# Warmup Iteration   1: 661442.593 ops/s
# Warmup Iteration   2: 718372.287 ops/s
# Warmup Iteration   3: 727173.255 ops/s
Iteration   1: 719729.020 ops/s
                 gc.alloc.rate:      3305.346 MB/sec
                 gc.alloc.rate.norm: 4864.010 B/op
                 gc.count:           6.000 counts
                 gc.time:            4.000 ms

Iteration   2: 734472.609 ops/s
                 gc.alloc.rate:      3372.272 MB/sec
                 gc.alloc.rate.norm: 4864.009 B/op
                 gc.count:           5.000 counts
                 gc.time:            3.000 ms

Iteration   3: 729157.836 ops/s
                 gc.alloc.rate:      3348.151 MB/sec
                 gc.alloc.rate.norm: 4864.010 B/op
                 gc.count:           6.000 counts
                 gc.time:            5.000 ms

Iteration   4: 727932.939 ops/s
                 gc.alloc.rate:      3342.016 MB/sec
                 gc.alloc.rate.norm: 4864.009 B/op
                 gc.count:           5.000 counts
                 gc.time:            3.000 ms

Iteration   5: 732152.325 ops/s
                 gc.alloc.rate:      3361.151 MB/sec
                 gc.alloc.rate.norm: 4864.009 B/op
                 gc.count:           6.000 counts
                 gc.time:            4.000 ms



Result "io.bluetape4k.protobuf.benchmark.ProtobufCodecBenchmark.trustedFallbackDecodeByteArray":
  727671.825 ±(99.9%) 6491.951 ops/s [Average]
  (min, avg, max) = (719729.020, 727671.825, 734472.609), stdev = 4294.024
  CI (99.9%): [721179.873, 734163.776] (assumes normal distribution)

Secondary result "io.bluetape4k.protobuf.benchmark.ProtobufCodecBenchmark.trustedFallbackDecodeByteArray:gc.alloc.rate":
  3340.999 ±(99.9%) 29.470 MB/sec [Average]
  (min, avg, max) = (3305.346, 3340.999, 3372.272), stdev = 19.493
  CI (99.9%): [3311.529, 3370.469] (assumes normal distribution)

Secondary result "io.bluetape4k.protobuf.benchmark.ProtobufCodecBenchmark.trustedFallbackDecodeByteArray:gc.alloc.rate.norm":
  4864.010 ±(99.9%) 0.001 B/op [Average]
  (min, avg, max) = (4864.009, 4864.010, 4864.010), stdev = 0.001
  CI (99.9%): [4864.009, 4864.010] (assumes normal distribution)

Secondary result "io.bluetape4k.protobuf.benchmark.ProtobufCodecBenchmark.trustedFallbackDecodeByteArray:gc.count":
  56.000 ±(99.9%) 0.001 counts [Sum]
  (min, avg, max) = (5.000, 5.600, 6.000), stdev = 0.516
  CI (99.9%): [56.000, 56.000] (assumes normal distribution)

Secondary result "io.bluetape4k.protobuf.benchmark.ProtobufCodecBenchmark.trustedFallbackDecodeByteArray:gc.time":
  38.000 ±(99.9%) 0.001 ms [Sum]
  (min, avg, max) = (3.000, 3.800, 5.000), stdev = 0.632
  CI (99.9%): [38.000, 38.000] (assumes normal distribution)


# JMH version: 1.37
# VM version: JDK 21.0.11, OpenJDK 64-Bit Server VM, 21.0.11
# VM invoker: /opt/homebrew/Cellar/openjdk@21/21.0.11/libexec/openjdk.jdk/Contents/Home/bin/java
# VM options: -Xms1g -Xmx1g -XX:+UseG1GC
# Blackhole mode: compiler (auto-detected, use -Djmh.blackhole.autoDetect=false to disable)
# Warmup: 3 iterations, 1 s each
# Measurement: 5 iterations, 1 s each
# Timeout: 10 min per iteration
# Threads: 1 thread, will synchronize iterations
# Benchmark mode: Throughput, ops/time
# Benchmark: io.bluetape4k.protobuf.benchmark.ProtobufCodecBenchmark.trustedFallbackEncodeBufferCompatibility
# Parameters: (matrixVersion = issue-757-v1, targetHeadroom = 32, targetStart = 3)

# Run progress: 84.62% complete, ETA 00:00:33
# Fork: 1 of 2
# Warmup Iteration   1: 1481400.045 ops/s
# Warmup Iteration   2: 1636589.767 ops/s
# Warmup Iteration   3: 1607785.459 ops/s
Iteration   1: 1602279.473 ops/s
                 gc.alloc.rate:      1013.540 MB/sec
                 gc.alloc.rate.norm: 680.004 B/op
                 gc.count:           2.000 counts
                 gc.time:            1.000 ms

Iteration   2: 1618093.473 ops/s
                 gc.alloc.rate:      1022.925 MB/sec
                 gc.alloc.rate.norm: 680.004 B/op
                 gc.count:           2.000 counts
                 gc.time:            2.000 ms

Iteration   3: 1605786.806 ops/s
                 gc.alloc.rate:      1015.345 MB/sec
                 gc.alloc.rate.norm: 680.004 B/op
                 gc.count:           1.000 counts
                 gc.time:            1.000 ms

Iteration   4: 1616943.006 ops/s
                 gc.alloc.rate:      1021.770 MB/sec
                 gc.alloc.rate.norm: 680.004 B/op
                 gc.count:           2.000 counts
                 gc.time:            1.000 ms

Iteration   5: 1623989.462 ops/s
                 gc.alloc.rate:      1025.671 MB/sec
                 gc.alloc.rate.norm: 680.004 B/op
                 gc.count:           2.000 counts
                 gc.time:            1.000 ms


# Run progress: 88.46% complete, ETA 00:00:25
# Fork: 2 of 2
# Warmup Iteration   1: 1485420.476 ops/s
# Warmup Iteration   2: 1599919.151 ops/s
# Warmup Iteration   3: 1623352.922 ops/s
Iteration   1: 1606917.049 ops/s
                 gc.alloc.rate:      1016.380 MB/sec
                 gc.alloc.rate.norm: 680.004 B/op
                 gc.count:           2.000 counts
                 gc.time:            2.000 ms

Iteration   2: 1608396.218 ops/s
                 gc.alloc.rate:      1017.434 MB/sec
                 gc.alloc.rate.norm: 680.004 B/op
                 gc.count:           2.000 counts
                 gc.time:            1.000 ms

Iteration   3: 1619981.665 ops/s
                 gc.alloc.rate:      1024.427 MB/sec
                 gc.alloc.rate.norm: 680.004 B/op
                 gc.count:           1.000 counts
                 gc.time:            1.000 ms

Iteration   4: 1584663.344 ops/s
                 gc.alloc.rate:      1003.492 MB/sec
                 gc.alloc.rate.norm: 680.004 B/op
                 gc.count:           2.000 counts
                 gc.time:            1.000 ms

Iteration   5: 1609427.187 ops/s
                 gc.alloc.rate:      1017.400 MB/sec
                 gc.alloc.rate.norm: 680.004 B/op
                 gc.count:           2.000 counts
                 gc.time:            2.000 ms



Result "io.bluetape4k.protobuf.benchmark.ProtobufCodecBenchmark.trustedFallbackEncodeBufferCompatibility":
  1609647.769 ±(99.9%) 17011.781 ops/s [Average]
  (min, avg, max) = (1584663.344, 1609647.769, 1623989.462), stdev = 11252.240
  CI (99.9%): [1592635.987, 1626659.550] (assumes normal distribution)

Secondary result "io.bluetape4k.protobuf.benchmark.ProtobufCodecBenchmark.trustedFallbackEncodeBufferCompatibility:gc.alloc.rate":
  1017.838 ±(99.9%) 9.812 MB/sec [Average]
  (min, avg, max) = (1003.492, 1017.838, 1025.671), stdev = 6.490
  CI (99.9%): [1008.026, 1027.651] (assumes normal distribution)

Secondary result "io.bluetape4k.protobuf.benchmark.ProtobufCodecBenchmark.trustedFallbackEncodeBufferCompatibility:gc.alloc.rate.norm":
  680.004 ±(99.9%) 0.001 B/op [Average]
  (min, avg, max) = (680.004, 680.004, 680.004), stdev = 0.001
  CI (99.9%): [680.004, 680.004] (assumes normal distribution)

Secondary result "io.bluetape4k.protobuf.benchmark.ProtobufCodecBenchmark.trustedFallbackEncodeBufferCompatibility:gc.count":
  18.000 ±(99.9%) 0.001 counts [Sum]
  (min, avg, max) = (1.000, 1.800, 2.000), stdev = 0.422
  CI (99.9%): [18.000, 18.000] (assumes normal distribution)

Secondary result "io.bluetape4k.protobuf.benchmark.ProtobufCodecBenchmark.trustedFallbackEncodeBufferCompatibility:gc.time":
  13.000 ±(99.9%) 0.001 ms [Sum]
  (min, avg, max) = (1.000, 1.300, 2.000), stdev = 0.483
  CI (99.9%): [13.000, 13.000] (assumes normal distribution)


# JMH version: 1.37
# VM version: JDK 21.0.11, OpenJDK 64-Bit Server VM, 21.0.11
# VM invoker: /opt/homebrew/Cellar/openjdk@21/21.0.11/libexec/openjdk.jdk/Contents/Home/bin/java
# VM options: -Xms1g -Xmx1g -XX:+UseG1GC
# Blackhole mode: compiler (auto-detected, use -Djmh.blackhole.autoDetect=false to disable)
# Warmup: 3 iterations, 1 s each
# Measurement: 5 iterations, 1 s each
# Timeout: 10 min per iteration
# Threads: 1 thread, will synchronize iterations
# Benchmark mode: Throughput, ops/time
# Benchmark: io.bluetape4k.protobuf.benchmark.ProtobufCodecBenchmark.trustedFallbackEncodeByteArray
# Parameters: (matrixVersion = issue-757-v1, targetHeadroom = 32, targetStart = 3)

# Run progress: 92.31% complete, ETA 00:00:16
# Fork: 1 of 2
# Warmup Iteration   1: 1498738.249 ops/s
# Warmup Iteration   2: 1612879.971 ops/s
# Warmup Iteration   3: 1622527.085 ops/s
Iteration   1: 1591003.566 ops/s
                 gc.alloc.rate:      971.055 MB/sec
                 gc.alloc.rate.norm: 656.004 B/op
                 gc.count:           2.000 counts
                 gc.time:            1.000 ms

Iteration   2: 1615156.417 ops/s
                 gc.alloc.rate:      985.078 MB/sec
                 gc.alloc.rate.norm: 656.004 B/op
                 gc.count:           1.000 counts
                 gc.time:            1.000 ms

Iteration   3: 1617679.136 ops/s
                 gc.alloc.rate:      986.262 MB/sec
                 gc.alloc.rate.norm: 656.004 B/op
                 gc.count:           2.000 counts
                 gc.time:            1.000 ms

Iteration   4: 1612456.934 ops/s
                 gc.alloc.rate:      983.377 MB/sec
                 gc.alloc.rate.norm: 656.004 B/op
                 gc.count:           2.000 counts
                 gc.time:            2.000 ms

Iteration   5: 1620984.646 ops/s
                 gc.alloc.rate:      988.524 MB/sec
                 gc.alloc.rate.norm: 656.004 B/op
                 gc.count:           1.000 counts
                 gc.time:            ≈ 0 ms


# Run progress: 96.15% complete, ETA 00:00:08
# Fork: 2 of 2
# Warmup Iteration   1: 1497425.989 ops/s
# Warmup Iteration   2: 1618141.983 ops/s
# Warmup Iteration   3: 1623956.579 ops/s
Iteration   1: 1631782.606 ops/s
                 gc.alloc.rate:      994.515 MB/sec
                 gc.alloc.rate.norm: 656.004 B/op
                 gc.count:           2.000 counts
                 gc.time:            1.000 ms

Iteration   2: 1657319.388 ops/s
                 gc.alloc.rate:      1009.365 MB/sec
                 gc.alloc.rate.norm: 656.004 B/op
                 gc.count:           1.000 counts
                 gc.time:            1.000 ms

Iteration   3: 1628761.491 ops/s
                 gc.alloc.rate:      992.837 MB/sec
                 gc.alloc.rate.norm: 656.004 B/op
                 gc.count:           2.000 counts
                 gc.time:            1.000 ms

Iteration   4: 1616985.501 ops/s
                 gc.alloc.rate:      986.453 MB/sec
                 gc.alloc.rate.norm: 656.004 B/op
                 gc.count:           2.000 counts
                 gc.time:            2.000 ms

Iteration   5: 1633147.438 ops/s
                 gc.alloc.rate:      995.059 MB/sec
                 gc.alloc.rate.norm: 656.004 B/op
                 gc.count:           1.000 counts
                 gc.time:            ≈ 0 ms



Result "io.bluetape4k.protobuf.benchmark.ProtobufCodecBenchmark.trustedFallbackEncodeByteArray":
  1622527.712 ±(99.9%) 25961.556 ops/s [Average]
  (min, avg, max) = (1591003.566, 1622527.712, 1657319.388), stdev = 17171.962
  CI (99.9%): [1596566.156, 1648489.268] (assumes normal distribution)

Secondary result "io.bluetape4k.protobuf.benchmark.ProtobufCodecBenchmark.trustedFallbackEncodeByteArray:gc.alloc.rate":
  989.253 ±(99.9%) 14.943 MB/sec [Average]
  (min, avg, max) = (971.055, 989.253, 1009.365), stdev = 9.884
  CI (99.9%): [974.310, 1004.195] (assumes normal distribution)

Secondary result "io.bluetape4k.protobuf.benchmark.ProtobufCodecBenchmark.trustedFallbackEncodeByteArray:gc.alloc.rate.norm":
  656.004 ±(99.9%) 0.001 B/op [Average]
  (min, avg, max) = (656.004, 656.004, 656.004), stdev = 0.001
  CI (99.9%): [656.004, 656.004] (assumes normal distribution)

Secondary result "io.bluetape4k.protobuf.benchmark.ProtobufCodecBenchmark.trustedFallbackEncodeByteArray:gc.count":
  16.000 ±(99.9%) 0.001 counts [Sum]
  (min, avg, max) = (1.000, 1.600, 2.000), stdev = 0.516
  CI (99.9%): [16.000, 16.000] (assumes normal distribution)

Secondary result "io.bluetape4k.protobuf.benchmark.ProtobufCodecBenchmark.trustedFallbackEncodeByteArray:gc.time":
  10.000 ±(99.9%) 0.001 ms [Sum]
  (min, avg, max) = (≈ 0, 1.000, 2.000), stdev = 0.667
  CI (99.9%): [10.000, 10.000] (assumes normal distribution)


# Run complete. Total time: 00:03:37

REMEMBER: The numbers below are just data. To gain reusable insights, you need to follow up on
why the numbers are the way they are. Use profilers (see -prof, -lprof), design factorial
experiments, perform baseline and negative tests that provide experimental control, make sure
the benchmarking environment is safe on JVM/OS/HW level, ask for reviews from the domain experts.
Do not assume the numbers tell you what you want them to tell.

NOTE: Current JVM experimentally supports Compiler Blackholes, and they are in use. Please exercise
extra caution when trusting the results, look into the generated code to check the benchmark still
works, and factor in a small probability of new VM bugs. Additionally, while comparisons between
different JVMs are already problematic, the performance difference caused by different Blackhole
modes can be very significant. Please make sure you use the consistent Blackhole mode for comparisons.

Benchmark                                                                           (matrixVersion)  (targetHeadroom)  (targetStart)   Mode  Cnt        Score        Error   Units
ProtobufCodecBenchmark.redissonDecodeCompositeCompatibility                            issue-757-v1                32              3  thrpt   10  2252394.663 ± 128331.885   ops/s
ProtobufCodecBenchmark.redissonDecodeCompositeCompatibility:gc.alloc.rate              issue-757-v1                32              3  thrpt   10    17051.121 ±    937.337  MB/sec
ProtobufCodecBenchmark.redissonDecodeCompositeCompatibility:gc.alloc.rate.norm         issue-757-v1                32              3  thrpt   10     8208.003 ±      0.001    B/op
ProtobufCodecBenchmark.redissonDecodeCompositeCompatibility:gc.count                   issue-757-v1                32              3  thrpt   10      280.000               counts
ProtobufCodecBenchmark.redissonDecodeCompositeCompatibility:gc.time                    issue-757-v1                32              3  thrpt   10      197.000                   ms
ProtobufCodecBenchmark.redissonDecodeContiguousOptimized                               issue-757-v1                32              3  thrpt   10  2963101.788 ± 234668.615   ops/s
ProtobufCodecBenchmark.redissonDecodeContiguousOptimized:gc.alloc.rate                 issue-757-v1                32              3  thrpt   10    14874.850 ±   1098.528  MB/sec
ProtobufCodecBenchmark.redissonDecodeContiguousOptimized:gc.alloc.rate.norm            issue-757-v1                32              3  thrpt   10     5512.002 ±      0.001    B/op
ProtobufCodecBenchmark.redissonDecodeContiguousOptimized:gc.count                      issue-757-v1                32              3  thrpt   10      245.000               counts
ProtobufCodecBenchmark.redissonDecodeContiguousOptimized:gc.time                       issue-757-v1                32              3  thrpt   10      176.000                   ms
ProtobufCodecBenchmark.redissonDecodeCopiedByteArray                                   issue-757-v1                32              3  thrpt   10  2532268.696 ± 121418.438   ops/s
ProtobufCodecBenchmark.redissonDecodeCopiedByteArray:gc.alloc.rate                     issue-757-v1                32              3  thrpt   10    17907.695 ±    701.297  MB/sec
ProtobufCodecBenchmark.redissonDecodeCopiedByteArray:gc.alloc.rate.norm                issue-757-v1                32              3  thrpt   10     7680.003 ±      0.001    B/op
ProtobufCodecBenchmark.redissonDecodeCopiedByteArray:gc.count                          issue-757-v1                32              3  thrpt   10      295.000               counts
ProtobufCodecBenchmark.redissonDecodeCopiedByteArray:gc.time                           issue-757-v1                32              3  thrpt   10      208.000                   ms
ProtobufCodecBenchmark.serializerDecodeByteArray                                       issue-757-v1                32              3  thrpt   10  2757909.466 ± 102892.350   ops/s
ProtobufCodecBenchmark.serializerDecodeByteArray:gc.alloc.rate                         issue-757-v1                32              3  thrpt   10    13676.151 ±    511.958  MB/sec
ProtobufCodecBenchmark.serializerDecodeByteArray:gc.alloc.rate.norm                    issue-757-v1                32              3  thrpt   10     5408.003 ±      0.001    B/op
ProtobufCodecBenchmark.serializerDecodeByteArray:gc.count                              issue-757-v1                32              3  thrpt   10      226.000               counts
ProtobufCodecBenchmark.serializerDecodeByteArray:gc.time                               issue-757-v1                32              3  thrpt   10      154.000                   ms
ProtobufCodecBenchmark.serializerDecodeDirectOptimized                                 issue-757-v1                32              3  thrpt   10  2268371.117 ±  34514.751   ops/s
ProtobufCodecBenchmark.serializerDecodeDirectOptimized:gc.alloc.rate                   issue-757-v1                32              3  thrpt   10    16137.023 ±    251.306  MB/sec
ProtobufCodecBenchmark.serializerDecodeDirectOptimized:gc.alloc.rate.norm              issue-757-v1                32              3  thrpt   10     7688.003 ±      0.001    B/op
ProtobufCodecBenchmark.serializerDecodeDirectOptimized:gc.count                        issue-757-v1                32              3  thrpt   10      266.000               counts
ProtobufCodecBenchmark.serializerDecodeDirectOptimized:gc.time                         issue-757-v1                32              3  thrpt   10      171.000                   ms
ProtobufCodecBenchmark.serializerDecodeHeapOptimized                                   issue-757-v1                32              3  thrpt   10  2156094.051 ± 137026.614   ops/s
ProtobufCodecBenchmark.serializerDecodeHeapOptimized:gc.alloc.rate                     issue-757-v1                32              3  thrpt   10    15361.924 ±    957.214  MB/sec
ProtobufCodecBenchmark.serializerDecodeHeapOptimized:gc.alloc.rate.norm                issue-757-v1                32              3  thrpt   10     7688.003 ±      0.001    B/op
ProtobufCodecBenchmark.serializerDecodeHeapOptimized:gc.count                          issue-757-v1                32              3  thrpt   10      253.000               counts
ProtobufCodecBenchmark.serializerDecodeHeapOptimized:gc.time                           issue-757-v1                32              3  thrpt   10      164.000                   ms
ProtobufCodecBenchmark.serializerEncodeByteArray                                       issue-757-v1                32              3  thrpt   10  3971183.014 ± 110051.355   ops/s
ProtobufCodecBenchmark.serializerEncodeByteArray:gc.alloc.rate                         issue-757-v1                32              3  thrpt   10    24467.642 ±    506.439  MB/sec
ProtobufCodecBenchmark.serializerEncodeByteArray:gc.alloc.rate.norm                    issue-757-v1                32              3  thrpt   10     6976.002 ±      0.001    B/op
ProtobufCodecBenchmark.serializerEncodeByteArray:gc.count                              issue-757-v1                32              3  thrpt   10      402.000               counts
ProtobufCodecBenchmark.serializerEncodeByteArray:gc.time                               issue-757-v1                32              3  thrpt   10      268.000                   ms
ProtobufCodecBenchmark.serializerEncodeDirectOptimized                                 issue-757-v1                32              3  thrpt   10  3667526.008 ±  51818.884   ops/s
ProtobufCodecBenchmark.serializerEncodeDirectOptimized:gc.alloc.rate                   issue-757-v1                32              3  thrpt   10    15903.635 ±    216.974  MB/sec
ProtobufCodecBenchmark.serializerEncodeDirectOptimized:gc.alloc.rate.norm              issue-757-v1                32              3  thrpt   10     4832.002 ±      0.001    B/op
ProtobufCodecBenchmark.serializerEncodeDirectOptimized:gc.count                        issue-757-v1                32              3  thrpt   10      262.000               counts
ProtobufCodecBenchmark.serializerEncodeDirectOptimized:gc.time                         issue-757-v1                32              3  thrpt   10      170.000                   ms
ProtobufCodecBenchmark.serializerEncodeHeapOptimized                                   issue-757-v1                32              3  thrpt   10  3745935.398 ±  50788.015   ops/s
ProtobufCodecBenchmark.serializerEncodeHeapOptimized:gc.alloc.rate                     issue-757-v1                32              3  thrpt   10    16275.085 ±    329.619  MB/sec
ProtobufCodecBenchmark.serializerEncodeHeapOptimized:gc.alloc.rate.norm                issue-757-v1                32              3  thrpt   10     4784.002 ±      0.001    B/op
ProtobufCodecBenchmark.serializerEncodeHeapOptimized:gc.count                          issue-757-v1                32              3  thrpt   10      269.000               counts
ProtobufCodecBenchmark.serializerEncodeHeapOptimized:gc.time                           issue-757-v1                32              3  thrpt   10      173.000                   ms
ProtobufCodecBenchmark.trustedFallbackDecodeBufferCompatibility                        issue-757-v1                32              3  thrpt   10   683827.147 ±   8417.221   ops/s
ProtobufCodecBenchmark.trustedFallbackDecodeBufferCompatibility:gc.alloc.rate          issue-757-v1                32              3  thrpt   10     3533.661 ±     43.440  MB/sec
ProtobufCodecBenchmark.trustedFallbackDecodeBufferCompatibility:gc.alloc.rate.norm     issue-757-v1                32              3  thrpt   10     5472.010 ±      0.001    B/op
ProtobufCodecBenchmark.trustedFallbackDecodeBufferCompatibility:gc.count               issue-757-v1                32              3  thrpt   10       58.000               counts
ProtobufCodecBenchmark.trustedFallbackDecodeBufferCompatibility:gc.time                issue-757-v1                32              3  thrpt   10       39.000                   ms
ProtobufCodecBenchmark.trustedFallbackDecodeByteArray                                  issue-757-v1                32              3  thrpt   10   727671.825 ±   6491.951   ops/s
ProtobufCodecBenchmark.trustedFallbackDecodeByteArray:gc.alloc.rate                    issue-757-v1                32              3  thrpt   10     3340.999 ±     29.470  MB/sec
ProtobufCodecBenchmark.trustedFallbackDecodeByteArray:gc.alloc.rate.norm               issue-757-v1                32              3  thrpt   10     4864.010 ±      0.001    B/op
ProtobufCodecBenchmark.trustedFallbackDecodeByteArray:gc.count                         issue-757-v1                32              3  thrpt   10       56.000               counts
ProtobufCodecBenchmark.trustedFallbackDecodeByteArray:gc.time                          issue-757-v1                32              3  thrpt   10       38.000                   ms
ProtobufCodecBenchmark.trustedFallbackEncodeBufferCompatibility                        issue-757-v1                32              3  thrpt   10  1609647.769 ±  17011.781   ops/s
ProtobufCodecBenchmark.trustedFallbackEncodeBufferCompatibility:gc.alloc.rate          issue-757-v1                32              3  thrpt   10     1017.838 ±      9.812  MB/sec
ProtobufCodecBenchmark.trustedFallbackEncodeBufferCompatibility:gc.alloc.rate.norm     issue-757-v1                32              3  thrpt   10      680.004 ±      0.001    B/op
ProtobufCodecBenchmark.trustedFallbackEncodeBufferCompatibility:gc.count               issue-757-v1                32              3  thrpt   10       18.000               counts
ProtobufCodecBenchmark.trustedFallbackEncodeBufferCompatibility:gc.time                issue-757-v1                32              3  thrpt   10       13.000                   ms
ProtobufCodecBenchmark.trustedFallbackEncodeByteArray                                  issue-757-v1                32              3  thrpt   10  1622527.712 ±  25961.556   ops/s
ProtobufCodecBenchmark.trustedFallbackEncodeByteArray:gc.alloc.rate                    issue-757-v1                32              3  thrpt   10      989.253 ±     14.943  MB/sec
ProtobufCodecBenchmark.trustedFallbackEncodeByteArray:gc.alloc.rate.norm               issue-757-v1                32              3  thrpt   10      656.004 ±      0.001    B/op
ProtobufCodecBenchmark.trustedFallbackEncodeByteArray:gc.count                         issue-757-v1                32              3  thrpt   10       16.000               counts
ProtobufCodecBenchmark.trustedFallbackEncodeByteArray:gc.time                          issue-757-v1                32              3  thrpt   10       10.000                   ms

Benchmark result is saved to /Users/debop/work/bluetape4k/bluetape4k-projects/.worktrees/feat-issue-757-protobuf-buffer-core/benchmark/protobuf-codec-benchmark/build/issue-757-evidence/run-20260718T194015.848425Z-931b7876/jmh.json
exit_code=0
