# JMH version: 1.37
# VM version: JDK 21.0.11, OpenJDK 64-Bit Server VM, 21.0.11
# VM invoker: /opt/homebrew/Cellar/openjdk@21/21.0.11/libexec/openjdk.jdk/Contents/Home/bin/java
# VM options: -Xms1g -Xmx1g -XX:+UseG1GC
# Blackhole mode: compiler (auto-detected, use -Djmh.blackhole.autoDetect=false to disable)
# Warmup: 3 iterations, 1 s each
# Measurement: 5 iterations, 1 s each
# Timeout: 10 min per iteration
# Threads: 1 thread, will synchronize iterations
# Benchmark mode: Throughput, ops/time
# Benchmark: io.bluetape4k.protobuf.benchmark.ProtobufCodecBenchmark.redissonDecodeCompositeCompatibility
# Parameters: (matrixVersion = issue-757-v1, targetHeadroom = 32, targetStart = 3)

# Run progress: 0.00% complete, ETA 00:03:28
# Fork: 1 of 2
# Warmup Iteration   1: 2011539.916 ops/s
# Warmup Iteration   2: 2309029.119 ops/s
# Warmup Iteration   3: 2313840.875 ops/s
Iteration   1: 2274061.710 ops/s
                 gc.alloc.rate:      17262.083 MB/sec
                 gc.alloc.rate.norm: 8208.003 B/op
                 gc.count:           28.000 counts
                 gc.time:            18.000 ms

Iteration   2: 2243779.877 ops/s
                 gc.alloc.rate:      17038.326 MB/sec
                 gc.alloc.rate.norm: 8208.003 B/op
                 gc.count:           28.000 counts
                 gc.time:            20.000 ms

Iteration   3: 2243190.898 ops/s
                 gc.alloc.rate:      17025.426 MB/sec
                 gc.alloc.rate.norm: 8208.003 B/op
                 gc.count:           28.000 counts
                 gc.time:            20.000 ms

Iteration   4: 2006197.101 ops/s
                 gc.alloc.rate:      15259.304 MB/sec
                 gc.alloc.rate.norm: 8208.004 B/op
                 gc.count:           25.000 counts
                 gc.time:            21.000 ms

Iteration   5: 2275834.070 ops/s
                 gc.alloc.rate:      17277.927 MB/sec
                 gc.alloc.rate.norm: 8208.003 B/op
                 gc.count:           29.000 counts
                 gc.time:            20.000 ms


# Run progress: 3.85% complete, ETA 00:03:29
# Fork: 2 of 2
# Warmup Iteration   1: 1981972.270 ops/s
# Warmup Iteration   2: 2243618.611 ops/s
# Warmup Iteration   3: 2040992.986 ops/s
Iteration   1: 2186952.076 ops/s
                 gc.alloc.rate:      16611.524 MB/sec
                 gc.alloc.rate.norm: 8208.003 B/op
                 gc.count:           28.000 counts
                 gc.time:            22.000 ms

Iteration   2: 2250766.381 ops/s
                 gc.alloc.rate:      17090.307 MB/sec
                 gc.alloc.rate.norm: 8208.003 B/op
                 gc.count:           28.000 counts
                 gc.time:            19.000 ms

Iteration   3: 2298569.709 ops/s
                 gc.alloc.rate:      17457.066 MB/sec
                 gc.alloc.rate.norm: 8208.003 B/op
                 gc.count:           28.000 counts
                 gc.time:            18.000 ms

Iteration   4: 2290366.182 ops/s
                 gc.alloc.rate:      17401.833 MB/sec
                 gc.alloc.rate.norm: 8208.003 B/op
                 gc.count:           29.000 counts
                 gc.time:            19.000 ms

Iteration   5: 2297571.419 ops/s
                 gc.alloc.rate:      17441.618 MB/sec
                 gc.alloc.rate.norm: 8208.003 B/op
                 gc.count:           29.000 counts
                 gc.time:            18.000 ms



Result "io.bluetape4k.protobuf.benchmark.ProtobufCodecBenchmark.redissonDecodeCompositeCompatibility":
  2236728.942 ±(99.9%) 132604.793 ops/s [Average]
  (min, avg, max) = (2006197.101, 2236728.942, 2298569.709), stdev = 87709.860
  CI (99.9%): [2104124.150, 2369333.735] (assumes normal distribution)

Secondary result "io.bluetape4k.protobuf.benchmark.ProtobufCodecBenchmark.redissonDecodeCompositeCompatibility:gc.alloc.rate":
  16986.541 ±(99.9%) 995.320 MB/sec [Average]
  (min, avg, max) = (15259.304, 16986.541, 17457.066), stdev = 658.342
  CI (99.9%): [15991.222, 17981.861] (assumes normal distribution)

Secondary result "io.bluetape4k.protobuf.benchmark.ProtobufCodecBenchmark.redissonDecodeCompositeCompatibility:gc.alloc.rate.norm":
  8208.003 ±(99.9%) 0.001 B/op [Average]
  (min, avg, max) = (8208.003, 8208.003, 8208.004), stdev = 0.001
  CI (99.9%): [8208.003, 8208.003] (assumes normal distribution)

Secondary result "io.bluetape4k.protobuf.benchmark.ProtobufCodecBenchmark.redissonDecodeCompositeCompatibility:gc.count":
  280.000 ±(99.9%) 0.001 counts [Sum]
  (min, avg, max) = (25.000, 28.000, 29.000), stdev = 1.155
  CI (99.9%): [280.000, 280.000] (assumes normal distribution)

Secondary result "io.bluetape4k.protobuf.benchmark.ProtobufCodecBenchmark.redissonDecodeCompositeCompatibility:gc.time":
  195.000 ±(99.9%) 0.001 ms [Sum]
  (min, avg, max) = (18.000, 19.500, 22.000), stdev = 1.354
  CI (99.9%): [195.000, 195.000] (assumes normal distribution)


# JMH version: 1.37
# VM version: JDK 21.0.11, OpenJDK 64-Bit Server VM, 21.0.11
# VM invoker: /opt/homebrew/Cellar/openjdk@21/21.0.11/libexec/openjdk.jdk/Contents/Home/bin/java
# VM options: -Xms1g -Xmx1g -XX:+UseG1GC
# Blackhole mode: compiler (auto-detected, use -Djmh.blackhole.autoDetect=false to disable)
# Warmup: 3 iterations, 1 s each
# Measurement: 5 iterations, 1 s each
# Timeout: 10 min per iteration
# Threads: 1 thread, will synchronize iterations
# Benchmark mode: Throughput, ops/time
# Benchmark: io.bluetape4k.protobuf.benchmark.ProtobufCodecBenchmark.redissonDecodeContiguousOptimized
# Parameters: (matrixVersion = issue-757-v1, targetHeadroom = 32, targetStart = 3)

# Run progress: 7.69% complete, ETA 00:03:20
# Fork: 1 of 2
# Warmup Iteration   1: 2777073.421 ops/s
# Warmup Iteration   2: 3081421.629 ops/s
# Warmup Iteration   3: 3112788.608 ops/s
Iteration   1: 3138179.851 ops/s
                 gc.alloc.rate:      15714.696 MB/sec
                 gc.alloc.rate.norm: 5512.002 B/op
                 gc.count:           26.000 counts
                 gc.time:            18.000 ms

Iteration   2: 3082953.872 ops/s
                 gc.alloc.rate:      15423.932 MB/sec
                 gc.alloc.rate.norm: 5512.002 B/op
                 gc.count:           26.000 counts
                 gc.time:            17.000 ms

Iteration   3: 3094995.126 ops/s
                 gc.alloc.rate:      15485.499 MB/sec
                 gc.alloc.rate.norm: 5512.002 B/op
                 gc.count:           25.000 counts
                 gc.time:            16.000 ms

Iteration   4: 3153469.587 ops/s
                 gc.alloc.rate:      15787.471 MB/sec
                 gc.alloc.rate.norm: 5512.002 B/op
                 gc.count:           26.000 counts
                 gc.time:            16.000 ms

Iteration   5: 3156615.581 ops/s
                 gc.alloc.rate:      15789.860 MB/sec
                 gc.alloc.rate.norm: 5512.002 B/op
                 gc.count:           26.000 counts
                 gc.time:            17.000 ms


# Run progress: 11.54% complete, ETA 00:03:12
# Fork: 2 of 2
# Warmup Iteration   1: 2917721.633 ops/s
# Warmup Iteration   2: 3158171.741 ops/s
# Warmup Iteration   3: 3170981.154 ops/s
Iteration   1: 3189402.188 ops/s
                 gc.alloc.rate:      16068.831 MB/sec
                 gc.alloc.rate.norm: 5512.002 B/op
                 gc.count:           27.000 counts
                 gc.time:            18.000 ms

Iteration   2: 3196322.551 ops/s
                 gc.alloc.rate:      16067.821 MB/sec
                 gc.alloc.rate.norm: 5512.002 B/op
                 gc.count:           26.000 counts
                 gc.time:            16.000 ms

Iteration   3: 3160584.032 ops/s
                 gc.alloc.rate:      15888.616 MB/sec
                 gc.alloc.rate.norm: 5512.002 B/op
                 gc.count:           26.000 counts
                 gc.time:            17.000 ms

Iteration   4: 3167275.092 ops/s
                 gc.alloc.rate:      15926.248 MB/sec
                 gc.alloc.rate.norm: 5512.002 B/op
                 gc.count:           27.000 counts
                 gc.time:            17.000 ms

Iteration   5: 3128004.953 ops/s
                 gc.alloc.rate:      15726.076 MB/sec
                 gc.alloc.rate.norm: 5512.002 B/op
                 gc.count:           25.000 counts
                 gc.time:            16.000 ms



Result "io.bluetape4k.protobuf.benchmark.ProtobufCodecBenchmark.redissonDecodeContiguousOptimized":
  3146780.283 ±(99.9%) 55675.038 ops/s [Average]
  (min, avg, max) = (3082953.872, 3146780.283, 3196322.551), stdev = 36825.591
  CI (99.9%): [3091105.245, 3202455.322] (assumes normal distribution)

Secondary result "io.bluetape4k.protobuf.benchmark.ProtobufCodecBenchmark.redissonDecodeContiguousOptimized:gc.alloc.rate":
  15787.905 ±(99.9%) 326.469 MB/sec [Average]
  (min, avg, max) = (15423.932, 15787.905, 16068.831), stdev = 215.939
  CI (99.9%): [15461.437, 16114.374] (assumes normal distribution)

Secondary result "io.bluetape4k.protobuf.benchmark.ProtobufCodecBenchmark.redissonDecodeContiguousOptimized:gc.alloc.rate.norm":
  5512.002 ±(99.9%) 0.001 B/op [Average]
  (min, avg, max) = (5512.002, 5512.002, 5512.002), stdev = 0.001
  CI (99.9%): [5512.002, 5512.002] (assumes normal distribution)

Secondary result "io.bluetape4k.protobuf.benchmark.ProtobufCodecBenchmark.redissonDecodeContiguousOptimized:gc.count":
  260.000 ±(99.9%) 0.001 counts [Sum]
  (min, avg, max) = (25.000, 26.000, 27.000), stdev = 0.667
  CI (99.9%): [260.000, 260.000] (assumes normal distribution)

Secondary result "io.bluetape4k.protobuf.benchmark.ProtobufCodecBenchmark.redissonDecodeContiguousOptimized:gc.time":
  168.000 ±(99.9%) 0.001 ms [Sum]
  (min, avg, max) = (16.000, 16.800, 18.000), stdev = 0.789
  CI (99.9%): [168.000, 168.000] (assumes normal distribution)


# JMH version: 1.37
# VM version: JDK 21.0.11, OpenJDK 64-Bit Server VM, 21.0.11
# VM invoker: /opt/homebrew/Cellar/openjdk@21/21.0.11/libexec/openjdk.jdk/Contents/Home/bin/java
# VM options: -Xms1g -Xmx1g -XX:+UseG1GC
# Blackhole mode: compiler (auto-detected, use -Djmh.blackhole.autoDetect=false to disable)
# Warmup: 3 iterations, 1 s each
# Measurement: 5 iterations, 1 s each
# Timeout: 10 min per iteration
# Threads: 1 thread, will synchronize iterations
# Benchmark mode: Throughput, ops/time
# Benchmark: io.bluetape4k.protobuf.benchmark.ProtobufCodecBenchmark.redissonDecodeCopiedByteArray
# Parameters: (matrixVersion = issue-757-v1, targetHeadroom = 32, targetStart = 3)

# Run progress: 15.38% complete, ETA 00:03:03
# Fork: 1 of 2
# Warmup Iteration   1: 2437358.398 ops/s
# Warmup Iteration   2: 2617769.439 ops/s
# Warmup Iteration   3: 2609204.152 ops/s
Iteration   1: 2602033.277 ops/s
                 gc.alloc.rate:      18321.253 MB/sec
                 gc.alloc.rate.norm: 7680.003 B/op
                 gc.count:           30.000 counts
                 gc.time:            19.000 ms

Iteration   2: 2580100.003 ops/s
                 gc.alloc.rate:      18189.759 MB/sec
                 gc.alloc.rate.norm: 7680.003 B/op
                 gc.count:           30.000 counts
                 gc.time:            19.000 ms

Iteration   3: 2669522.681 ops/s
                 gc.alloc.rate:      18617.403 MB/sec
                 gc.alloc.rate.norm: 7680.003 B/op
                 gc.count:           31.000 counts
                 gc.time:            20.000 ms

Iteration   4: 2669225.012 ops/s
                 gc.alloc.rate:      18620.507 MB/sec
                 gc.alloc.rate.norm: 7680.003 B/op
                 gc.count:           30.000 counts
                 gc.time:            20.000 ms

Iteration   5: 2607165.200 ops/s
                 gc.alloc.rate:      18343.649 MB/sec
                 gc.alloc.rate.norm: 7680.003 B/op
                 gc.count:           30.000 counts
                 gc.time:            19.000 ms


# Run progress: 19.23% complete, ETA 00:02:55
# Fork: 2 of 2
# Warmup Iteration   1: 2464897.145 ops/s
# Warmup Iteration   2: 2672558.855 ops/s
# Warmup Iteration   3: 2703856.851 ops/s
Iteration   1: 2714666.406 ops/s
                 gc.alloc.rate:      18977.221 MB/sec
                 gc.alloc.rate.norm: 7680.003 B/op
                 gc.count:           31.000 counts
                 gc.time:            20.000 ms

Iteration   2: 2702182.938 ops/s
                 gc.alloc.rate:      18897.775 MB/sec
                 gc.alloc.rate.norm: 7680.003 B/op
                 gc.count:           31.000 counts
                 gc.time:            20.000 ms

Iteration   3: 2700046.015 ops/s
                 gc.alloc.rate:      18890.968 MB/sec
                 gc.alloc.rate.norm: 7680.003 B/op
                 gc.count:           31.000 counts
                 gc.time:            20.000 ms

Iteration   4: 2726493.883 ops/s
                 gc.alloc.rate:      19069.216 MB/sec
                 gc.alloc.rate.norm: 7680.003 B/op
                 gc.count:           32.000 counts
                 gc.time:            20.000 ms

Iteration   5: 2742195.982 ops/s
                 gc.alloc.rate:      19178.701 MB/sec
                 gc.alloc.rate.norm: 7680.003 B/op
                 gc.count:           31.000 counts
                 gc.time:            20.000 ms



Result "io.bluetape4k.protobuf.benchmark.ProtobufCodecBenchmark.redissonDecodeCopiedByteArray":
  2671363.140 ±(99.9%) 85774.651 ops/s [Average]
  (min, avg, max) = (2580100.003, 2671363.140, 2742195.982), stdev = 56734.621
  CI (99.9%): [2585588.488, 2757137.791] (assumes normal distribution)

Secondary result "io.bluetape4k.protobuf.benchmark.ProtobufCodecBenchmark.redissonDecodeCopiedByteArray:gc.alloc.rate":
  18710.645 ±(99.9%) 519.022 MB/sec [Average]
  (min, avg, max) = (18189.759, 18710.645, 19178.701), stdev = 343.301
  CI (99.9%): [18191.624, 19229.667] (assumes normal distribution)

Secondary result "io.bluetape4k.protobuf.benchmark.ProtobufCodecBenchmark.redissonDecodeCopiedByteArray:gc.alloc.rate.norm":
  7680.003 ±(99.9%) 0.001 B/op [Average]
  (min, avg, max) = (7680.003, 7680.003, 7680.003), stdev = 0.001
  CI (99.9%): [7680.003, 7680.003] (assumes normal distribution)

Secondary result "io.bluetape4k.protobuf.benchmark.ProtobufCodecBenchmark.redissonDecodeCopiedByteArray:gc.count":
  307.000 ±(99.9%) 0.001 counts [Sum]
  (min, avg, max) = (30.000, 30.700, 32.000), stdev = 0.675
  CI (99.9%): [307.000, 307.000] (assumes normal distribution)

Secondary result "io.bluetape4k.protobuf.benchmark.ProtobufCodecBenchmark.redissonDecodeCopiedByteArray:gc.time":
  197.000 ±(99.9%) 0.001 ms [Sum]
  (min, avg, max) = (19.000, 19.700, 20.000), stdev = 0.483
  CI (99.9%): [197.000, 197.000] (assumes normal distribution)


# JMH version: 1.37
# VM version: JDK 21.0.11, OpenJDK 64-Bit Server VM, 21.0.11
# VM invoker: /opt/homebrew/Cellar/openjdk@21/21.0.11/libexec/openjdk.jdk/Contents/Home/bin/java
# VM options: -Xms1g -Xmx1g -XX:+UseG1GC
# Blackhole mode: compiler (auto-detected, use -Djmh.blackhole.autoDetect=false to disable)
# Warmup: 3 iterations, 1 s each
# Measurement: 5 iterations, 1 s each
# Timeout: 10 min per iteration
# Threads: 1 thread, will synchronize iterations
# Benchmark mode: Throughput, ops/time
# Benchmark: io.bluetape4k.protobuf.benchmark.ProtobufCodecBenchmark.serializerDecodeByteArray
# Parameters: (matrixVersion = issue-757-v1, targetHeadroom = 32, targetStart = 3)

# Run progress: 23.08% complete, ETA 00:02:46
# Fork: 1 of 2
# Warmup Iteration   1: 2901938.492 ops/s
# Warmup Iteration   2: 2483539.586 ops/s
# Warmup Iteration   3: 2480688.373 ops/s
Iteration   1: 2488004.329 ops/s
                 gc.alloc.rate:      12317.273 MB/sec
                 gc.alloc.rate.norm: 5408.003 B/op
                 gc.count:           20.000 counts
                 gc.time:            14.000 ms

Iteration   2: 2504296.643 ops/s
                 gc.alloc.rate:      12396.284 MB/sec
                 gc.alloc.rate.norm: 5408.003 B/op
                 gc.count:           21.000 counts
                 gc.time:            14.000 ms

Iteration   3: 2482583.796 ops/s
                 gc.alloc.rate:      12295.113 MB/sec
                 gc.alloc.rate.norm: 5408.003 B/op
                 gc.count:           20.000 counts
                 gc.time:            13.000 ms

Iteration   4: 2496136.883 ops/s
                 gc.alloc.rate:      12360.244 MB/sec
                 gc.alloc.rate.norm: 5408.003 B/op
                 gc.count:           20.000 counts
                 gc.time:            13.000 ms

Iteration   5: 2482133.021 ops/s
                 gc.alloc.rate:      12292.266 MB/sec
                 gc.alloc.rate.norm: 5408.003 B/op
                 gc.count:           21.000 counts
                 gc.time:            14.000 ms


# Run progress: 26.92% complete, ETA 00:02:38
# Fork: 2 of 2
# Warmup Iteration   1: 2902909.149 ops/s
# Warmup Iteration   2: 2841359.669 ops/s
# Warmup Iteration   3: 2840367.415 ops/s
Iteration   1: 2848993.793 ops/s
                 gc.alloc.rate:      14171.444 MB/sec
                 gc.alloc.rate.norm: 5408.002 B/op
                 gc.count:           23.000 counts
                 gc.time:            15.000 ms

Iteration   2: 2868306.951 ops/s
                 gc.alloc.rate:      14274.210 MB/sec
                 gc.alloc.rate.norm: 5408.002 B/op
                 gc.count:           24.000 counts
                 gc.time:            16.000 ms

Iteration   3: 2864030.700 ops/s
                 gc.alloc.rate:      14249.399 MB/sec
                 gc.alloc.rate.norm: 5408.002 B/op
                 gc.count:           23.000 counts
                 gc.time:            15.000 ms

Iteration   4: 2880013.354 ops/s
                 gc.alloc.rate:      14337.208 MB/sec
                 gc.alloc.rate.norm: 5408.002 B/op
                 gc.count:           24.000 counts
                 gc.time:            16.000 ms

Iteration   5: 2841366.468 ops/s
                 gc.alloc.rate:      14127.163 MB/sec
                 gc.alloc.rate.norm: 5408.003 B/op
                 gc.count:           23.000 counts
                 gc.time:            15.000 ms



Result "io.bluetape4k.protobuf.benchmark.ProtobufCodecBenchmark.serializerDecodeByteArray":
  2675586.594 ±(99.9%) 295317.657 ops/s [Average]
  (min, avg, max) = (2482133.021, 2675586.594, 2880013.354), stdev = 195334.345
  CI (99.9%): [2380268.937, 2970904.251] (assumes normal distribution)

Secondary result "io.bluetape4k.protobuf.benchmark.ProtobufCodecBenchmark.serializerDecodeByteArray:gc.alloc.rate":
  13282.060 ±(99.9%) 1516.684 MB/sec [Average]
  (min, avg, max) = (12292.266, 13282.060, 14337.208), stdev = 1003.193
  CI (99.9%): [11765.376, 14798.745] (assumes normal distribution)

Secondary result "io.bluetape4k.protobuf.benchmark.ProtobufCodecBenchmark.serializerDecodeByteArray:gc.alloc.rate.norm":
  5408.003 ±(99.9%) 0.001 B/op [Average]
  (min, avg, max) = (5408.002, 5408.003, 5408.003), stdev = 0.001
  CI (99.9%): [5408.002, 5408.003] (assumes normal distribution)

Secondary result "io.bluetape4k.protobuf.benchmark.ProtobufCodecBenchmark.serializerDecodeByteArray:gc.count":
  219.000 ±(99.9%) 0.001 counts [Sum]
  (min, avg, max) = (20.000, 21.900, 24.000), stdev = 1.663
  CI (99.9%): [219.000, 219.000] (assumes normal distribution)

Secondary result "io.bluetape4k.protobuf.benchmark.ProtobufCodecBenchmark.serializerDecodeByteArray:gc.time":
  145.000 ±(99.9%) 0.001 ms [Sum]
  (min, avg, max) = (13.000, 14.500, 16.000), stdev = 1.080
  CI (99.9%): [145.000, 145.000] (assumes normal distribution)


# JMH version: 1.37
# VM version: JDK 21.0.11, OpenJDK 64-Bit Server VM, 21.0.11
# VM invoker: /opt/homebrew/Cellar/openjdk@21/21.0.11/libexec/openjdk.jdk/Contents/Home/bin/java
# VM options: -Xms1g -Xmx1g -XX:+UseG1GC
# Blackhole mode: compiler (auto-detected, use -Djmh.blackhole.autoDetect=false to disable)
# Warmup: 3 iterations, 1 s each
# Measurement: 5 iterations, 1 s each
# Timeout: 10 min per iteration
# Threads: 1 thread, will synchronize iterations
# Benchmark mode: Throughput, ops/time
# Benchmark: io.bluetape4k.protobuf.benchmark.ProtobufCodecBenchmark.serializerDecodeDirectOptimized
# Parameters: (matrixVersion = issue-757-v1, targetHeadroom = 32, targetStart = 3)

# Run progress: 30.77% complete, ETA 00:02:30
# Fork: 1 of 2
# Warmup Iteration   1: 2266075.061 ops/s
# Warmup Iteration   2: 2294847.757 ops/s
# Warmup Iteration   3: 2290592.291 ops/s
Iteration   1: 2271281.772 ops/s
                 gc.alloc.rate:      16156.904 MB/sec
                 gc.alloc.rate.norm: 7688.003 B/op
                 gc.count:           27.000 counts
                 gc.time:            18.000 ms

Iteration   2: 2280549.561 ops/s
                 gc.alloc.rate:      16222.588 MB/sec
                 gc.alloc.rate.norm: 7688.003 B/op
                 gc.count:           27.000 counts
                 gc.time:            18.000 ms

Iteration   3: 2270942.161 ops/s
                 gc.alloc.rate:      16153.166 MB/sec
                 gc.alloc.rate.norm: 7688.003 B/op
                 gc.count:           26.000 counts
                 gc.time:            17.000 ms

Iteration   4: 2289702.755 ops/s
                 gc.alloc.rate:      16285.226 MB/sec
                 gc.alloc.rate.norm: 7688.003 B/op
                 gc.count:           27.000 counts
                 gc.time:            18.000 ms

Iteration   5: 2285876.137 ops/s
                 gc.alloc.rate:      16255.707 MB/sec
                 gc.alloc.rate.norm: 7688.003 B/op
                 gc.count:           27.000 counts
                 gc.time:            17.000 ms


# Run progress: 34.62% complete, ETA 00:02:21
# Fork: 2 of 2
# Warmup Iteration   1: 2049613.684 ops/s
# Warmup Iteration   2: 2248972.737 ops/s
# Warmup Iteration   3: 2247419.733 ops/s
Iteration   1: 2258347.352 ops/s
                 gc.alloc.rate:      16066.898 MB/sec
                 gc.alloc.rate.norm: 7688.003 B/op
                 gc.count:           27.000 counts
                 gc.time:            18.000 ms

Iteration   2: 2246611.076 ops/s
                 gc.alloc.rate:      15981.373 MB/sec
                 gc.alloc.rate.norm: 7688.003 B/op
                 gc.count:           26.000 counts
                 gc.time:            16.000 ms

Iteration   3: 2238041.566 ops/s
                 gc.alloc.rate:      15920.812 MB/sec
                 gc.alloc.rate.norm: 7688.003 B/op
                 gc.count:           26.000 counts
                 gc.time:            17.000 ms

Iteration   4: 2251461.846 ops/s
                 gc.alloc.rate:      16011.800 MB/sec
                 gc.alloc.rate.norm: 7688.003 B/op
                 gc.count:           26.000 counts
                 gc.time:            17.000 ms

Iteration   5: 2224722.167 ops/s
                 gc.alloc.rate:      15827.687 MB/sec
                 gc.alloc.rate.norm: 7688.003 B/op
                 gc.count:           27.000 counts
                 gc.time:            19.000 ms



Result "io.bluetape4k.protobuf.benchmark.ProtobufCodecBenchmark.serializerDecodeDirectOptimized":
  2261753.639 ±(99.9%) 32550.655 ops/s [Average]
  (min, avg, max) = (2224722.167, 2261753.639, 2289702.755), stdev = 21530.243
  CI (99.9%): [2229202.984, 2294304.294] (assumes normal distribution)

Secondary result "io.bluetape4k.protobuf.benchmark.ProtobufCodecBenchmark.serializerDecodeDirectOptimized:gc.alloc.rate":
  16088.216 ±(99.9%) 229.543 MB/sec [Average]
  (min, avg, max) = (15827.687, 16088.216, 16285.226), stdev = 151.829
  CI (99.9%): [15858.673, 16317.759] (assumes normal distribution)

Secondary result "io.bluetape4k.protobuf.benchmark.ProtobufCodecBenchmark.serializerDecodeDirectOptimized:gc.alloc.rate.norm":
  7688.003 ±(99.9%) 0.001 B/op [Average]
  (min, avg, max) = (7688.003, 7688.003, 7688.003), stdev = 0.001
  CI (99.9%): [7688.003, 7688.003] (assumes normal distribution)

Secondary result "io.bluetape4k.protobuf.benchmark.ProtobufCodecBenchmark.serializerDecodeDirectOptimized:gc.count":
  266.000 ±(99.9%) 0.001 counts [Sum]
  (min, avg, max) = (26.000, 26.600, 27.000), stdev = 0.516
  CI (99.9%): [266.000, 266.000] (assumes normal distribution)

Secondary result "io.bluetape4k.protobuf.benchmark.ProtobufCodecBenchmark.serializerDecodeDirectOptimized:gc.time":
  175.000 ±(99.9%) 0.001 ms [Sum]
  (min, avg, max) = (16.000, 17.500, 19.000), stdev = 0.850
  CI (99.9%): [175.000, 175.000] (assumes normal distribution)


# JMH version: 1.37
# VM version: JDK 21.0.11, OpenJDK 64-Bit Server VM, 21.0.11
# VM invoker: /opt/homebrew/Cellar/openjdk@21/21.0.11/libexec/openjdk.jdk/Contents/Home/bin/java
# VM options: -Xms1g -Xmx1g -XX:+UseG1GC
# Blackhole mode: compiler (auto-detected, use -Djmh.blackhole.autoDetect=false to disable)
# Warmup: 3 iterations, 1 s each
# Measurement: 5 iterations, 1 s each
# Timeout: 10 min per iteration
# Threads: 1 thread, will synchronize iterations
# Benchmark mode: Throughput, ops/time
# Benchmark: io.bluetape4k.protobuf.benchmark.ProtobufCodecBenchmark.serializerDecodeHeapOptimized
# Parameters: (matrixVersion = issue-757-v1, targetHeadroom = 32, targetStart = 3)

# Run progress: 38.46% complete, ETA 00:02:13
# Fork: 1 of 2
# Warmup Iteration   1: 2377479.692 ops/s
# Warmup Iteration   2: 2293743.929 ops/s
# Warmup Iteration   3: 2258378.744 ops/s
Iteration   1: 2264132.804 ops/s
                 gc.alloc.rate:      16120.453 MB/sec
                 gc.alloc.rate.norm: 7688.003 B/op
                 gc.count:           27.000 counts
                 gc.time:            17.000 ms

Iteration   2: 2297474.102 ops/s
                 gc.alloc.rate:      16363.676 MB/sec
                 gc.alloc.rate.norm: 7688.003 B/op
                 gc.count:           27.000 counts
                 gc.time:            17.000 ms

Iteration   3: 2292023.654 ops/s
                 gc.alloc.rate:      16320.536 MB/sec
                 gc.alloc.rate.norm: 7688.003 B/op
                 gc.count:           26.000 counts
                 gc.time:            17.000 ms

Iteration   4: 2289405.239 ops/s
                 gc.alloc.rate:      16297.758 MB/sec
                 gc.alloc.rate.norm: 7688.003 B/op
                 gc.count:           27.000 counts
                 gc.time:            17.000 ms

Iteration   5: 2276593.920 ops/s
                 gc.alloc.rate:      16213.548 MB/sec
                 gc.alloc.rate.norm: 7688.003 B/op
                 gc.count:           27.000 counts
                 gc.time:            18.000 ms


# Run progress: 42.31% complete, ETA 00:02:05
# Fork: 2 of 2
# Warmup Iteration   1: 2335297.763 ops/s
# Warmup Iteration   2: 2307419.044 ops/s
# Warmup Iteration   3: 2294555.191 ops/s
Iteration   1: 2261977.747 ops/s
                 gc.alloc.rate:      16104.870 MB/sec
                 gc.alloc.rate.norm: 7688.003 B/op
                 gc.count:           27.000 counts
                 gc.time:            18.000 ms

Iteration   2: 2288142.141 ops/s
                 gc.alloc.rate:      16301.449 MB/sec
                 gc.alloc.rate.norm: 7688.003 B/op
                 gc.count:           27.000 counts
                 gc.time:            18.000 ms

Iteration   3: 2281337.031 ops/s
                 gc.alloc.rate:      16252.683 MB/sec
                 gc.alloc.rate.norm: 7688.003 B/op
                 gc.count:           26.000 counts
                 gc.time:            17.000 ms

Iteration   4: 2314630.316 ops/s
                 gc.alloc.rate:      16505.951 MB/sec
                 gc.alloc.rate.norm: 7688.003 B/op
                 gc.count:           27.000 counts
                 gc.time:            18.000 ms

Iteration   5: 2302125.590 ops/s
                 gc.alloc.rate:      16418.639 MB/sec
                 gc.alloc.rate.norm: 7688.003 B/op
                 gc.count:           28.000 counts
                 gc.time:            17.000 ms



Result "io.bluetape4k.protobuf.benchmark.ProtobufCodecBenchmark.serializerDecodeHeapOptimized":
  2286784.254 ±(99.9%) 24807.380 ops/s [Average]
  (min, avg, max) = (2261977.747, 2286784.254, 2314630.316), stdev = 16408.546
  CI (99.9%): [2261976.874, 2311591.635] (assumes normal distribution)

Secondary result "io.bluetape4k.protobuf.benchmark.ProtobufCodecBenchmark.serializerDecodeHeapOptimized:gc.alloc.rate":
  16289.956 ±(99.9%) 188.556 MB/sec [Average]
  (min, avg, max) = (16104.870, 16289.956, 16505.951), stdev = 124.718
  CI (99.9%): [16101.400, 16478.512] (assumes normal distribution)

Secondary result "io.bluetape4k.protobuf.benchmark.ProtobufCodecBenchmark.serializerDecodeHeapOptimized:gc.alloc.rate.norm":
  7688.003 ±(99.9%) 0.001 B/op [Average]
  (min, avg, max) = (7688.003, 7688.003, 7688.003), stdev = 0.001
  CI (99.9%): [7688.003, 7688.003] (assumes normal distribution)

Secondary result "io.bluetape4k.protobuf.benchmark.ProtobufCodecBenchmark.serializerDecodeHeapOptimized:gc.count":
  269.000 ±(99.9%) 0.001 counts [Sum]
  (min, avg, max) = (26.000, 26.900, 28.000), stdev = 0.568
  CI (99.9%): [269.000, 269.000] (assumes normal distribution)

Secondary result "io.bluetape4k.protobuf.benchmark.ProtobufCodecBenchmark.serializerDecodeHeapOptimized:gc.time":
  174.000 ±(99.9%) 0.001 ms [Sum]
  (min, avg, max) = (17.000, 17.400, 18.000), stdev = 0.516
  CI (99.9%): [174.000, 174.000] (assumes normal distribution)


# JMH version: 1.37
# VM version: JDK 21.0.11, OpenJDK 64-Bit Server VM, 21.0.11
# VM invoker: /opt/homebrew/Cellar/openjdk@21/21.0.11/libexec/openjdk.jdk/Contents/Home/bin/java
# VM options: -Xms1g -Xmx1g -XX:+UseG1GC
# Blackhole mode: compiler (auto-detected, use -Djmh.blackhole.autoDetect=false to disable)
# Warmup: 3 iterations, 1 s each
# Measurement: 5 iterations, 1 s each
# Timeout: 10 min per iteration
# Threads: 1 thread, will synchronize iterations
# Benchmark mode: Throughput, ops/time
# Benchmark: io.bluetape4k.protobuf.benchmark.ProtobufCodecBenchmark.serializerEncodeByteArray
# Parameters: (matrixVersion = issue-757-v1, targetHeadroom = 32, targetStart = 3)

# Run progress: 46.15% complete, ETA 00:01:56
# Fork: 1 of 2
# Warmup Iteration   1: 3861455.664 ops/s
# Warmup Iteration   2: 4087412.910 ops/s
# Warmup Iteration   3: 4110437.600 ops/s
Iteration   1: 4046805.773 ops/s
                 gc.alloc.rate:      24849.548 MB/sec
                 gc.alloc.rate.norm: 6976.002 B/op
                 gc.count:           41.000 counts
                 gc.time:            26.000 ms

Iteration   2: 4097231.908 ops/s
                 gc.alloc.rate:      25145.378 MB/sec
                 gc.alloc.rate.norm: 6976.002 B/op
                 gc.count:           41.000 counts
                 gc.time:            26.000 ms

Iteration   3: 4097506.550 ops/s
                 gc.alloc.rate:      25138.116 MB/sec
                 gc.alloc.rate.norm: 6976.002 B/op
                 gc.count:           42.000 counts
                 gc.time:            26.000 ms

Iteration   4: 4131748.239 ops/s
                 gc.alloc.rate:      25325.453 MB/sec
                 gc.alloc.rate.norm: 6976.002 B/op
                 gc.count:           41.000 counts
                 gc.time:            26.000 ms

Iteration   5: 4078277.174 ops/s
                 gc.alloc.rate:      25033.203 MB/sec
                 gc.alloc.rate.norm: 6976.002 B/op
                 gc.count:           41.000 counts
                 gc.time:            27.000 ms


# Run progress: 50.00% complete, ETA 00:01:48
# Fork: 2 of 2
# Warmup Iteration   1: 3888604.554 ops/s
# Warmup Iteration   2: 3836399.647 ops/s
# Warmup Iteration   3: 3973268.992 ops/s
Iteration   1: 4067572.734 ops/s
                 gc.alloc.rate:      24964.566 MB/sec
                 gc.alloc.rate.norm: 6976.002 B/op
                 gc.count:           41.000 counts
                 gc.time:            25.000 ms

Iteration   2: 4154710.343 ops/s
                 gc.alloc.rate:      25457.504 MB/sec
                 gc.alloc.rate.norm: 6976.002 B/op
                 gc.count:           41.000 counts
                 gc.time:            26.000 ms

Iteration   3: 4037850.842 ops/s
                 gc.alloc.rate:      24804.850 MB/sec
                 gc.alloc.rate.norm: 6976.002 B/op
                 gc.count:           41.000 counts
                 gc.time:            26.000 ms

Iteration   4: 4024842.413 ops/s
                 gc.alloc.rate:      24733.767 MB/sec
                 gc.alloc.rate.norm: 6976.002 B/op
                 gc.count:           41.000 counts
                 gc.time:            27.000 ms

Iteration   5: 4101301.308 ops/s
                 gc.alloc.rate:      25169.190 MB/sec
                 gc.alloc.rate.norm: 6976.002 B/op
                 gc.count:           41.000 counts
                 gc.time:            26.000 ms



Result "io.bluetape4k.protobuf.benchmark.ProtobufCodecBenchmark.serializerEncodeByteArray":
  4083784.728 ±(99.9%) 62236.821 ops/s [Average]
  (min, avg, max) = (4024842.413, 4083784.728, 4154710.343), stdev = 41165.803
  CI (99.9%): [4021547.908, 4146021.549] (assumes normal distribution)

Secondary result "io.bluetape4k.protobuf.benchmark.ProtobufCodecBenchmark.serializerEncodeByteArray:gc.alloc.rate":
  25062.158 ±(99.9%) 348.926 MB/sec [Average]
  (min, avg, max) = (24733.767, 25062.158, 25457.504), stdev = 230.793
  CI (99.9%): [24713.232, 25411.083] (assumes normal distribution)

Secondary result "io.bluetape4k.protobuf.benchmark.ProtobufCodecBenchmark.serializerEncodeByteArray:gc.alloc.rate.norm":
  6976.002 ±(99.9%) 0.001 B/op [Average]
  (min, avg, max) = (6976.002, 6976.002, 6976.002), stdev = 0.001
  CI (99.9%): [6976.002, 6976.002] (assumes normal distribution)

Secondary result "io.bluetape4k.protobuf.benchmark.ProtobufCodecBenchmark.serializerEncodeByteArray:gc.count":
  411.000 ±(99.9%) 0.001 counts [Sum]
  (min, avg, max) = (41.000, 41.100, 42.000), stdev = 0.316
  CI (99.9%): [411.000, 411.000] (assumes normal distribution)

Secondary result "io.bluetape4k.protobuf.benchmark.ProtobufCodecBenchmark.serializerEncodeByteArray:gc.time":
  261.000 ±(99.9%) 0.001 ms [Sum]
  (min, avg, max) = (25.000, 26.100, 27.000), stdev = 0.568
  CI (99.9%): [261.000, 261.000] (assumes normal distribution)


# JMH version: 1.37
# VM version: JDK 21.0.11, OpenJDK 64-Bit Server VM, 21.0.11
# VM invoker: /opt/homebrew/Cellar/openjdk@21/21.0.11/libexec/openjdk.jdk/Contents/Home/bin/java
# VM options: -Xms1g -Xmx1g -XX:+UseG1GC
# Blackhole mode: compiler (auto-detected, use -Djmh.blackhole.autoDetect=false to disable)
# Warmup: 3 iterations, 1 s each
# Measurement: 5 iterations, 1 s each
# Timeout: 10 min per iteration
# Threads: 1 thread, will synchronize iterations
# Benchmark mode: Throughput, ops/time
# Benchmark: io.bluetape4k.protobuf.benchmark.ProtobufCodecBenchmark.serializerEncodeDirectOptimized
# Parameters: (matrixVersion = issue-757-v1, targetHeadroom = 32, targetStart = 3)

# Run progress: 53.85% complete, ETA 00:01:40
# Fork: 1 of 2
# Warmup Iteration   1: 3433825.358 ops/s
# Warmup Iteration   2: 3683840.240 ops/s
# Warmup Iteration   3: 3687968.572 ops/s
Iteration   1: 3612975.317 ops/s
                 gc.alloc.rate:      15665.382 MB/sec
                 gc.alloc.rate.norm: 4832.002 B/op
                 gc.count:           26.000 counts
                 gc.time:            17.000 ms

Iteration   2: 3658139.325 ops/s
                 gc.alloc.rate:      15845.766 MB/sec
                 gc.alloc.rate.norm: 4832.002 B/op
                 gc.count:           26.000 counts
                 gc.time:            16.000 ms

Iteration   3: 3652524.972 ops/s
                 gc.alloc.rate:      15830.050 MB/sec
                 gc.alloc.rate.norm: 4832.002 B/op
                 gc.count:           26.000 counts
                 gc.time:            17.000 ms

Iteration   4: 3696306.140 ops/s
                 gc.alloc.rate:      16022.081 MB/sec
                 gc.alloc.rate.norm: 4832.002 B/op
                 gc.count:           26.000 counts
                 gc.time:            18.000 ms

Iteration   5: 3679509.898 ops/s
                 gc.alloc.rate:      15958.209 MB/sec
                 gc.alloc.rate.norm: 4832.002 B/op
                 gc.count:           26.000 counts
                 gc.time:            17.000 ms


# Run progress: 57.69% complete, ETA 00:01:31
# Fork: 2 of 2
# Warmup Iteration   1: 3443089.360 ops/s
# Warmup Iteration   2: 3674757.141 ops/s
# Warmup Iteration   3: 3644114.126 ops/s
Iteration   1: 3667693.445 ops/s
                 gc.alloc.rate:      15970.911 MB/sec
                 gc.alloc.rate.norm: 4832.002 B/op
                 gc.count:           26.000 counts
                 gc.time:            17.000 ms

Iteration   2: 3704485.113 ops/s
                 gc.alloc.rate:      16084.363 MB/sec
                 gc.alloc.rate.norm: 4832.002 B/op
                 gc.count:           26.000 counts
                 gc.time:            16.000 ms

Iteration   3: 3649151.275 ops/s
                 gc.alloc.rate:      15830.224 MB/sec
                 gc.alloc.rate.norm: 4832.002 B/op
                 gc.count:           27.000 counts
                 gc.time:            17.000 ms

Iteration   4: 3732295.852 ops/s
                 gc.alloc.rate:      16221.135 MB/sec
                 gc.alloc.rate.norm: 4832.002 B/op
                 gc.count:           26.000 counts
                 gc.time:            17.000 ms

Iteration   5: 3715970.489 ops/s
                 gc.alloc.rate:      16151.335 MB/sec
                 gc.alloc.rate.norm: 4832.002 B/op
                 gc.count:           27.000 counts
                 gc.time:            18.000 ms



Result "io.bluetape4k.protobuf.benchmark.ProtobufCodecBenchmark.serializerEncodeDirectOptimized":
  3676905.183 ±(99.9%) 54339.941 ops/s [Average]
  (min, avg, max) = (3612975.317, 3676905.183, 3732295.852), stdev = 35942.506
  CI (99.9%): [3622565.242, 3731245.123] (assumes normal distribution)

Secondary result "io.bluetape4k.protobuf.benchmark.ProtobufCodecBenchmark.serializerEncodeDirectOptimized:gc.alloc.rate":
  15957.946 ±(99.9%) 255.866 MB/sec [Average]
  (min, avg, max) = (15665.382, 15957.946, 16221.135), stdev = 169.240
  CI (99.9%): [15702.079, 16213.812] (assumes normal distribution)

Secondary result "io.bluetape4k.protobuf.benchmark.ProtobufCodecBenchmark.serializerEncodeDirectOptimized:gc.alloc.rate.norm":
  4832.002 ±(99.9%) 0.001 B/op [Average]
  (min, avg, max) = (4832.002, 4832.002, 4832.002), stdev = 0.001
  CI (99.9%): [4832.002, 4832.002] (assumes normal distribution)

Secondary result "io.bluetape4k.protobuf.benchmark.ProtobufCodecBenchmark.serializerEncodeDirectOptimized:gc.count":
  262.000 ±(99.9%) 0.001 counts [Sum]
  (min, avg, max) = (26.000, 26.200, 27.000), stdev = 0.422
  CI (99.9%): [262.000, 262.000] (assumes normal distribution)

Secondary result "io.bluetape4k.protobuf.benchmark.ProtobufCodecBenchmark.serializerEncodeDirectOptimized:gc.time":
  170.000 ±(99.9%) 0.001 ms [Sum]
  (min, avg, max) = (16.000, 17.000, 18.000), stdev = 0.667
  CI (99.9%): [170.000, 170.000] (assumes normal distribution)


# JMH version: 1.37
# VM version: JDK 21.0.11, OpenJDK 64-Bit Server VM, 21.0.11
# VM invoker: /opt/homebrew/Cellar/openjdk@21/21.0.11/libexec/openjdk.jdk/Contents/Home/bin/java
# VM options: -Xms1g -Xmx1g -XX:+UseG1GC
# Blackhole mode: compiler (auto-detected, use -Djmh.blackhole.autoDetect=false to disable)
# Warmup: 3 iterations, 1 s each
# Measurement: 5 iterations, 1 s each
# Timeout: 10 min per iteration
# Threads: 1 thread, will synchronize iterations
# Benchmark mode: Throughput, ops/time
# Benchmark: io.bluetape4k.protobuf.benchmark.ProtobufCodecBenchmark.serializerEncodeHeapOptimized
# Parameters: (matrixVersion = issue-757-v1, targetHeadroom = 32, targetStart = 3)

# Run progress: 61.54% complete, ETA 00:01:23
# Fork: 1 of 2
# Warmup Iteration   1: 3509032.261 ops/s
# Warmup Iteration   2: 3679286.936 ops/s
# Warmup Iteration   3: 3685920.877 ops/s
Iteration   1: 3691046.900 ops/s
                 gc.alloc.rate:      15918.471 MB/sec
                 gc.alloc.rate.norm: 4784.002 B/op
                 gc.count:           26.000 counts
                 gc.time:            17.000 ms

Iteration   2: 3724309.005 ops/s
                 gc.alloc.rate:      16071.015 MB/sec
                 gc.alloc.rate.norm: 4784.002 B/op
                 gc.count:           27.000 counts
                 gc.time:            18.000 ms

Iteration   3: 3729616.769 ops/s
                 gc.alloc.rate:      16077.450 MB/sec
                 gc.alloc.rate.norm: 4784.002 B/op
                 gc.count:           27.000 counts
                 gc.time:            17.000 ms

Iteration   4: 3734074.478 ops/s
                 gc.alloc.rate:      16132.703 MB/sec
                 gc.alloc.rate.norm: 4784.002 B/op
                 gc.count:           26.000 counts
                 gc.time:            17.000 ms

Iteration   5: 3686452.703 ops/s
                 gc.alloc.rate:      15914.431 MB/sec
                 gc.alloc.rate.norm: 4784.002 B/op
                 gc.count:           26.000 counts
                 gc.time:            16.000 ms


# Run progress: 65.38% complete, ETA 00:01:15
# Fork: 2 of 2
# Warmup Iteration   1: 3291426.626 ops/s
# Warmup Iteration   2: 3729251.075 ops/s
# Warmup Iteration   3: 3686256.018 ops/s
Iteration   1: 3672138.301 ops/s
                 gc.alloc.rate:      15842.169 MB/sec
                 gc.alloc.rate.norm: 4784.002 B/op
                 gc.count:           26.000 counts
                 gc.time:            17.000 ms

Iteration   2: 3619169.653 ops/s
                 gc.alloc.rate:      15620.329 MB/sec
                 gc.alloc.rate.norm: 4784.002 B/op
                 gc.count:           25.000 counts
                 gc.time:            16.000 ms

Iteration   3: 3677772.200 ops/s
                 gc.alloc.rate:      15871.596 MB/sec
                 gc.alloc.rate.norm: 4784.002 B/op
                 gc.count:           27.000 counts
                 gc.time:            17.000 ms

Iteration   4: 3746634.297 ops/s
                 gc.alloc.rate:      16153.903 MB/sec
                 gc.alloc.rate.norm: 4784.002 B/op
                 gc.count:           26.000 counts
                 gc.time:            16.000 ms

Iteration   5: 3708671.109 ops/s
                 gc.alloc.rate:      16024.744 MB/sec
                 gc.alloc.rate.norm: 4784.002 B/op
                 gc.count:           27.000 counts
                 gc.time:            18.000 ms



Result "io.bluetape4k.protobuf.benchmark.ProtobufCodecBenchmark.serializerEncodeHeapOptimized":
  3698988.542 ±(99.9%) 57318.797 ops/s [Average]
  (min, avg, max) = (3619169.653, 3698988.542, 3746634.297), stdev = 37912.835
  CI (99.9%): [3641669.744, 3756307.339] (assumes normal distribution)

Secondary result "io.bluetape4k.protobuf.benchmark.ProtobufCodecBenchmark.serializerEncodeHeapOptimized:gc.alloc.rate":
  15962.681 ±(99.9%) 246.134 MB/sec [Average]
  (min, avg, max) = (15620.329, 15962.681, 16153.903), stdev = 162.802
  CI (99.9%): [15716.548, 16208.815] (assumes normal distribution)

Secondary result "io.bluetape4k.protobuf.benchmark.ProtobufCodecBenchmark.serializerEncodeHeapOptimized:gc.alloc.rate.norm":
  4784.002 ±(99.9%) 0.001 B/op [Average]
  (min, avg, max) = (4784.002, 4784.002, 4784.002), stdev = 0.001
  CI (99.9%): [4784.002, 4784.002] (assumes normal distribution)

Secondary result "io.bluetape4k.protobuf.benchmark.ProtobufCodecBenchmark.serializerEncodeHeapOptimized:gc.count":
  263.000 ±(99.9%) 0.001 counts [Sum]
  (min, avg, max) = (25.000, 26.300, 27.000), stdev = 0.675
  CI (99.9%): [263.000, 263.000] (assumes normal distribution)

Secondary result "io.bluetape4k.protobuf.benchmark.ProtobufCodecBenchmark.serializerEncodeHeapOptimized:gc.time":
  169.000 ±(99.9%) 0.001 ms [Sum]
  (min, avg, max) = (16.000, 16.900, 18.000), stdev = 0.738
  CI (99.9%): [169.000, 169.000] (assumes normal distribution)


# JMH version: 1.37
# VM version: JDK 21.0.11, OpenJDK 64-Bit Server VM, 21.0.11
# VM invoker: /opt/homebrew/Cellar/openjdk@21/21.0.11/libexec/openjdk.jdk/Contents/Home/bin/java
# VM options: -Xms1g -Xmx1g -XX:+UseG1GC
# Blackhole mode: compiler (auto-detected, use -Djmh.blackhole.autoDetect=false to disable)
# Warmup: 3 iterations, 1 s each
# Measurement: 5 iterations, 1 s each
# Timeout: 10 min per iteration
# Threads: 1 thread, will synchronize iterations
# Benchmark mode: Throughput, ops/time
# Benchmark: io.bluetape4k.protobuf.benchmark.ProtobufCodecBenchmark.trustedFallbackDecodeBufferCompatibility
# Parameters: (matrixVersion = issue-757-v1, targetHeadroom = 32, targetStart = 3)

# Run progress: 69.23% complete, ETA 00:01:06
# Fork: 1 of 2
# Warmup Iteration   1: 624625.195 ops/s
# Warmup Iteration   2: 687309.061 ops/s
# Warmup Iteration   3: 691810.079 ops/s
Iteration   1: 695524.251 ops/s
                 gc.alloc.rate:      3594.256 MB/sec
                 gc.alloc.rate.norm: 5472.010 B/op
                 gc.count:           6.000 counts
                 gc.time:            5.000 ms

Iteration   2: 691838.223 ops/s
                 gc.alloc.rate:      3574.655 MB/sec
                 gc.alloc.rate.norm: 5472.010 B/op
                 gc.count:           6.000 counts
                 gc.time:            4.000 ms

Iteration   3: 687162.619 ops/s
                 gc.alloc.rate:      3550.709 MB/sec
                 gc.alloc.rate.norm: 5472.010 B/op
                 gc.count:           6.000 counts
                 gc.time:            4.000 ms

Iteration   4: 691461.745 ops/s
                 gc.alloc.rate:      3572.976 MB/sec
                 gc.alloc.rate.norm: 5472.010 B/op
                 gc.count:           6.000 counts
                 gc.time:            4.000 ms

Iteration   5: 692175.181 ops/s
                 gc.alloc.rate:      3576.734 MB/sec
                 gc.alloc.rate.norm: 5472.010 B/op
                 gc.count:           6.000 counts
                 gc.time:            4.000 ms


# Run progress: 73.08% complete, ETA 00:00:58
# Fork: 2 of 2
# Warmup Iteration   1: 583204.835 ops/s
# Warmup Iteration   2: 660436.795 ops/s
# Warmup Iteration   3: 655747.777 ops/s
Iteration   1: 657932.230 ops/s
                 gc.alloc.rate:      3401.322 MB/sec
                 gc.alloc.rate.norm: 5472.011 B/op
                 gc.count:           5.000 counts
                 gc.time:            4.000 ms

Iteration   2: 658466.130 ops/s
                 gc.alloc.rate:      3404.258 MB/sec
                 gc.alloc.rate.norm: 5472.011 B/op
                 gc.count:           6.000 counts
                 gc.time:            4.000 ms

Iteration   3: 662921.680 ops/s
                 gc.alloc.rate:      3427.026 MB/sec
                 gc.alloc.rate.norm: 5472.010 B/op
                 gc.count:           5.000 counts
                 gc.time:            4.000 ms

Iteration   4: 663831.505 ops/s
                 gc.alloc.rate:      3431.736 MB/sec
                 gc.alloc.rate.norm: 5472.010 B/op
                 gc.count:           6.000 counts
                 gc.time:            4.000 ms

Iteration   5: 655176.092 ops/s
                 gc.alloc.rate:      3386.933 MB/sec
                 gc.alloc.rate.norm: 5472.011 B/op
                 gc.count:           6.000 counts
                 gc.time:            4.000 ms



Result "io.bluetape4k.protobuf.benchmark.ProtobufCodecBenchmark.trustedFallbackDecodeBufferCompatibility":
  675648.966 ±(99.9%) 25907.029 ops/s [Average]
  (min, avg, max) = (655176.092, 675648.966, 695524.251), stdev = 17135.896
  CI (99.9%): [649741.937, 701555.995] (assumes normal distribution)

Secondary result "io.bluetape4k.protobuf.benchmark.ProtobufCodecBenchmark.trustedFallbackDecodeBufferCompatibility:gc.alloc.rate":
  3492.060 ±(99.9%) 132.651 MB/sec [Average]
  (min, avg, max) = (3386.933, 3492.060, 3594.256), stdev = 87.740
  CI (99.9%): [3359.410, 3624.711] (assumes normal distribution)

Secondary result "io.bluetape4k.protobuf.benchmark.ProtobufCodecBenchmark.trustedFallbackDecodeBufferCompatibility:gc.alloc.rate.norm":
  5472.010 ±(99.9%) 0.001 B/op [Average]
  (min, avg, max) = (5472.010, 5472.010, 5472.011), stdev = 0.001
  CI (99.9%): [5472.010, 5472.011] (assumes normal distribution)

Secondary result "io.bluetape4k.protobuf.benchmark.ProtobufCodecBenchmark.trustedFallbackDecodeBufferCompatibility:gc.count":
  58.000 ±(99.9%) 0.001 counts [Sum]
  (min, avg, max) = (5.000, 5.800, 6.000), stdev = 0.422
  CI (99.9%): [58.000, 58.000] (assumes normal distribution)

Secondary result "io.bluetape4k.protobuf.benchmark.ProtobufCodecBenchmark.trustedFallbackDecodeBufferCompatibility:gc.time":
  41.000 ±(99.9%) 0.001 ms [Sum]
  (min, avg, max) = (4.000, 4.100, 5.000), stdev = 0.316
  CI (99.9%): [41.000, 41.000] (assumes normal distribution)


# JMH version: 1.37
# VM version: JDK 21.0.11, OpenJDK 64-Bit Server VM, 21.0.11
# VM invoker: /opt/homebrew/Cellar/openjdk@21/21.0.11/libexec/openjdk.jdk/Contents/Home/bin/java
# VM options: -Xms1g -Xmx1g -XX:+UseG1GC
# Blackhole mode: compiler (auto-detected, use -Djmh.blackhole.autoDetect=false to disable)
# Warmup: 3 iterations, 1 s each
# Measurement: 5 iterations, 1 s each
# Timeout: 10 min per iteration
# Threads: 1 thread, will synchronize iterations
# Benchmark mode: Throughput, ops/time
# Benchmark: io.bluetape4k.protobuf.benchmark.ProtobufCodecBenchmark.trustedFallbackDecodeByteArray
# Parameters: (matrixVersion = issue-757-v1, targetHeadroom = 32, targetStart = 3)

# Run progress: 76.92% complete, ETA 00:00:50
# Fork: 1 of 2
# Warmup Iteration   1: 645644.617 ops/s
# Warmup Iteration   2: 734621.050 ops/s
# Warmup Iteration   3: 733199.975 ops/s
Iteration   1: 727055.835 ops/s
                 gc.alloc.rate:      3339.596 MB/sec
                 gc.alloc.rate.norm: 4864.010 B/op
                 gc.count:           6.000 counts
                 gc.time:            4.000 ms

Iteration   2: 724894.588 ops/s
                 gc.alloc.rate:      3328.598 MB/sec
                 gc.alloc.rate.norm: 4864.010 B/op
                 gc.count:           5.000 counts
                 gc.time:            4.000 ms

Iteration   3: 719585.373 ops/s
                 gc.alloc.rate:      3303.250 MB/sec
                 gc.alloc.rate.norm: 4864.010 B/op
                 gc.count:           6.000 counts
                 gc.time:            4.000 ms

Iteration   4: 728502.829 ops/s
                 gc.alloc.rate:      3345.292 MB/sec
                 gc.alloc.rate.norm: 4864.010 B/op
                 gc.count:           5.000 counts
                 gc.time:            3.000 ms

Iteration   5: 718300.755 ops/s
                 gc.alloc.rate:      3299.279 MB/sec
                 gc.alloc.rate.norm: 4864.010 B/op
                 gc.count:           6.000 counts
                 gc.time:            4.000 ms


# Run progress: 80.77% complete, ETA 00:00:41
# Fork: 2 of 2
# Warmup Iteration   1: 640046.939 ops/s
# Warmup Iteration   2: 732468.333 ops/s
# Warmup Iteration   3: 732466.128 ops/s
Iteration   1: 728634.572 ops/s
                 gc.alloc.rate:      3346.525 MB/sec
                 gc.alloc.rate.norm: 4864.010 B/op
                 gc.count:           6.000 counts
                 gc.time:            4.000 ms

Iteration   2: 734458.998 ops/s
                 gc.alloc.rate:      3371.519 MB/sec
                 gc.alloc.rate.norm: 4864.009 B/op
                 gc.count:           5.000 counts
                 gc.time:            3.000 ms

Iteration   3: 725413.466 ops/s
                 gc.alloc.rate:      3329.467 MB/sec
                 gc.alloc.rate.norm: 4864.010 B/op
                 gc.count:           6.000 counts
                 gc.time:            5.000 ms

Iteration   4: 732237.867 ops/s
                 gc.alloc.rate:      3361.797 MB/sec
                 gc.alloc.rate.norm: 4864.009 B/op
                 gc.count:           5.000 counts
                 gc.time:            4.000 ms

Iteration   5: 730009.209 ops/s
                 gc.alloc.rate:      3352.025 MB/sec
                 gc.alloc.rate.norm: 4864.010 B/op
                 gc.count:           6.000 counts
                 gc.time:            4.000 ms



Result "io.bluetape4k.protobuf.benchmark.ProtobufCodecBenchmark.trustedFallbackDecodeByteArray":
  726909.349 ±(99.9%) 7718.569 ops/s [Average]
  (min, avg, max) = (718300.755, 726909.349, 734458.998), stdev = 5105.356
  CI (99.9%): [719190.780, 734627.918] (assumes normal distribution)

Secondary result "io.bluetape4k.protobuf.benchmark.ProtobufCodecBenchmark.trustedFallbackDecodeByteArray:gc.alloc.rate":
  3337.735 ±(99.9%) 35.213 MB/sec [Average]
  (min, avg, max) = (3299.279, 3337.735, 3371.519), stdev = 23.291
  CI (99.9%): [3302.522, 3372.948] (assumes normal distribution)

Secondary result "io.bluetape4k.protobuf.benchmark.ProtobufCodecBenchmark.trustedFallbackDecodeByteArray:gc.alloc.rate.norm":
  4864.010 ±(99.9%) 0.001 B/op [Average]
  (min, avg, max) = (4864.009, 4864.010, 4864.010), stdev = 0.001
  CI (99.9%): [4864.009, 4864.010] (assumes normal distribution)

Secondary result "io.bluetape4k.protobuf.benchmark.ProtobufCodecBenchmark.trustedFallbackDecodeByteArray:gc.count":
  56.000 ±(99.9%) 0.001 counts [Sum]
  (min, avg, max) = (5.000, 5.600, 6.000), stdev = 0.516
  CI (99.9%): [56.000, 56.000] (assumes normal distribution)

Secondary result "io.bluetape4k.protobuf.benchmark.ProtobufCodecBenchmark.trustedFallbackDecodeByteArray:gc.time":
  39.000 ±(99.9%) 0.001 ms [Sum]
  (min, avg, max) = (3.000, 3.900, 5.000), stdev = 0.568
  CI (99.9%): [39.000, 39.000] (assumes normal distribution)


# JMH version: 1.37
# VM version: JDK 21.0.11, OpenJDK 64-Bit Server VM, 21.0.11
# VM invoker: /opt/homebrew/Cellar/openjdk@21/21.0.11/libexec/openjdk.jdk/Contents/Home/bin/java
# VM options: -Xms1g -Xmx1g -XX:+UseG1GC
# Blackhole mode: compiler (auto-detected, use -Djmh.blackhole.autoDetect=false to disable)
# Warmup: 3 iterations, 1 s each
# Measurement: 5 iterations, 1 s each
# Timeout: 10 min per iteration
# Threads: 1 thread, will synchronize iterations
# Benchmark mode: Throughput, ops/time
# Benchmark: io.bluetape4k.protobuf.benchmark.ProtobufCodecBenchmark.trustedFallbackEncodeBufferCompatibility
# Parameters: (matrixVersion = issue-757-v1, targetHeadroom = 32, targetStart = 3)

# Run progress: 84.62% complete, ETA 00:00:33
# Fork: 1 of 2
# Warmup Iteration   1: 1517782.197 ops/s
# Warmup Iteration   2: 1626406.106 ops/s
# Warmup Iteration   3: 1640705.534 ops/s
Iteration   1: 1607943.509 ops/s
                 gc.alloc.rate:      1017.650 MB/sec
                 gc.alloc.rate.norm: 680.004 B/op
                 gc.count:           2.000 counts
                 gc.time:            1.000 ms

Iteration   2: 1658454.839 ops/s
                 gc.alloc.rate:      1046.469 MB/sec
                 gc.alloc.rate.norm: 680.004 B/op
                 gc.count:           2.000 counts
                 gc.time:            2.000 ms

Iteration   3: 1654615.026 ops/s
                 gc.alloc.rate:      1045.193 MB/sec
                 gc.alloc.rate.norm: 680.004 B/op
                 gc.count:           1.000 counts
                 gc.time:            1.000 ms

Iteration   4: 1630556.887 ops/s
                 gc.alloc.rate:      1029.822 MB/sec
                 gc.alloc.rate.norm: 680.004 B/op
                 gc.count:           2.000 counts
                 gc.time:            1.000 ms

Iteration   5: 1628759.431 ops/s
                 gc.alloc.rate:      1028.855 MB/sec
                 gc.alloc.rate.norm: 680.004 B/op
                 gc.count:           2.000 counts
                 gc.time:            2.000 ms


# Run progress: 88.46% complete, ETA 00:00:25
# Fork: 2 of 2
# Warmup Iteration   1: 1518072.295 ops/s
# Warmup Iteration   2: 1641211.624 ops/s
# Warmup Iteration   3: 1630041.915 ops/s
Iteration   1: 1623658.338 ops/s
                 gc.alloc.rate:      1027.545 MB/sec
                 gc.alloc.rate.norm: 680.004 B/op
                 gc.count:           2.000 counts
                 gc.time:            1.000 ms

Iteration   2: 1632245.185 ops/s
                 gc.alloc.rate:      1032.967 MB/sec
                 gc.alloc.rate.norm: 680.004 B/op
                 gc.count:           2.000 counts
                 gc.time:            2.000 ms

Iteration   3: 1640777.722 ops/s
                 gc.alloc.rate:      1038.869 MB/sec
                 gc.alloc.rate.norm: 680.004 B/op
                 gc.count:           1.000 counts
                 gc.time:            ≈ 0 ms

Iteration   4: 1682645.177 ops/s
                 gc.alloc.rate:      1065.434 MB/sec
                 gc.alloc.rate.norm: 680.004 B/op
                 gc.count:           2.000 counts
                 gc.time:            2.000 ms

Iteration   5: 1636009.633 ops/s
                 gc.alloc.rate:      1035.925 MB/sec
                 gc.alloc.rate.norm: 680.004 B/op
                 gc.count:           2.000 counts
                 gc.time:            1.000 ms



Result "io.bluetape4k.protobuf.benchmark.ProtobufCodecBenchmark.trustedFallbackEncodeBufferCompatibility":
  1639566.575 ±(99.9%) 31704.052 ops/s [Average]
  (min, avg, max) = (1607943.509, 1639566.575, 1682645.177), stdev = 20970.267
  CI (99.9%): [1607862.523, 1671270.626] (assumes normal distribution)

Secondary result "io.bluetape4k.protobuf.benchmark.ProtobufCodecBenchmark.trustedFallbackEncodeBufferCompatibility:gc.alloc.rate":
  1036.873 ±(99.9%) 19.954 MB/sec [Average]
  (min, avg, max) = (1017.650, 1036.873, 1065.434), stdev = 13.198
  CI (99.9%): [1016.919, 1056.827] (assumes normal distribution)

Secondary result "io.bluetape4k.protobuf.benchmark.ProtobufCodecBenchmark.trustedFallbackEncodeBufferCompatibility:gc.alloc.rate.norm":
  680.004 ±(99.9%) 0.001 B/op [Average]
  (min, avg, max) = (680.004, 680.004, 680.004), stdev = 0.001
  CI (99.9%): [680.004, 680.004] (assumes normal distribution)

Secondary result "io.bluetape4k.protobuf.benchmark.ProtobufCodecBenchmark.trustedFallbackEncodeBufferCompatibility:gc.count":
  18.000 ±(99.9%) 0.001 counts [Sum]
  (min, avg, max) = (1.000, 1.800, 2.000), stdev = 0.422
  CI (99.9%): [18.000, 18.000] (assumes normal distribution)

Secondary result "io.bluetape4k.protobuf.benchmark.ProtobufCodecBenchmark.trustedFallbackEncodeBufferCompatibility:gc.time":
  13.000 ±(99.9%) 0.001 ms [Sum]
  (min, avg, max) = (≈ 0, 1.300, 2.000), stdev = 0.675
  CI (99.9%): [13.000, 13.000] (assumes normal distribution)


# JMH version: 1.37
# VM version: JDK 21.0.11, OpenJDK 64-Bit Server VM, 21.0.11
# VM invoker: /opt/homebrew/Cellar/openjdk@21/21.0.11/libexec/openjdk.jdk/Contents/Home/bin/java
# VM options: -Xms1g -Xmx1g -XX:+UseG1GC
# Blackhole mode: compiler (auto-detected, use -Djmh.blackhole.autoDetect=false to disable)
# Warmup: 3 iterations, 1 s each
# Measurement: 5 iterations, 1 s each
# Timeout: 10 min per iteration
# Threads: 1 thread, will synchronize iterations
# Benchmark mode: Throughput, ops/time
# Benchmark: io.bluetape4k.protobuf.benchmark.ProtobufCodecBenchmark.trustedFallbackEncodeByteArray
# Parameters: (matrixVersion = issue-757-v1, targetHeadroom = 32, targetStart = 3)

# Run progress: 92.31% complete, ETA 00:00:16
# Fork: 1 of 2
# Warmup Iteration   1: 1498921.011 ops/s
# Warmup Iteration   2: 1586422.686 ops/s
# Warmup Iteration   3: 1600651.365 ops/s
Iteration   1: 1634635.904 ops/s
                 gc.alloc.rate:      995.408 MB/sec
                 gc.alloc.rate.norm: 656.004 B/op
                 gc.count:           2.000 counts
                 gc.time:            1.000 ms

Iteration   2: 1638285.866 ops/s
                 gc.alloc.rate:      998.629 MB/sec
                 gc.alloc.rate.norm: 656.004 B/op
                 gc.count:           1.000 counts
                 gc.time:            1.000 ms

Iteration   3: 1598151.590 ops/s
                 gc.alloc.rate:      975.428 MB/sec
                 gc.alloc.rate.norm: 656.004 B/op
                 gc.count:           2.000 counts
                 gc.time:            2.000 ms

Iteration   4: 1582099.537 ops/s
                 gc.alloc.rate:      965.224 MB/sec
                 gc.alloc.rate.norm: 656.004 B/op
                 gc.count:           2.000 counts
                 gc.time:            1.000 ms

Iteration   5: 1601584.441 ops/s
                 gc.alloc.rate:      976.730 MB/sec
                 gc.alloc.rate.norm: 656.004 B/op
                 gc.count:           1.000 counts
                 gc.time:            1.000 ms


# Run progress: 96.15% complete, ETA 00:00:08
# Fork: 2 of 2
# Warmup Iteration   1: 1491145.615 ops/s
# Warmup Iteration   2: 1624443.178 ops/s
# Warmup Iteration   3: 1616827.512 ops/s
Iteration   1: 1580048.646 ops/s
                 gc.alloc.rate:      965.689 MB/sec
                 gc.alloc.rate.norm: 656.004 B/op
                 gc.count:           2.000 counts
                 gc.time:            1.000 ms

Iteration   2: 1606549.753 ops/s
                 gc.alloc.rate:      980.720 MB/sec
                 gc.alloc.rate.norm: 656.004 B/op
                 gc.count:           1.000 counts
                 gc.time:            1.000 ms

Iteration   3: 1622675.036 ops/s
                 gc.alloc.rate:      989.015 MB/sec
                 gc.alloc.rate.norm: 656.004 B/op
                 gc.count:           2.000 counts
                 gc.time:            1.000 ms

Iteration   4: 1615611.910 ops/s
                 gc.alloc.rate:      985.612 MB/sec
                 gc.alloc.rate.norm: 656.004 B/op
                 gc.count:           2.000 counts
                 gc.time:            2.000 ms

Iteration   5: 1620500.094 ops/s
                 gc.alloc.rate:      988.066 MB/sec
                 gc.alloc.rate.norm: 656.004 B/op
                 gc.count:           1.000 counts
                 gc.time:            1.000 ms



Result "io.bluetape4k.protobuf.benchmark.ProtobufCodecBenchmark.trustedFallbackEncodeByteArray":
  1610014.278 ±(99.9%) 30270.926 ops/s [Average]
  (min, avg, max) = (1580048.646, 1610014.278, 1638285.866), stdev = 20022.343
  CI (99.9%): [1579743.352, 1640285.204] (assumes normal distribution)

Secondary result "io.bluetape4k.protobuf.benchmark.ProtobufCodecBenchmark.trustedFallbackEncodeByteArray:gc.alloc.rate":
  982.052 ±(99.9%) 17.278 MB/sec [Average]
  (min, avg, max) = (965.224, 982.052, 998.629), stdev = 11.428
  CI (99.9%): [964.775, 999.330] (assumes normal distribution)

Secondary result "io.bluetape4k.protobuf.benchmark.ProtobufCodecBenchmark.trustedFallbackEncodeByteArray:gc.alloc.rate.norm":
  656.004 ±(99.9%) 0.001 B/op [Average]
  (min, avg, max) = (656.004, 656.004, 656.004), stdev = 0.001
  CI (99.9%): [656.004, 656.004] (assumes normal distribution)

Secondary result "io.bluetape4k.protobuf.benchmark.ProtobufCodecBenchmark.trustedFallbackEncodeByteArray:gc.count":
  16.000 ±(99.9%) 0.001 counts [Sum]
  (min, avg, max) = (1.000, 1.600, 2.000), stdev = 0.516
  CI (99.9%): [16.000, 16.000] (assumes normal distribution)

Secondary result "io.bluetape4k.protobuf.benchmark.ProtobufCodecBenchmark.trustedFallbackEncodeByteArray:gc.time":
  12.000 ±(99.9%) 0.001 ms [Sum]
  (min, avg, max) = (1.000, 1.200, 2.000), stdev = 0.422
  CI (99.9%): [12.000, 12.000] (assumes normal distribution)


# Run complete. Total time: 00:03:36

REMEMBER: The numbers below are just data. To gain reusable insights, you need to follow up on
why the numbers are the way they are. Use profilers (see -prof, -lprof), design factorial
experiments, perform baseline and negative tests that provide experimental control, make sure
the benchmarking environment is safe on JVM/OS/HW level, ask for reviews from the domain experts.
Do not assume the numbers tell you what you want them to tell.

NOTE: Current JVM experimentally supports Compiler Blackholes, and they are in use. Please exercise
extra caution when trusting the results, look into the generated code to check the benchmark still
works, and factor in a small probability of new VM bugs. Additionally, while comparisons between
different JVMs are already problematic, the performance difference caused by different Blackhole
modes can be very significant. Please make sure you use the consistent Blackhole mode for comparisons.

Benchmark                                                                           (matrixVersion)  (targetHeadroom)  (targetStart)   Mode  Cnt        Score        Error   Units
ProtobufCodecBenchmark.redissonDecodeCompositeCompatibility                            issue-757-v1                32              3  thrpt   10  2236728.942 ± 132604.793   ops/s
ProtobufCodecBenchmark.redissonDecodeCompositeCompatibility:gc.alloc.rate              issue-757-v1                32              3  thrpt   10    16986.541 ±    995.320  MB/sec
ProtobufCodecBenchmark.redissonDecodeCompositeCompatibility:gc.alloc.rate.norm         issue-757-v1                32              3  thrpt   10     8208.003 ±      0.001    B/op
ProtobufCodecBenchmark.redissonDecodeCompositeCompatibility:gc.count                   issue-757-v1                32              3  thrpt   10      280.000               counts
ProtobufCodecBenchmark.redissonDecodeCompositeCompatibility:gc.time                    issue-757-v1                32              3  thrpt   10      195.000                   ms
ProtobufCodecBenchmark.redissonDecodeContiguousOptimized                               issue-757-v1                32              3  thrpt   10  3146780.283 ±  55675.038   ops/s
ProtobufCodecBenchmark.redissonDecodeContiguousOptimized:gc.alloc.rate                 issue-757-v1                32              3  thrpt   10    15787.905 ±    326.469  MB/sec
ProtobufCodecBenchmark.redissonDecodeContiguousOptimized:gc.alloc.rate.norm            issue-757-v1                32              3  thrpt   10     5512.002 ±      0.001    B/op
ProtobufCodecBenchmark.redissonDecodeContiguousOptimized:gc.count                      issue-757-v1                32              3  thrpt   10      260.000               counts
ProtobufCodecBenchmark.redissonDecodeContiguousOptimized:gc.time                       issue-757-v1                32              3  thrpt   10      168.000                   ms
ProtobufCodecBenchmark.redissonDecodeCopiedByteArray                                   issue-757-v1                32              3  thrpt   10  2671363.140 ±  85774.651   ops/s
ProtobufCodecBenchmark.redissonDecodeCopiedByteArray:gc.alloc.rate                     issue-757-v1                32              3  thrpt   10    18710.645 ±    519.022  MB/sec
ProtobufCodecBenchmark.redissonDecodeCopiedByteArray:gc.alloc.rate.norm                issue-757-v1                32              3  thrpt   10     7680.003 ±      0.001    B/op
ProtobufCodecBenchmark.redissonDecodeCopiedByteArray:gc.count                          issue-757-v1                32              3  thrpt   10      307.000               counts
ProtobufCodecBenchmark.redissonDecodeCopiedByteArray:gc.time                           issue-757-v1                32              3  thrpt   10      197.000                   ms
ProtobufCodecBenchmark.serializerDecodeByteArray                                       issue-757-v1                32              3  thrpt   10  2675586.594 ± 295317.657   ops/s
ProtobufCodecBenchmark.serializerDecodeByteArray:gc.alloc.rate                         issue-757-v1                32              3  thrpt   10    13282.060 ±   1516.684  MB/sec
ProtobufCodecBenchmark.serializerDecodeByteArray:gc.alloc.rate.norm                    issue-757-v1                32              3  thrpt   10     5408.003 ±      0.001    B/op
ProtobufCodecBenchmark.serializerDecodeByteArray:gc.count                              issue-757-v1                32              3  thrpt   10      219.000               counts
ProtobufCodecBenchmark.serializerDecodeByteArray:gc.time                               issue-757-v1                32              3  thrpt   10      145.000                   ms
ProtobufCodecBenchmark.serializerDecodeDirectOptimized                                 issue-757-v1                32              3  thrpt   10  2261753.639 ±  32550.655   ops/s
ProtobufCodecBenchmark.serializerDecodeDirectOptimized:gc.alloc.rate                   issue-757-v1                32              3  thrpt   10    16088.216 ±    229.543  MB/sec
ProtobufCodecBenchmark.serializerDecodeDirectOptimized:gc.alloc.rate.norm              issue-757-v1                32              3  thrpt   10     7688.003 ±      0.001    B/op
ProtobufCodecBenchmark.serializerDecodeDirectOptimized:gc.count                        issue-757-v1                32              3  thrpt   10      266.000               counts
ProtobufCodecBenchmark.serializerDecodeDirectOptimized:gc.time                         issue-757-v1                32              3  thrpt   10      175.000                   ms
ProtobufCodecBenchmark.serializerDecodeHeapOptimized                                   issue-757-v1                32              3  thrpt   10  2286784.254 ±  24807.380   ops/s
ProtobufCodecBenchmark.serializerDecodeHeapOptimized:gc.alloc.rate                     issue-757-v1                32              3  thrpt   10    16289.956 ±    188.556  MB/sec
ProtobufCodecBenchmark.serializerDecodeHeapOptimized:gc.alloc.rate.norm                issue-757-v1                32              3  thrpt   10     7688.003 ±      0.001    B/op
ProtobufCodecBenchmark.serializerDecodeHeapOptimized:gc.count                          issue-757-v1                32              3  thrpt   10      269.000               counts
ProtobufCodecBenchmark.serializerDecodeHeapOptimized:gc.time                           issue-757-v1                32              3  thrpt   10      174.000                   ms
ProtobufCodecBenchmark.serializerEncodeByteArray                                       issue-757-v1                32              3  thrpt   10  4083784.728 ±  62236.821   ops/s
ProtobufCodecBenchmark.serializerEncodeByteArray:gc.alloc.rate                         issue-757-v1                32              3  thrpt   10    25062.158 ±    348.926  MB/sec
ProtobufCodecBenchmark.serializerEncodeByteArray:gc.alloc.rate.norm                    issue-757-v1                32              3  thrpt   10     6976.002 ±      0.001    B/op
ProtobufCodecBenchmark.serializerEncodeByteArray:gc.count                              issue-757-v1                32              3  thrpt   10      411.000               counts
ProtobufCodecBenchmark.serializerEncodeByteArray:gc.time                               issue-757-v1                32              3  thrpt   10      261.000                   ms
ProtobufCodecBenchmark.serializerEncodeDirectOptimized                                 issue-757-v1                32              3  thrpt   10  3676905.183 ±  54339.941   ops/s
ProtobufCodecBenchmark.serializerEncodeDirectOptimized:gc.alloc.rate                   issue-757-v1                32              3  thrpt   10    15957.946 ±    255.866  MB/sec
ProtobufCodecBenchmark.serializerEncodeDirectOptimized:gc.alloc.rate.norm              issue-757-v1                32              3  thrpt   10     4832.002 ±      0.001    B/op
ProtobufCodecBenchmark.serializerEncodeDirectOptimized:gc.count                        issue-757-v1                32              3  thrpt   10      262.000               counts
ProtobufCodecBenchmark.serializerEncodeDirectOptimized:gc.time                         issue-757-v1                32              3  thrpt   10      170.000                   ms
ProtobufCodecBenchmark.serializerEncodeHeapOptimized                                   issue-757-v1                32              3  thrpt   10  3698988.542 ±  57318.797   ops/s
ProtobufCodecBenchmark.serializerEncodeHeapOptimized:gc.alloc.rate                     issue-757-v1                32              3  thrpt   10    15962.681 ±    246.134  MB/sec
ProtobufCodecBenchmark.serializerEncodeHeapOptimized:gc.alloc.rate.norm                issue-757-v1                32              3  thrpt   10     4784.002 ±      0.001    B/op
ProtobufCodecBenchmark.serializerEncodeHeapOptimized:gc.count                          issue-757-v1                32              3  thrpt   10      263.000               counts
ProtobufCodecBenchmark.serializerEncodeHeapOptimized:gc.time                           issue-757-v1                32              3  thrpt   10      169.000                   ms
ProtobufCodecBenchmark.trustedFallbackDecodeBufferCompatibility                        issue-757-v1                32              3  thrpt   10   675648.966 ±  25907.029   ops/s
ProtobufCodecBenchmark.trustedFallbackDecodeBufferCompatibility:gc.alloc.rate          issue-757-v1                32              3  thrpt   10     3492.060 ±    132.651  MB/sec
ProtobufCodecBenchmark.trustedFallbackDecodeBufferCompatibility:gc.alloc.rate.norm     issue-757-v1                32              3  thrpt   10     5472.010 ±      0.001    B/op
ProtobufCodecBenchmark.trustedFallbackDecodeBufferCompatibility:gc.count               issue-757-v1                32              3  thrpt   10       58.000               counts
ProtobufCodecBenchmark.trustedFallbackDecodeBufferCompatibility:gc.time                issue-757-v1                32              3  thrpt   10       41.000                   ms
ProtobufCodecBenchmark.trustedFallbackDecodeByteArray                                  issue-757-v1                32              3  thrpt   10   726909.349 ±   7718.569   ops/s
ProtobufCodecBenchmark.trustedFallbackDecodeByteArray:gc.alloc.rate                    issue-757-v1                32              3  thrpt   10     3337.735 ±     35.213  MB/sec
ProtobufCodecBenchmark.trustedFallbackDecodeByteArray:gc.alloc.rate.norm               issue-757-v1                32              3  thrpt   10     4864.010 ±      0.001    B/op
ProtobufCodecBenchmark.trustedFallbackDecodeByteArray:gc.count                         issue-757-v1                32              3  thrpt   10       56.000               counts
ProtobufCodecBenchmark.trustedFallbackDecodeByteArray:gc.time                          issue-757-v1                32              3  thrpt   10       39.000                   ms
ProtobufCodecBenchmark.trustedFallbackEncodeBufferCompatibility                        issue-757-v1                32              3  thrpt   10  1639566.575 ±  31704.052   ops/s
ProtobufCodecBenchmark.trustedFallbackEncodeBufferCompatibility:gc.alloc.rate          issue-757-v1                32              3  thrpt   10     1036.873 ±     19.954  MB/sec
ProtobufCodecBenchmark.trustedFallbackEncodeBufferCompatibility:gc.alloc.rate.norm     issue-757-v1                32              3  thrpt   10      680.004 ±      0.001    B/op
ProtobufCodecBenchmark.trustedFallbackEncodeBufferCompatibility:gc.count               issue-757-v1                32              3  thrpt   10       18.000               counts
ProtobufCodecBenchmark.trustedFallbackEncodeBufferCompatibility:gc.time                issue-757-v1                32              3  thrpt   10       13.000                   ms
ProtobufCodecBenchmark.trustedFallbackEncodeByteArray                                  issue-757-v1                32              3  thrpt   10  1610014.278 ±  30270.926   ops/s
ProtobufCodecBenchmark.trustedFallbackEncodeByteArray:gc.alloc.rate                    issue-757-v1                32              3  thrpt   10      982.052 ±     17.278  MB/sec
ProtobufCodecBenchmark.trustedFallbackEncodeByteArray:gc.alloc.rate.norm               issue-757-v1                32              3  thrpt   10      656.004 ±      0.001    B/op
ProtobufCodecBenchmark.trustedFallbackEncodeByteArray:gc.count                         issue-757-v1                32              3  thrpt   10       16.000               counts
ProtobufCodecBenchmark.trustedFallbackEncodeByteArray:gc.time                          issue-757-v1                32              3  thrpt   10       12.000                   ms

Benchmark result is saved to /Users/debop/work/bluetape4k/bluetape4k-projects/.worktrees/feat-issue-757-protobuf-buffer-core/benchmark/protobuf-codec-benchmark/build/issue-757-evidence/run-20260718T210757.236799Z-cd971cfd/jmh.json
exit_code=0
