# JMH version: 1.37
# VM version: JDK 21.0.11, OpenJDK 64-Bit Server VM, 21.0.11
# VM invoker: /opt/homebrew/Cellar/openjdk@21/21.0.11/libexec/openjdk.jdk/Contents/Home/bin/java
# VM options: -Xms1g -Xmx1g -XX:+UseG1GC
# Blackhole mode: compiler (auto-detected, use -Djmh.blackhole.autoDetect=false to disable)
# Warmup: 3 iterations, 1 s each
# Measurement: 5 iterations, 1 s each
# Timeout: 10 min per iteration
# Threads: 1 thread, will synchronize iterations
# Benchmark mode: Throughput, ops/time
# Benchmark: io.bluetape4k.protobuf.benchmark.ProtobufCodecBenchmark.redissonDecodeCompositeCompatibility
# Parameters: (matrixVersion = issue-757-v1, targetHeadroom = 32, targetStart = 3)

# Run progress: 0.00% complete, ETA 00:03:28
# Fork: 1 of 2
# Warmup Iteration   1: 1974578.480 ops/s
# Warmup Iteration   2: 2347818.747 ops/s
# Warmup Iteration   3: 2315951.266 ops/s
Iteration   1: 2337141.932 ops/s
                 gc.alloc.rate:      17704.303 MB/sec
                 gc.alloc.rate.norm: 8208.003 B/op
                 gc.count:           30.000 counts
                 gc.time:            19.000 ms

Iteration   2: 2314028.313 ops/s
                 gc.alloc.rate:      17542.458 MB/sec
                 gc.alloc.rate.norm: 8208.003 B/op
                 gc.count:           29.000 counts
                 gc.time:            19.000 ms

Iteration   3: 2291138.211 ops/s
                 gc.alloc.rate:      17386.553 MB/sec
                 gc.alloc.rate.norm: 8208.003 B/op
                 gc.count:           28.000 counts
                 gc.time:            18.000 ms

Iteration   4: 2345414.055 ops/s
                 gc.alloc.rate:      17773.309 MB/sec
                 gc.alloc.rate.norm: 8208.003 B/op
                 gc.count:           30.000 counts
                 gc.time:            19.000 ms

Iteration   5: 2320748.138 ops/s
                 gc.alloc.rate:      17597.599 MB/sec
                 gc.alloc.rate.norm: 8208.003 B/op
                 gc.count:           29.000 counts
                 gc.time:            19.000 ms


# Run progress: 3.85% complete, ETA 00:03:29
# Fork: 2 of 2
# Warmup Iteration   1: 2049808.739 ops/s
# Warmup Iteration   2: 2303583.085 ops/s
# Warmup Iteration   3: 2294578.408 ops/s
Iteration   1: 2321536.095 ops/s
                 gc.alloc.rate:      17617.131 MB/sec
                 gc.alloc.rate.norm: 8208.003 B/op
                 gc.count:           29.000 counts
                 gc.time:            19.000 ms

Iteration   2: 2104096.384 ops/s
                 gc.alloc.rate:      15979.739 MB/sec
                 gc.alloc.rate.norm: 8208.003 B/op
                 gc.count:           27.000 counts
                 gc.time:            45.000 ms

Iteration   3: 2244465.181 ops/s
                 gc.alloc.rate:      17029.803 MB/sec
                 gc.alloc.rate.norm: 8208.003 B/op
                 gc.count:           28.000 counts
                 gc.time:            19.000 ms

Iteration   4: 2268561.948 ops/s
                 gc.alloc.rate:      17226.900 MB/sec
                 gc.alloc.rate.norm: 8208.003 B/op
                 gc.count:           28.000 counts
                 gc.time:            18.000 ms

Iteration   5: 2284660.022 ops/s
                 gc.alloc.rate:      17348.838 MB/sec
                 gc.alloc.rate.norm: 8208.003 B/op
                 gc.count:           29.000 counts
                 gc.time:            19.000 ms



Result "io.bluetape4k.protobuf.benchmark.ProtobufCodecBenchmark.redissonDecodeCompositeCompatibility":
  2283179.028 ±(99.9%) 106270.809 ops/s [Average]
  (min, avg, max) = (2104096.384, 2283179.028, 2345414.055), stdev = 70291.560
  CI (99.9%): [2176908.219, 2389449.837] (assumes normal distribution)

Secondary result "io.bluetape4k.protobuf.benchmark.ProtobufCodecBenchmark.redissonDecodeCompositeCompatibility:gc.alloc.rate":
  17320.663 ±(99.9%) 790.812 MB/sec [Average]
  (min, avg, max) = (15979.739, 17320.663, 17773.309), stdev = 523.073
  CI (99.9%): [16529.851, 18111.475] (assumes normal distribution)

Secondary result "io.bluetape4k.protobuf.benchmark.ProtobufCodecBenchmark.redissonDecodeCompositeCompatibility:gc.alloc.rate.norm":
  8208.003 ±(99.9%) 0.001 B/op [Average]
  (min, avg, max) = (8208.003, 8208.003, 8208.003), stdev = 0.001
  CI (99.9%): [8208.003, 8208.003] (assumes normal distribution)

Secondary result "io.bluetape4k.protobuf.benchmark.ProtobufCodecBenchmark.redissonDecodeCompositeCompatibility:gc.count":
  287.000 ±(99.9%) 0.001 counts [Sum]
  (min, avg, max) = (27.000, 28.700, 30.000), stdev = 0.949
  CI (99.9%): [287.000, 287.000] (assumes normal distribution)

Secondary result "io.bluetape4k.protobuf.benchmark.ProtobufCodecBenchmark.redissonDecodeCompositeCompatibility:gc.time":
  214.000 ±(99.9%) 0.001 ms [Sum]
  (min, avg, max) = (18.000, 21.400, 45.000), stdev = 8.303
  CI (99.9%): [214.000, 214.000] (assumes normal distribution)


# JMH version: 1.37
# VM version: JDK 21.0.11, OpenJDK 64-Bit Server VM, 21.0.11
# VM invoker: /opt/homebrew/Cellar/openjdk@21/21.0.11/libexec/openjdk.jdk/Contents/Home/bin/java
# VM options: -Xms1g -Xmx1g -XX:+UseG1GC
# Blackhole mode: compiler (auto-detected, use -Djmh.blackhole.autoDetect=false to disable)
# Warmup: 3 iterations, 1 s each
# Measurement: 5 iterations, 1 s each
# Timeout: 10 min per iteration
# Threads: 1 thread, will synchronize iterations
# Benchmark mode: Throughput, ops/time
# Benchmark: io.bluetape4k.protobuf.benchmark.ProtobufCodecBenchmark.redissonDecodeContiguousOptimized
# Parameters: (matrixVersion = issue-757-v1, targetHeadroom = 32, targetStart = 3)

# Run progress: 7.69% complete, ETA 00:03:20
# Fork: 1 of 2
# Warmup Iteration   1: 2736449.746 ops/s
# Warmup Iteration   2: 3005322.940 ops/s
# Warmup Iteration   3: 3043369.838 ops/s
Iteration   1: 3029919.390 ops/s
                 gc.alloc.rate:      15191.382 MB/sec
                 gc.alloc.rate.norm: 5512.002 B/op
                 gc.count:           25.000 counts
                 gc.time:            15.000 ms

Iteration   2: 3015249.719 ops/s
                 gc.alloc.rate:      15124.034 MB/sec
                 gc.alloc.rate.norm: 5512.002 B/op
                 gc.count:           25.000 counts
                 gc.time:            16.000 ms

Iteration   3: 3055917.214 ops/s
                 gc.alloc.rate:      15303.483 MB/sec
                 gc.alloc.rate.norm: 5512.002 B/op
                 gc.count:           25.000 counts
                 gc.time:            15.000 ms

Iteration   4: 3017759.252 ops/s
                 gc.alloc.rate:      15133.171 MB/sec
                 gc.alloc.rate.norm: 5512.002 B/op
                 gc.count:           25.000 counts
                 gc.time:            23.000 ms

Iteration   5: 3044081.658 ops/s
                 gc.alloc.rate:      15246.268 MB/sec
                 gc.alloc.rate.norm: 5512.002 B/op
                 gc.count:           25.000 counts
                 gc.time:            15.000 ms


# Run progress: 11.54% complete, ETA 00:03:12
# Fork: 2 of 2
# Warmup Iteration   1: 2821980.767 ops/s
# Warmup Iteration   2: 3207144.481 ops/s
# Warmup Iteration   3: 3160079.674 ops/s
Iteration   1: 3104341.775 ops/s
                 gc.alloc.rate:      15556.366 MB/sec
                 gc.alloc.rate.norm: 5512.002 B/op
                 gc.count:           26.000 counts
                 gc.time:            16.000 ms

Iteration   2: 3125079.607 ops/s
                 gc.alloc.rate:      15668.342 MB/sec
                 gc.alloc.rate.norm: 5512.002 B/op
                 gc.count:           26.000 counts
                 gc.time:            17.000 ms

Iteration   3: 3128831.768 ops/s
                 gc.alloc.rate:      15693.345 MB/sec
                 gc.alloc.rate.norm: 5512.002 B/op
                 gc.count:           26.000 counts
                 gc.time:            17.000 ms

Iteration   4: 3191650.890 ops/s
                 gc.alloc.rate:      16011.416 MB/sec
                 gc.alloc.rate.norm: 5512.002 B/op
                 gc.count:           26.000 counts
                 gc.time:            18.000 ms

Iteration   5: 3021125.218 ops/s
                 gc.alloc.rate:      15186.492 MB/sec
                 gc.alloc.rate.norm: 5512.002 B/op
                 gc.count:           25.000 counts
                 gc.time:            15.000 ms



Result "io.bluetape4k.protobuf.benchmark.ProtobufCodecBenchmark.redissonDecodeContiguousOptimized":
  3073395.649 ±(99.9%) 91477.996 ops/s [Average]
  (min, avg, max) = (3015249.719, 3073395.649, 3191650.890), stdev = 60507.030
  CI (99.9%): [2981917.654, 3164873.645] (assumes normal distribution)

Secondary result "io.bluetape4k.protobuf.benchmark.ProtobufCodecBenchmark.redissonDecodeContiguousOptimized:gc.alloc.rate":
  15411.430 ±(99.9%) 457.583 MB/sec [Average]
  (min, avg, max) = (15124.034, 15411.430, 16011.416), stdev = 302.663
  CI (99.9%): [14953.847, 15869.013] (assumes normal distribution)

Secondary result "io.bluetape4k.protobuf.benchmark.ProtobufCodecBenchmark.redissonDecodeContiguousOptimized:gc.alloc.rate.norm":
  5512.002 ±(99.9%) 0.001 B/op [Average]
  (min, avg, max) = (5512.002, 5512.002, 5512.002), stdev = 0.001
  CI (99.9%): [5512.002, 5512.002] (assumes normal distribution)

Secondary result "io.bluetape4k.protobuf.benchmark.ProtobufCodecBenchmark.redissonDecodeContiguousOptimized:gc.count":
  254.000 ±(99.9%) 0.001 counts [Sum]
  (min, avg, max) = (25.000, 25.400, 26.000), stdev = 0.516
  CI (99.9%): [254.000, 254.000] (assumes normal distribution)

Secondary result "io.bluetape4k.protobuf.benchmark.ProtobufCodecBenchmark.redissonDecodeContiguousOptimized:gc.time":
  167.000 ±(99.9%) 0.001 ms [Sum]
  (min, avg, max) = (15.000, 16.700, 23.000), stdev = 2.452
  CI (99.9%): [167.000, 167.000] (assumes normal distribution)


# JMH version: 1.37
# VM version: JDK 21.0.11, OpenJDK 64-Bit Server VM, 21.0.11
# VM invoker: /opt/homebrew/Cellar/openjdk@21/21.0.11/libexec/openjdk.jdk/Contents/Home/bin/java
# VM options: -Xms1g -Xmx1g -XX:+UseG1GC
# Blackhole mode: compiler (auto-detected, use -Djmh.blackhole.autoDetect=false to disable)
# Warmup: 3 iterations, 1 s each
# Measurement: 5 iterations, 1 s each
# Timeout: 10 min per iteration
# Threads: 1 thread, will synchronize iterations
# Benchmark mode: Throughput, ops/time
# Benchmark: io.bluetape4k.protobuf.benchmark.ProtobufCodecBenchmark.redissonDecodeCopiedByteArray
# Parameters: (matrixVersion = issue-757-v1, targetHeadroom = 32, targetStart = 3)

# Run progress: 15.38% complete, ETA 00:03:03
# Fork: 1 of 2
# Warmup Iteration   1: 2348533.919 ops/s
# Warmup Iteration   2: 2686437.658 ops/s
# Warmup Iteration   3: 2679341.017 ops/s
Iteration   1: 2565508.804 ops/s
                 gc.alloc.rate:      18039.528 MB/sec
                 gc.alloc.rate.norm: 7680.003 B/op
                 gc.count:           30.000 counts
                 gc.time:            24.000 ms

Iteration   2: 2649911.543 ops/s
                 gc.alloc.rate:      18573.657 MB/sec
                 gc.alloc.rate.norm: 7680.003 B/op
                 gc.count:           31.000 counts
                 gc.time:            18.000 ms

Iteration   3: 2633103.249 ops/s
                 gc.alloc.rate:      18478.908 MB/sec
                 gc.alloc.rate.norm: 7680.003 B/op
                 gc.count:           30.000 counts
                 gc.time:            19.000 ms

Iteration   4: 2675608.810 ops/s
                 gc.alloc.rate:      18727.695 MB/sec
                 gc.alloc.rate.norm: 7680.003 B/op
                 gc.count:           31.000 counts
                 gc.time:            19.000 ms

Iteration   5: 2667945.994 ops/s
                 gc.alloc.rate:      18683.182 MB/sec
                 gc.alloc.rate.norm: 7680.003 B/op
                 gc.count:           31.000 counts
                 gc.time:            20.000 ms


# Run progress: 19.23% complete, ETA 00:02:55
# Fork: 2 of 2
# Warmup Iteration   1: 2423509.689 ops/s
# Warmup Iteration   2: 2575819.556 ops/s
# Warmup Iteration   3: 2589124.354 ops/s
Iteration   1: 2596496.319 ops/s
                 gc.alloc.rate:      18343.065 MB/sec
                 gc.alloc.rate.norm: 7680.003 B/op
                 gc.count:           30.000 counts
                 gc.time:            20.000 ms

Iteration   2: 2535381.690 ops/s
                 gc.alloc.rate:      17999.060 MB/sec
                 gc.alloc.rate.norm: 7680.003 B/op
                 gc.count:           29.000 counts
                 gc.time:            19.000 ms

Iteration   3: 2535285.483 ops/s
                 gc.alloc.rate:      18019.105 MB/sec
                 gc.alloc.rate.norm: 7680.003 B/op
                 gc.count:           30.000 counts
                 gc.time:            18.000 ms

Iteration   4: 2597456.805 ops/s
                 gc.alloc.rate:      18424.784 MB/sec
                 gc.alloc.rate.norm: 7680.003 B/op
                 gc.count:           30.000 counts
                 gc.time:            19.000 ms

Iteration   5: 2592380.887 ops/s
                 gc.alloc.rate:      18352.281 MB/sec
                 gc.alloc.rate.norm: 7680.003 B/op
                 gc.count:           31.000 counts
                 gc.time:            20.000 ms



Result "io.bluetape4k.protobuf.benchmark.ProtobufCodecBenchmark.redissonDecodeCopiedByteArray":
  2604907.958 ±(99.9%) 76940.498 ops/s [Average]
  (min, avg, max) = (2535285.483, 2604907.958, 2675608.810), stdev = 50891.375
  CI (99.9%): [2527967.461, 2681848.456] (assumes normal distribution)

Secondary result "io.bluetape4k.protobuf.benchmark.ProtobufCodecBenchmark.redissonDecodeCopiedByteArray:gc.alloc.rate":
  18364.126 ±(99.9%) 407.235 MB/sec [Average]
  (min, avg, max) = (17999.060, 18364.126, 18727.695), stdev = 269.361
  CI (99.9%): [17956.891, 18771.361] (assumes normal distribution)

Secondary result "io.bluetape4k.protobuf.benchmark.ProtobufCodecBenchmark.redissonDecodeCopiedByteArray:gc.alloc.rate.norm":
  7680.003 ±(99.9%) 0.001 B/op [Average]
  (min, avg, max) = (7680.003, 7680.003, 7680.003), stdev = 0.001
  CI (99.9%): [7680.003, 7680.003] (assumes normal distribution)

Secondary result "io.bluetape4k.protobuf.benchmark.ProtobufCodecBenchmark.redissonDecodeCopiedByteArray:gc.count":
  303.000 ±(99.9%) 0.001 counts [Sum]
  (min, avg, max) = (29.000, 30.300, 31.000), stdev = 0.675
  CI (99.9%): [303.000, 303.000] (assumes normal distribution)

Secondary result "io.bluetape4k.protobuf.benchmark.ProtobufCodecBenchmark.redissonDecodeCopiedByteArray:gc.time":
  196.000 ±(99.9%) 0.001 ms [Sum]
  (min, avg, max) = (18.000, 19.600, 24.000), stdev = 1.713
  CI (99.9%): [196.000, 196.000] (assumes normal distribution)


# JMH version: 1.37
# VM version: JDK 21.0.11, OpenJDK 64-Bit Server VM, 21.0.11
# VM invoker: /opt/homebrew/Cellar/openjdk@21/21.0.11/libexec/openjdk.jdk/Contents/Home/bin/java
# VM options: -Xms1g -Xmx1g -XX:+UseG1GC
# Blackhole mode: compiler (auto-detected, use -Djmh.blackhole.autoDetect=false to disable)
# Warmup: 3 iterations, 1 s each
# Measurement: 5 iterations, 1 s each
# Timeout: 10 min per iteration
# Threads: 1 thread, will synchronize iterations
# Benchmark mode: Throughput, ops/time
# Benchmark: io.bluetape4k.protobuf.benchmark.ProtobufCodecBenchmark.serializerDecodeByteArray
# Parameters: (matrixVersion = issue-757-v1, targetHeadroom = 32, targetStart = 3)

# Run progress: 23.08% complete, ETA 00:02:47
# Fork: 1 of 2
# Warmup Iteration   1: 2804193.705 ops/s
# Warmup Iteration   2: 2774357.717 ops/s
# Warmup Iteration   3: 2745846.136 ops/s
Iteration   1: 2809861.012 ops/s
                 gc.alloc.rate:      13903.475 MB/sec
                 gc.alloc.rate.norm: 5408.003 B/op
                 gc.count:           23.000 counts
                 gc.time:            15.000 ms

Iteration   2: 2807592.265 ops/s
                 gc.alloc.rate:      13888.494 MB/sec
                 gc.alloc.rate.norm: 5408.003 B/op
                 gc.count:           23.000 counts
                 gc.time:            15.000 ms

Iteration   3: 2626846.460 ops/s
                 gc.alloc.rate:      13009.984 MB/sec
                 gc.alloc.rate.norm: 5408.003 B/op
                 gc.count:           21.000 counts
                 gc.time:            18.000 ms

Iteration   4: 2817543.194 ops/s
                 gc.alloc.rate:      13946.752 MB/sec
                 gc.alloc.rate.norm: 5408.003 B/op
                 gc.count:           23.000 counts
                 gc.time:            14.000 ms

Iteration   5: 2785214.402 ops/s
                 gc.alloc.rate:      13773.777 MB/sec
                 gc.alloc.rate.norm: 5408.003 B/op
                 gc.count:           23.000 counts
                 gc.time:            16.000 ms


# Run progress: 26.92% complete, ETA 00:02:38
# Fork: 2 of 2
# Warmup Iteration   1: 2781521.625 ops/s
# Warmup Iteration   2: 2740590.828 ops/s
# Warmup Iteration   3: 2811368.641 ops/s
Iteration   1: 2772596.054 ops/s
                 gc.alloc.rate:      13709.736 MB/sec
                 gc.alloc.rate.norm: 5408.003 B/op
                 gc.count:           22.000 counts
                 gc.time:            15.000 ms

Iteration   2: 2796702.000 ops/s
                 gc.alloc.rate:      13834.774 MB/sec
                 gc.alloc.rate.norm: 5408.003 B/op
                 gc.count:           23.000 counts
                 gc.time:            15.000 ms

Iteration   3: 2805670.214 ops/s
                 gc.alloc.rate:      13878.284 MB/sec
                 gc.alloc.rate.norm: 5408.003 B/op
                 gc.count:           23.000 counts
                 gc.time:            16.000 ms

Iteration   4: 2797959.922 ops/s
                 gc.alloc.rate:      13831.976 MB/sec
                 gc.alloc.rate.norm: 5408.003 B/op
                 gc.count:           23.000 counts
                 gc.time:            14.000 ms

Iteration   5: 2814509.640 ops/s
                 gc.alloc.rate:      13924.018 MB/sec
                 gc.alloc.rate.norm: 5408.003 B/op
                 gc.count:           23.000 counts
                 gc.time:            15.000 ms



Result "io.bluetape4k.protobuf.benchmark.ProtobufCodecBenchmark.serializerDecodeByteArray":
  2783449.516 ±(99.9%) 85720.693 ops/s [Average]
  (min, avg, max) = (2626846.460, 2783449.516, 2817543.194), stdev = 56698.931
  CI (99.9%): [2697728.823, 2869170.209] (assumes normal distribution)

Secondary result "io.bluetape4k.protobuf.benchmark.ProtobufCodecBenchmark.serializerDecodeByteArray:gc.alloc.rate":
  13770.127 ±(99.9%) 417.962 MB/sec [Average]
  (min, avg, max) = (13009.984, 13770.127, 13946.752), stdev = 276.456
  CI (99.9%): [13352.165, 14188.089] (assumes normal distribution)

Secondary result "io.bluetape4k.protobuf.benchmark.ProtobufCodecBenchmark.serializerDecodeByteArray:gc.alloc.rate.norm":
  5408.003 ±(99.9%) 0.001 B/op [Average]
  (min, avg, max) = (5408.003, 5408.003, 5408.003), stdev = 0.001
  CI (99.9%): [5408.002, 5408.003] (assumes normal distribution)

Secondary result "io.bluetape4k.protobuf.benchmark.ProtobufCodecBenchmark.serializerDecodeByteArray:gc.count":
  227.000 ±(99.9%) 0.001 counts [Sum]
  (min, avg, max) = (21.000, 22.700, 23.000), stdev = 0.675
  CI (99.9%): [227.000, 227.000] (assumes normal distribution)

Secondary result "io.bluetape4k.protobuf.benchmark.ProtobufCodecBenchmark.serializerDecodeByteArray:gc.time":
  153.000 ±(99.9%) 0.001 ms [Sum]
  (min, avg, max) = (14.000, 15.300, 18.000), stdev = 1.160
  CI (99.9%): [153.000, 153.000] (assumes normal distribution)


# JMH version: 1.37
# VM version: JDK 21.0.11, OpenJDK 64-Bit Server VM, 21.0.11
# VM invoker: /opt/homebrew/Cellar/openjdk@21/21.0.11/libexec/openjdk.jdk/Contents/Home/bin/java
# VM options: -Xms1g -Xmx1g -XX:+UseG1GC
# Blackhole mode: compiler (auto-detected, use -Djmh.blackhole.autoDetect=false to disable)
# Warmup: 3 iterations, 1 s each
# Measurement: 5 iterations, 1 s each
# Timeout: 10 min per iteration
# Threads: 1 thread, will synchronize iterations
# Benchmark mode: Throughput, ops/time
# Benchmark: io.bluetape4k.protobuf.benchmark.ProtobufCodecBenchmark.serializerDecodeDirectOptimized
# Parameters: (matrixVersion = issue-757-v1, targetHeadroom = 32, targetStart = 3)

# Run progress: 30.77% complete, ETA 00:02:30
# Fork: 1 of 2
# Warmup Iteration   1: 2017036.355 ops/s
# Warmup Iteration   2: 2217917.739 ops/s
# Warmup Iteration   3: 2199463.731 ops/s
Iteration   1: 2215404.060 ops/s
                 gc.alloc.rate:      15736.365 MB/sec
                 gc.alloc.rate.norm: 7688.003 B/op
                 gc.count:           25.000 counts
                 gc.time:            16.000 ms

Iteration   2: 2238560.895 ops/s
                 gc.alloc.rate:      15898.109 MB/sec
                 gc.alloc.rate.norm: 7688.003 B/op
                 gc.count:           27.000 counts
                 gc.time:            19.000 ms

Iteration   3: 2223377.079 ops/s
                 gc.alloc.rate:      15797.984 MB/sec
                 gc.alloc.rate.norm: 7688.003 B/op
                 gc.count:           26.000 counts
                 gc.time:            16.000 ms

Iteration   4: 2220459.653 ops/s
                 gc.alloc.rate:      15768.123 MB/sec
                 gc.alloc.rate.norm: 7688.003 B/op
                 gc.count:           26.000 counts
                 gc.time:            17.000 ms

Iteration   5: 2201342.558 ops/s
                 gc.alloc.rate:      15627.681 MB/sec
                 gc.alloc.rate.norm: 7688.003 B/op
                 gc.count:           25.000 counts
                 gc.time:            17.000 ms


# Run progress: 34.62% complete, ETA 00:02:21
# Fork: 2 of 2
# Warmup Iteration   1: 2097968.390 ops/s
# Warmup Iteration   2: 2374929.111 ops/s
# Warmup Iteration   3: 2357031.457 ops/s
Iteration   1: 2368389.462 ops/s
                 gc.alloc.rate:      16772.888 MB/sec
                 gc.alloc.rate.norm: 7688.003 B/op
                 gc.count:           28.000 counts
                 gc.time:            19.000 ms

Iteration   2: 2358622.052 ops/s
                 gc.alloc.rate:      16723.640 MB/sec
                 gc.alloc.rate.norm: 7688.003 B/op
                 gc.count:           27.000 counts
                 gc.time:            17.000 ms

Iteration   3: 2352338.522 ops/s
                 gc.alloc.rate:      16678.406 MB/sec
                 gc.alloc.rate.norm: 7688.003 B/op
                 gc.count:           28.000 counts
                 gc.time:            18.000 ms

Iteration   4: 2326429.843 ops/s
                 gc.alloc.rate:      16516.981 MB/sec
                 gc.alloc.rate.norm: 7688.003 B/op
                 gc.count:           27.000 counts
                 gc.time:            17.000 ms

Iteration   5: 2325180.149 ops/s
                 gc.alloc.rate:      16478.188 MB/sec
                 gc.alloc.rate.norm: 7688.003 B/op
                 gc.count:           27.000 counts
                 gc.time:            17.000 ms



Result "io.bluetape4k.protobuf.benchmark.ProtobufCodecBenchmark.serializerDecodeDirectOptimized":
  2283010.427 ±(99.9%) 103477.735 ops/s [Average]
  (min, avg, max) = (2201342.558, 2283010.427, 2368389.462), stdev = 68444.115
  CI (99.9%): [2179532.693, 2386488.162] (assumes normal distribution)

Secondary result "io.bluetape4k.protobuf.benchmark.ProtobufCodecBenchmark.serializerDecodeDirectOptimized:gc.alloc.rate":
  16199.837 ±(99.9%) 711.076 MB/sec [Average]
  (min, avg, max) = (15627.681, 16199.837, 16772.888), stdev = 470.333
  CI (99.9%): [15488.761, 16910.913] (assumes normal distribution)

Secondary result "io.bluetape4k.protobuf.benchmark.ProtobufCodecBenchmark.serializerDecodeDirectOptimized:gc.alloc.rate.norm":
  7688.003 ±(99.9%) 0.001 B/op [Average]
  (min, avg, max) = (7688.003, 7688.003, 7688.003), stdev = 0.001
  CI (99.9%): [7688.003, 7688.003] (assumes normal distribution)

Secondary result "io.bluetape4k.protobuf.benchmark.ProtobufCodecBenchmark.serializerDecodeDirectOptimized:gc.count":
  266.000 ±(99.9%) 0.001 counts [Sum]
  (min, avg, max) = (25.000, 26.600, 28.000), stdev = 1.075
  CI (99.9%): [266.000, 266.000] (assumes normal distribution)

Secondary result "io.bluetape4k.protobuf.benchmark.ProtobufCodecBenchmark.serializerDecodeDirectOptimized:gc.time":
  173.000 ±(99.9%) 0.001 ms [Sum]
  (min, avg, max) = (16.000, 17.300, 19.000), stdev = 1.059
  CI (99.9%): [173.000, 173.000] (assumes normal distribution)


# JMH version: 1.37
# VM version: JDK 21.0.11, OpenJDK 64-Bit Server VM, 21.0.11
# VM invoker: /opt/homebrew/Cellar/openjdk@21/21.0.11/libexec/openjdk.jdk/Contents/Home/bin/java
# VM options: -Xms1g -Xmx1g -XX:+UseG1GC
# Blackhole mode: compiler (auto-detected, use -Djmh.blackhole.autoDetect=false to disable)
# Warmup: 3 iterations, 1 s each
# Measurement: 5 iterations, 1 s each
# Timeout: 10 min per iteration
# Threads: 1 thread, will synchronize iterations
# Benchmark mode: Throughput, ops/time
# Benchmark: io.bluetape4k.protobuf.benchmark.ProtobufCodecBenchmark.serializerDecodeHeapOptimized
# Parameters: (matrixVersion = issue-757-v1, targetHeadroom = 32, targetStart = 3)

# Run progress: 38.46% complete, ETA 00:02:13
# Fork: 1 of 2
# Warmup Iteration   1: 2009982.226 ops/s
# Warmup Iteration   2: 2265532.185 ops/s
# Warmup Iteration   3: 2300096.114 ops/s
Iteration   1: 2297904.286 ops/s
                 gc.alloc.rate:      16377.884 MB/sec
                 gc.alloc.rate.norm: 7688.003 B/op
                 gc.count:           26.000 counts
                 gc.time:            17.000 ms

Iteration   2: 2299452.421 ops/s
                 gc.alloc.rate:      16384.766 MB/sec
                 gc.alloc.rate.norm: 7688.003 B/op
                 gc.count:           27.000 counts
                 gc.time:            16.000 ms

Iteration   3: 2295624.432 ops/s
                 gc.alloc.rate:      16362.107 MB/sec
                 gc.alloc.rate.norm: 7688.003 B/op
                 gc.count:           27.000 counts
                 gc.time:            17.000 ms

Iteration   4: 2294401.600 ops/s
                 gc.alloc.rate:      16346.978 MB/sec
                 gc.alloc.rate.norm: 7688.003 B/op
                 gc.count:           27.000 counts
                 gc.time:            17.000 ms

Iteration   5: 2306284.699 ops/s
                 gc.alloc.rate:      16437.655 MB/sec
                 gc.alloc.rate.norm: 7688.003 B/op
                 gc.count:           27.000 counts
                 gc.time:            18.000 ms


# Run progress: 42.31% complete, ETA 00:02:05
# Fork: 2 of 2
# Warmup Iteration   1: 2321306.766 ops/s
# Warmup Iteration   2: 2215366.940 ops/s
# Warmup Iteration   3: 2269978.776 ops/s
Iteration   1: 2280114.468 ops/s
                 gc.alloc.rate:      16247.095 MB/sec
                 gc.alloc.rate.norm: 7688.003 B/op
                 gc.count:           26.000 counts
                 gc.time:            17.000 ms

Iteration   2: 2259170.186 ops/s
                 gc.alloc.rate:      16086.177 MB/sec
                 gc.alloc.rate.norm: 7688.003 B/op
                 gc.count:           27.000 counts
                 gc.time:            17.000 ms

Iteration   3: 2272436.407 ops/s
                 gc.alloc.rate:      16192.963 MB/sec
                 gc.alloc.rate.norm: 7688.003 B/op
                 gc.count:           26.000 counts
                 gc.time:            17.000 ms

Iteration   4: 2290300.088 ops/s
                 gc.alloc.rate:      16324.334 MB/sec
                 gc.alloc.rate.norm: 7688.003 B/op
                 gc.count:           27.000 counts
                 gc.time:            17.000 ms

Iteration   5: 2278655.046 ops/s
                 gc.alloc.rate:      16224.397 MB/sec
                 gc.alloc.rate.norm: 7688.003 B/op
                 gc.count:           27.000 counts
                 gc.time:            18.000 ms



Result "io.bluetape4k.protobuf.benchmark.ProtobufCodecBenchmark.serializerDecodeHeapOptimized":
  2287434.363 ±(99.9%) 21895.442 ops/s [Average]
  (min, avg, max) = (2259170.186, 2287434.363, 2306284.699), stdev = 14482.479
  CI (99.9%): [2265538.921, 2309329.805] (assumes normal distribution)

Secondary result "io.bluetape4k.protobuf.benchmark.ProtobufCodecBenchmark.serializerDecodeHeapOptimized:gc.alloc.rate":
  16298.436 ±(99.9%) 162.929 MB/sec [Average]
  (min, avg, max) = (16086.177, 16298.436, 16437.655), stdev = 107.767
  CI (99.9%): [16135.507, 16461.364] (assumes normal distribution)

Secondary result "io.bluetape4k.protobuf.benchmark.ProtobufCodecBenchmark.serializerDecodeHeapOptimized:gc.alloc.rate.norm":
  7688.003 ±(99.9%) 0.001 B/op [Average]
  (min, avg, max) = (7688.003, 7688.003, 7688.003), stdev = 0.001
  CI (99.9%): [7688.003, 7688.003] (assumes normal distribution)

Secondary result "io.bluetape4k.protobuf.benchmark.ProtobufCodecBenchmark.serializerDecodeHeapOptimized:gc.count":
  267.000 ±(99.9%) 0.001 counts [Sum]
  (min, avg, max) = (26.000, 26.700, 27.000), stdev = 0.483
  CI (99.9%): [267.000, 267.000] (assumes normal distribution)

Secondary result "io.bluetape4k.protobuf.benchmark.ProtobufCodecBenchmark.serializerDecodeHeapOptimized:gc.time":
  171.000 ±(99.9%) 0.001 ms [Sum]
  (min, avg, max) = (16.000, 17.100, 18.000), stdev = 0.568
  CI (99.9%): [171.000, 171.000] (assumes normal distribution)


# JMH version: 1.37
# VM version: JDK 21.0.11, OpenJDK 64-Bit Server VM, 21.0.11
# VM invoker: /opt/homebrew/Cellar/openjdk@21/21.0.11/libexec/openjdk.jdk/Contents/Home/bin/java
# VM options: -Xms1g -Xmx1g -XX:+UseG1GC
# Blackhole mode: compiler (auto-detected, use -Djmh.blackhole.autoDetect=false to disable)
# Warmup: 3 iterations, 1 s each
# Measurement: 5 iterations, 1 s each
# Timeout: 10 min per iteration
# Threads: 1 thread, will synchronize iterations
# Benchmark mode: Throughput, ops/time
# Benchmark: io.bluetape4k.protobuf.benchmark.ProtobufCodecBenchmark.serializerEncodeByteArray
# Parameters: (matrixVersion = issue-757-v1, targetHeadroom = 32, targetStart = 3)

# Run progress: 46.15% complete, ETA 00:01:56
# Fork: 1 of 2
# Warmup Iteration   1: 3753635.655 ops/s
# Warmup Iteration   2: 4042127.508 ops/s
# Warmup Iteration   3: 4093796.689 ops/s
Iteration   1: 4125934.774 ops/s
                 gc.alloc.rate:      25299.706 MB/sec
                 gc.alloc.rate.norm: 6976.002 B/op
                 gc.count:           41.000 counts
                 gc.time:            26.000 ms

Iteration   2: 3923148.202 ops/s
                 gc.alloc.rate:      24229.172 MB/sec
                 gc.alloc.rate.norm: 6976.002 B/op
                 gc.count:           40.000 counts
                 gc.time:            26.000 ms

Iteration   3: 4035465.772 ops/s
                 gc.alloc.rate:      24803.791 MB/sec
                 gc.alloc.rate.norm: 6976.002 B/op
                 gc.count:           41.000 counts
                 gc.time:            25.000 ms

Iteration   4: 4048801.439 ops/s
                 gc.alloc.rate:      24852.937 MB/sec
                 gc.alloc.rate.norm: 6976.002 B/op
                 gc.count:           41.000 counts
                 gc.time:            26.000 ms

Iteration   5: 4034349.126 ops/s
                 gc.alloc.rate:      24761.759 MB/sec
                 gc.alloc.rate.norm: 6976.002 B/op
                 gc.count:           40.000 counts
                 gc.time:            25.000 ms


# Run progress: 50.00% complete, ETA 00:01:48
# Fork: 2 of 2
# Warmup Iteration   1: 3659793.549 ops/s
# Warmup Iteration   2: 3984553.472 ops/s
# Warmup Iteration   3: 4023075.035 ops/s
Iteration   1: 4121750.457 ops/s
                 gc.alloc.rate:      25271.856 MB/sec
                 gc.alloc.rate.norm: 6976.002 B/op
                 gc.count:           41.000 counts
                 gc.time:            26.000 ms

Iteration   2: 4058204.053 ops/s
                 gc.alloc.rate:      24903.681 MB/sec
                 gc.alloc.rate.norm: 6976.002 B/op
                 gc.count:           41.000 counts
                 gc.time:            26.000 ms

Iteration   3: 4024580.624 ops/s
                 gc.alloc.rate:      24736.838 MB/sec
                 gc.alloc.rate.norm: 6976.002 B/op
                 gc.count:           41.000 counts
                 gc.time:            26.000 ms

Iteration   4: 4035709.007 ops/s
                 gc.alloc.rate:      24786.599 MB/sec
                 gc.alloc.rate.norm: 6976.002 B/op
                 gc.count:           41.000 counts
                 gc.time:            26.000 ms

Iteration   5: 3962940.176 ops/s
                 gc.alloc.rate:      24396.958 MB/sec
                 gc.alloc.rate.norm: 6976.002 B/op
                 gc.count:           40.000 counts
                 gc.time:            25.000 ms



Result "io.bluetape4k.protobuf.benchmark.ProtobufCodecBenchmark.serializerEncodeByteArray":
  4037088.363 ±(99.9%) 93324.072 ops/s [Average]
  (min, avg, max) = (3923148.202, 4037088.363, 4125934.774), stdev = 61728.095
  CI (99.9%): [3943764.291, 4130412.435] (assumes normal distribution)

Secondary result "io.bluetape4k.protobuf.benchmark.ProtobufCodecBenchmark.serializerEncodeByteArray:gc.alloc.rate":
  24804.330 ±(99.9%) 498.799 MB/sec [Average]
  (min, avg, max) = (24229.172, 24804.330, 25299.706), stdev = 329.925
  CI (99.9%): [24305.531, 25303.129] (assumes normal distribution)

Secondary result "io.bluetape4k.protobuf.benchmark.ProtobufCodecBenchmark.serializerEncodeByteArray:gc.alloc.rate.norm":
  6976.002 ±(99.9%) 0.001 B/op [Average]
  (min, avg, max) = (6976.002, 6976.002, 6976.002), stdev = 0.001
  CI (99.9%): [6976.002, 6976.002] (assumes normal distribution)

Secondary result "io.bluetape4k.protobuf.benchmark.ProtobufCodecBenchmark.serializerEncodeByteArray:gc.count":
  407.000 ±(99.9%) 0.001 counts [Sum]
  (min, avg, max) = (40.000, 40.700, 41.000), stdev = 0.483
  CI (99.9%): [407.000, 407.000] (assumes normal distribution)

Secondary result "io.bluetape4k.protobuf.benchmark.ProtobufCodecBenchmark.serializerEncodeByteArray:gc.time":
  257.000 ±(99.9%) 0.001 ms [Sum]
  (min, avg, max) = (25.000, 25.700, 26.000), stdev = 0.483
  CI (99.9%): [257.000, 257.000] (assumes normal distribution)


# JMH version: 1.37
# VM version: JDK 21.0.11, OpenJDK 64-Bit Server VM, 21.0.11
# VM invoker: /opt/homebrew/Cellar/openjdk@21/21.0.11/libexec/openjdk.jdk/Contents/Home/bin/java
# VM options: -Xms1g -Xmx1g -XX:+UseG1GC
# Blackhole mode: compiler (auto-detected, use -Djmh.blackhole.autoDetect=false to disable)
# Warmup: 3 iterations, 1 s each
# Measurement: 5 iterations, 1 s each
# Timeout: 10 min per iteration
# Threads: 1 thread, will synchronize iterations
# Benchmark mode: Throughput, ops/time
# Benchmark: io.bluetape4k.protobuf.benchmark.ProtobufCodecBenchmark.serializerEncodeDirectOptimized
# Parameters: (matrixVersion = issue-757-v1, targetHeadroom = 32, targetStart = 3)

# Run progress: 53.85% complete, ETA 00:01:40
# Fork: 1 of 2
# Warmup Iteration   1: 3292641.341 ops/s
# Warmup Iteration   2: 3694398.165 ops/s
# Warmup Iteration   3: 3723603.544 ops/s
Iteration   1: 3701458.467 ops/s
                 gc.alloc.rate:      16059.855 MB/sec
                 gc.alloc.rate.norm: 4832.002 B/op
                 gc.count:           27.000 counts
                 gc.time:            18.000 ms

Iteration   2: 3638086.024 ops/s
                 gc.alloc.rate:      15795.276 MB/sec
                 gc.alloc.rate.norm: 4832.002 B/op
                 gc.count:           26.000 counts
                 gc.time:            16.000 ms

Iteration   3: 3748968.435 ops/s
                 gc.alloc.rate:      16300.312 MB/sec
                 gc.alloc.rate.norm: 4832.002 B/op
                 gc.count:           27.000 counts
                 gc.time:            17.000 ms

Iteration   4: 3749897.982 ops/s
                 gc.alloc.rate:      16315.045 MB/sec
                 gc.alloc.rate.norm: 4832.002 B/op
                 gc.count:           26.000 counts
                 gc.time:            17.000 ms

Iteration   5: 3707970.793 ops/s
                 gc.alloc.rate:      16125.562 MB/sec
                 gc.alloc.rate.norm: 4832.002 B/op
                 gc.count:           27.000 counts
                 gc.time:            17.000 ms


# Run progress: 57.69% complete, ETA 00:01:31
# Fork: 2 of 2
# Warmup Iteration   1: 3383222.271 ops/s
# Warmup Iteration   2: 3749551.925 ops/s
# Warmup Iteration   3: 3746162.517 ops/s
Iteration   1: 3632876.184 ops/s
                 gc.alloc.rate:      15777.006 MB/sec
                 gc.alloc.rate.norm: 4832.002 B/op
                 gc.count:           26.000 counts
                 gc.time:            22.000 ms

Iteration   2: 3725011.971 ops/s
                 gc.alloc.rate:      16211.327 MB/sec
                 gc.alloc.rate.norm: 4832.002 B/op
                 gc.count:           27.000 counts
                 gc.time:            17.000 ms

Iteration   3: 3703556.791 ops/s
                 gc.alloc.rate:      16114.165 MB/sec
                 gc.alloc.rate.norm: 4832.002 B/op
                 gc.count:           27.000 counts
                 gc.time:            18.000 ms

Iteration   4: 3758928.356 ops/s
                 gc.alloc.rate:      16355.585 MB/sec
                 gc.alloc.rate.norm: 4832.002 B/op
                 gc.count:           27.000 counts
                 gc.time:            17.000 ms

Iteration   5: 3795895.358 ops/s
                 gc.alloc.rate:      16537.419 MB/sec
                 gc.alloc.rate.norm: 4832.002 B/op
                 gc.count:           27.000 counts
                 gc.time:            18.000 ms



Result "io.bluetape4k.protobuf.benchmark.ProtobufCodecBenchmark.serializerEncodeDirectOptimized":
  3716265.036 ±(99.9%) 77996.356 ops/s [Average]
  (min, avg, max) = (3632876.184, 3716265.036, 3795895.358), stdev = 51589.760
  CI (99.9%): [3638268.680, 3794261.392] (assumes normal distribution)

Secondary result "io.bluetape4k.protobuf.benchmark.ProtobufCodecBenchmark.serializerEncodeDirectOptimized:gc.alloc.rate":
  16159.155 ±(99.9%) 363.432 MB/sec [Average]
  (min, avg, max) = (15777.006, 16159.155, 16537.419), stdev = 240.388
  CI (99.9%): [15795.723, 16522.587] (assumes normal distribution)

Secondary result "io.bluetape4k.protobuf.benchmark.ProtobufCodecBenchmark.serializerEncodeDirectOptimized:gc.alloc.rate.norm":
  4832.002 ±(99.9%) 0.001 B/op [Average]
  (min, avg, max) = (4832.002, 4832.002, 4832.002), stdev = 0.001
  CI (99.9%): [4832.002, 4832.002] (assumes normal distribution)

Secondary result "io.bluetape4k.protobuf.benchmark.ProtobufCodecBenchmark.serializerEncodeDirectOptimized:gc.count":
  267.000 ±(99.9%) 0.001 counts [Sum]
  (min, avg, max) = (26.000, 26.700, 27.000), stdev = 0.483
  CI (99.9%): [267.000, 267.000] (assumes normal distribution)

Secondary result "io.bluetape4k.protobuf.benchmark.ProtobufCodecBenchmark.serializerEncodeDirectOptimized:gc.time":
  177.000 ±(99.9%) 0.001 ms [Sum]
  (min, avg, max) = (16.000, 17.700, 22.000), stdev = 1.636
  CI (99.9%): [177.000, 177.000] (assumes normal distribution)


# JMH version: 1.37
# VM version: JDK 21.0.11, OpenJDK 64-Bit Server VM, 21.0.11
# VM invoker: /opt/homebrew/Cellar/openjdk@21/21.0.11/libexec/openjdk.jdk/Contents/Home/bin/java
# VM options: -Xms1g -Xmx1g -XX:+UseG1GC
# Blackhole mode: compiler (auto-detected, use -Djmh.blackhole.autoDetect=false to disable)
# Warmup: 3 iterations, 1 s each
# Measurement: 5 iterations, 1 s each
# Timeout: 10 min per iteration
# Threads: 1 thread, will synchronize iterations
# Benchmark mode: Throughput, ops/time
# Benchmark: io.bluetape4k.protobuf.benchmark.ProtobufCodecBenchmark.serializerEncodeHeapOptimized
# Parameters: (matrixVersion = issue-757-v1, targetHeadroom = 32, targetStart = 3)

# Run progress: 61.54% complete, ETA 00:01:23
# Fork: 1 of 2
# Warmup Iteration   1: 3450386.979 ops/s
# Warmup Iteration   2: 3788404.028 ops/s
# Warmup Iteration   3: 3797762.753 ops/s
Iteration   1: 3805641.945 ops/s
                 gc.alloc.rate:      16568.734 MB/sec
                 gc.alloc.rate.norm: 4784.002 B/op
                 gc.count:           27.000 counts
                 gc.time:            17.000 ms

Iteration   2: 3722150.397 ops/s
                 gc.alloc.rate:      16140.571 MB/sec
                 gc.alloc.rate.norm: 4784.002 B/op
                 gc.count:           27.000 counts
                 gc.time:            17.000 ms

Iteration   3: 3781104.083 ops/s
                 gc.alloc.rate:      16453.472 MB/sec
                 gc.alloc.rate.norm: 4784.002 B/op
                 gc.count:           27.000 counts
                 gc.time:            17.000 ms

Iteration   4: 3754359.518 ops/s
                 gc.alloc.rate:      16338.047 MB/sec
                 gc.alloc.rate.norm: 4784.002 B/op
                 gc.count:           27.000 counts
                 gc.time:            18.000 ms

Iteration   5: 3759095.894 ops/s
                 gc.alloc.rate:      16387.100 MB/sec
                 gc.alloc.rate.norm: 4784.002 B/op
                 gc.count:           27.000 counts
                 gc.time:            17.000 ms


# Run progress: 65.38% complete, ETA 00:01:15
# Fork: 2 of 2
# Warmup Iteration   1: 3470051.363 ops/s
# Warmup Iteration   2: 3858611.601 ops/s
# Warmup Iteration   3: 3756613.295 ops/s
Iteration   1: 3784291.270 ops/s
                 gc.alloc.rate:      16489.597 MB/sec
                 gc.alloc.rate.norm: 4784.002 B/op
                 gc.count:           27.000 counts
                 gc.time:            17.000 ms

Iteration   2: 3650392.711 ops/s
                 gc.alloc.rate:      15911.845 MB/sec
                 gc.alloc.rate.norm: 4784.002 B/op
                 gc.count:           27.000 counts
                 gc.time:            21.000 ms

Iteration   3: 3832610.660 ops/s
                 gc.alloc.rate:      16733.781 MB/sec
                 gc.alloc.rate.norm: 4784.002 B/op
                 gc.count:           27.000 counts
                 gc.time:            17.000 ms

Iteration   4: 3822965.024 ops/s
                 gc.alloc.rate:      16697.531 MB/sec
                 gc.alloc.rate.norm: 4784.002 B/op
                 gc.count:           28.000 counts
                 gc.time:            17.000 ms

Iteration   5: 3737057.316 ops/s
                 gc.alloc.rate:      16248.473 MB/sec
                 gc.alloc.rate.norm: 4784.002 B/op
                 gc.count:           27.000 counts
                 gc.time:            17.000 ms



Result "io.bluetape4k.protobuf.benchmark.ProtobufCodecBenchmark.serializerEncodeHeapOptimized":
  3764966.882 ±(99.9%) 81438.133 ops/s [Average]
  (min, avg, max) = (3650392.711, 3764966.882, 3832610.660), stdev = 53866.283
  CI (99.9%): [3683528.748, 3846405.015] (assumes normal distribution)

Secondary result "io.bluetape4k.protobuf.benchmark.ProtobufCodecBenchmark.serializerEncodeHeapOptimized:gc.alloc.rate":
  16396.915 ±(99.9%) 381.063 MB/sec [Average]
  (min, avg, max) = (15911.845, 16396.915, 16733.781), stdev = 252.050
  CI (99.9%): [16015.852, 16777.978] (assumes normal distribution)

Secondary result "io.bluetape4k.protobuf.benchmark.ProtobufCodecBenchmark.serializerEncodeHeapOptimized:gc.alloc.rate.norm":
  4784.002 ±(99.9%) 0.001 B/op [Average]
  (min, avg, max) = (4784.002, 4784.002, 4784.002), stdev = 0.001
  CI (99.9%): [4784.002, 4784.002] (assumes normal distribution)

Secondary result "io.bluetape4k.protobuf.benchmark.ProtobufCodecBenchmark.serializerEncodeHeapOptimized:gc.count":
  271.000 ±(99.9%) 0.001 counts [Sum]
  (min, avg, max) = (27.000, 27.100, 28.000), stdev = 0.316
  CI (99.9%): [271.000, 271.000] (assumes normal distribution)

Secondary result "io.bluetape4k.protobuf.benchmark.ProtobufCodecBenchmark.serializerEncodeHeapOptimized:gc.time":
  175.000 ±(99.9%) 0.001 ms [Sum]
  (min, avg, max) = (17.000, 17.500, 21.000), stdev = 1.269
  CI (99.9%): [175.000, 175.000] (assumes normal distribution)


# JMH version: 1.37
# VM version: JDK 21.0.11, OpenJDK 64-Bit Server VM, 21.0.11
# VM invoker: /opt/homebrew/Cellar/openjdk@21/21.0.11/libexec/openjdk.jdk/Contents/Home/bin/java
# VM options: -Xms1g -Xmx1g -XX:+UseG1GC
# Blackhole mode: compiler (auto-detected, use -Djmh.blackhole.autoDetect=false to disable)
# Warmup: 3 iterations, 1 s each
# Measurement: 5 iterations, 1 s each
# Timeout: 10 min per iteration
# Threads: 1 thread, will synchronize iterations
# Benchmark mode: Throughput, ops/time
# Benchmark: io.bluetape4k.protobuf.benchmark.ProtobufCodecBenchmark.trustedFallbackDecodeBufferCompatibility
# Parameters: (matrixVersion = issue-757-v1, targetHeadroom = 32, targetStart = 3)

# Run progress: 69.23% complete, ETA 00:01:06
# Fork: 1 of 2
# Warmup Iteration   1: 589862.999 ops/s
# Warmup Iteration   2: 693780.597 ops/s
# Warmup Iteration   3: 693272.813 ops/s
Iteration   1: 679373.136 ops/s
                 gc.alloc.rate:      3510.718 MB/sec
                 gc.alloc.rate.norm: 5472.010 B/op
                 gc.count:           6.000 counts
                 gc.time:            5.000 ms

Iteration   2: 690322.797 ops/s
                 gc.alloc.rate:      3567.139 MB/sec
                 gc.alloc.rate.norm: 5472.010 B/op
                 gc.count:           6.000 counts
                 gc.time:            4.000 ms

Iteration   3: 691458.753 ops/s
                 gc.alloc.rate:      3572.845 MB/sec
                 gc.alloc.rate.norm: 5472.010 B/op
                 gc.count:           6.000 counts
                 gc.time:            4.000 ms

Iteration   4: 694159.620 ops/s
                 gc.alloc.rate:      3587.609 MB/sec
                 gc.alloc.rate.norm: 5472.010 B/op
                 gc.count:           6.000 counts
                 gc.time:            4.000 ms

Iteration   5: 694480.456 ops/s
                 gc.alloc.rate:      3588.987 MB/sec
                 gc.alloc.rate.norm: 5472.010 B/op
                 gc.count:           5.000 counts
                 gc.time:            3.000 ms


# Run progress: 73.08% complete, ETA 00:00:58
# Fork: 2 of 2
# Warmup Iteration   1: 597545.024 ops/s
# Warmup Iteration   2: 698010.408 ops/s
# Warmup Iteration   3: 691096.913 ops/s
Iteration   1: 696856.147 ops/s
                 gc.alloc.rate:      3600.794 MB/sec
                 gc.alloc.rate.norm: 5472.010 B/op
                 gc.count:           6.000 counts
                 gc.time:            4.000 ms

Iteration   2: 696563.963 ops/s
                 gc.alloc.rate:      3599.011 MB/sec
                 gc.alloc.rate.norm: 5472.010 B/op
                 gc.count:           6.000 counts
                 gc.time:            4.000 ms

Iteration   3: 693284.675 ops/s
                 gc.alloc.rate:      3582.482 MB/sec
                 gc.alloc.rate.norm: 5472.010 B/op
                 gc.count:           6.000 counts
                 gc.time:            4.000 ms

Iteration   4: 701508.129 ops/s
                 gc.alloc.rate:      3624.688 MB/sec
                 gc.alloc.rate.norm: 5472.010 B/op
                 gc.count:           6.000 counts
                 gc.time:            4.000 ms

Iteration   5: 694294.991 ops/s
                 gc.alloc.rate:      3587.880 MB/sec
                 gc.alloc.rate.norm: 5472.010 B/op
                 gc.count:           6.000 counts
                 gc.time:            4.000 ms



Result "io.bluetape4k.protobuf.benchmark.ProtobufCodecBenchmark.trustedFallbackDecodeBufferCompatibility":
  693230.267 ±(99.9%) 8728.109 ops/s [Average]
  (min, avg, max) = (679373.136, 693230.267, 701508.129), stdev = 5773.104
  CI (99.9%): [684502.158, 701958.376] (assumes normal distribution)

Secondary result "io.bluetape4k.protobuf.benchmark.ProtobufCodecBenchmark.trustedFallbackDecodeBufferCompatibility:gc.alloc.rate":
  3582.215 ±(99.9%) 44.977 MB/sec [Average]
  (min, avg, max) = (3510.718, 3582.215, 3624.688), stdev = 29.749
  CI (99.9%): [3537.238, 3627.192] (assumes normal distribution)

Secondary result "io.bluetape4k.protobuf.benchmark.ProtobufCodecBenchmark.trustedFallbackDecodeBufferCompatibility:gc.alloc.rate.norm":
  5472.010 ±(99.9%) 0.001 B/op [Average]
  (min, avg, max) = (5472.010, 5472.010, 5472.010), stdev = 0.001
  CI (99.9%): [5472.010, 5472.010] (assumes normal distribution)

Secondary result "io.bluetape4k.protobuf.benchmark.ProtobufCodecBenchmark.trustedFallbackDecodeBufferCompatibility:gc.count":
  59.000 ±(99.9%) 0.001 counts [Sum]
  (min, avg, max) = (5.000, 5.900, 6.000), stdev = 0.316
  CI (99.9%): [59.000, 59.000] (assumes normal distribution)

Secondary result "io.bluetape4k.protobuf.benchmark.ProtobufCodecBenchmark.trustedFallbackDecodeBufferCompatibility:gc.time":
  40.000 ±(99.9%) 0.001 ms [Sum]
  (min, avg, max) = (3.000, 4.000, 5.000), stdev = 0.471
  CI (99.9%): [40.000, 40.000] (assumes normal distribution)


# JMH version: 1.37
# VM version: JDK 21.0.11, OpenJDK 64-Bit Server VM, 21.0.11
# VM invoker: /opt/homebrew/Cellar/openjdk@21/21.0.11/libexec/openjdk.jdk/Contents/Home/bin/java
# VM options: -Xms1g -Xmx1g -XX:+UseG1GC
# Blackhole mode: compiler (auto-detected, use -Djmh.blackhole.autoDetect=false to disable)
# Warmup: 3 iterations, 1 s each
# Measurement: 5 iterations, 1 s each
# Timeout: 10 min per iteration
# Threads: 1 thread, will synchronize iterations
# Benchmark mode: Throughput, ops/time
# Benchmark: io.bluetape4k.protobuf.benchmark.ProtobufCodecBenchmark.trustedFallbackDecodeByteArray
# Parameters: (matrixVersion = issue-757-v1, targetHeadroom = 32, targetStart = 3)

# Run progress: 76.92% complete, ETA 00:00:50
# Fork: 1 of 2
# Warmup Iteration   1: 623445.065 ops/s
# Warmup Iteration   2: 717060.020 ops/s
# Warmup Iteration   3: 729303.225 ops/s
Iteration   1: 727240.723 ops/s
                 gc.alloc.rate:      3336.945 MB/sec
                 gc.alloc.rate.norm: 4864.010 B/op
                 gc.count:           6.000 counts
                 gc.time:            5.000 ms

Iteration   2: 737794.030 ops/s
                 gc.alloc.rate:      3384.623 MB/sec
                 gc.alloc.rate.norm: 4864.009 B/op
                 gc.count:           5.000 counts
                 gc.time:            3.000 ms

Iteration   3: 734279.763 ops/s
                 gc.alloc.rate:      3368.909 MB/sec
                 gc.alloc.rate.norm: 4864.009 B/op
                 gc.count:           6.000 counts
                 gc.time:            5.000 ms

Iteration   4: 732827.397 ops/s
                 gc.alloc.rate:      3362.479 MB/sec
                 gc.alloc.rate.norm: 4864.009 B/op
                 gc.count:           5.000 counts
                 gc.time:            3.000 ms

Iteration   5: 711033.508 ops/s
                 gc.alloc.rate:      3262.901 MB/sec
                 gc.alloc.rate.norm: 4864.010 B/op
                 gc.count:           6.000 counts
                 gc.time:            4.000 ms


# Run progress: 80.77% complete, ETA 00:00:41
# Fork: 2 of 2
# Warmup Iteration   1: 622380.190 ops/s
# Warmup Iteration   2: 741894.758 ops/s
# Warmup Iteration   3: 736977.465 ops/s
Iteration   1: 729997.433 ops/s
                 gc.alloc.rate:      3348.752 MB/sec
                 gc.alloc.rate.norm: 4864.010 B/op
                 gc.count:           6.000 counts
                 gc.time:            4.000 ms

Iteration   2: 737623.860 ops/s
                 gc.alloc.rate:      3383.855 MB/sec
                 gc.alloc.rate.norm: 4864.009 B/op
                 gc.count:           5.000 counts
                 gc.time:            4.000 ms

Iteration   3: 734272.957 ops/s
                 gc.alloc.rate:      3368.517 MB/sec
                 gc.alloc.rate.norm: 4864.009 B/op
                 gc.count:           6.000 counts
                 gc.time:            4.000 ms

Iteration   4: 740550.099 ops/s
                 gc.alloc.rate:      3398.007 MB/sec
                 gc.alloc.rate.norm: 4864.009 B/op
                 gc.count:           5.000 counts
                 gc.time:            3.000 ms

Iteration   5: 738654.862 ops/s
                 gc.alloc.rate:      3387.919 MB/sec
                 gc.alloc.rate.norm: 4864.009 B/op
                 gc.count:           6.000 counts
                 gc.time:            4.000 ms



Result "io.bluetape4k.protobuf.benchmark.ProtobufCodecBenchmark.trustedFallbackDecodeByteArray":
  732427.463 ±(99.9%) 12927.787 ops/s [Average]
  (min, avg, max) = (711033.508, 732427.463, 740550.099), stdev = 8550.931
  CI (99.9%): [719499.676, 745355.250] (assumes normal distribution)

Secondary result "io.bluetape4k.protobuf.benchmark.ProtobufCodecBenchmark.trustedFallbackDecodeByteArray:gc.alloc.rate":
  3360.291 ±(99.9%) 58.863 MB/sec [Average]
  (min, avg, max) = (3262.901, 3360.291, 3398.007), stdev = 38.934
  CI (99.9%): [3301.428, 3419.154] (assumes normal distribution)

Secondary result "io.bluetape4k.protobuf.benchmark.ProtobufCodecBenchmark.trustedFallbackDecodeByteArray:gc.alloc.rate.norm":
  4864.009 ±(99.9%) 0.001 B/op [Average]
  (min, avg, max) = (4864.009, 4864.009, 4864.010), stdev = 0.001
  CI (99.9%): [4864.009, 4864.010] (assumes normal distribution)

Secondary result "io.bluetape4k.protobuf.benchmark.ProtobufCodecBenchmark.trustedFallbackDecodeByteArray:gc.count":
  56.000 ±(99.9%) 0.001 counts [Sum]
  (min, avg, max) = (5.000, 5.600, 6.000), stdev = 0.516
  CI (99.9%): [56.000, 56.000] (assumes normal distribution)

Secondary result "io.bluetape4k.protobuf.benchmark.ProtobufCodecBenchmark.trustedFallbackDecodeByteArray:gc.time":
  39.000 ±(99.9%) 0.001 ms [Sum]
  (min, avg, max) = (3.000, 3.900, 5.000), stdev = 0.738
  CI (99.9%): [39.000, 39.000] (assumes normal distribution)


# JMH version: 1.37
# VM version: JDK 21.0.11, OpenJDK 64-Bit Server VM, 21.0.11
# VM invoker: /opt/homebrew/Cellar/openjdk@21/21.0.11/libexec/openjdk.jdk/Contents/Home/bin/java
# VM options: -Xms1g -Xmx1g -XX:+UseG1GC
# Blackhole mode: compiler (auto-detected, use -Djmh.blackhole.autoDetect=false to disable)
# Warmup: 3 iterations, 1 s each
# Measurement: 5 iterations, 1 s each
# Timeout: 10 min per iteration
# Threads: 1 thread, will synchronize iterations
# Benchmark mode: Throughput, ops/time
# Benchmark: io.bluetape4k.protobuf.benchmark.ProtobufCodecBenchmark.trustedFallbackEncodeBufferCompatibility
# Parameters: (matrixVersion = issue-757-v1, targetHeadroom = 32, targetStart = 3)

# Run progress: 84.62% complete, ETA 00:00:33
# Fork: 1 of 2
# Warmup Iteration   1: 1454064.724 ops/s
# Warmup Iteration   2: 1546876.287 ops/s
# Warmup Iteration   3: 1633303.969 ops/s
Iteration   1: 1616310.736 ops/s
                 gc.alloc.rate:      1023.334 MB/sec
                 gc.alloc.rate.norm: 680.004 B/op
                 gc.count:           2.000 counts
                 gc.time:            2.000 ms

Iteration   2: 1642834.756 ops/s
                 gc.alloc.rate:      1037.424 MB/sec
                 gc.alloc.rate.norm: 680.004 B/op
                 gc.count:           2.000 counts
                 gc.time:            1.000 ms

Iteration   3: 1606285.934 ops/s
                 gc.alloc.rate:      1016.205 MB/sec
                 gc.alloc.rate.norm: 680.004 B/op
                 gc.count:           1.000 counts
                 gc.time:            1.000 ms

Iteration   4: 1628379.576 ops/s
                 gc.alloc.rate:      1028.596 MB/sec
                 gc.alloc.rate.norm: 680.004 B/op
                 gc.count:           2.000 counts
                 gc.time:            1.000 ms

Iteration   5: 1623371.261 ops/s
                 gc.alloc.rate:      1025.348 MB/sec
                 gc.alloc.rate.norm: 680.004 B/op
                 gc.count:           2.000 counts
                 gc.time:            2.000 ms


# Run progress: 88.46% complete, ETA 00:00:25
# Fork: 2 of 2
# Warmup Iteration   1: 1442495.426 ops/s
# Warmup Iteration   2: 1597363.362 ops/s
# Warmup Iteration   3: 1572349.322 ops/s
Iteration   1: 1607998.732 ops/s
                 gc.alloc.rate:      1016.520 MB/sec
                 gc.alloc.rate.norm: 680.004 B/op
                 gc.count:           2.000 counts
                 gc.time:            2.000 ms

Iteration   2: 1650487.668 ops/s
                 gc.alloc.rate:      1042.066 MB/sec
                 gc.alloc.rate.norm: 680.004 B/op
                 gc.count:           2.000 counts
                 gc.time:            1.000 ms

Iteration   3: 1627731.388 ops/s
                 gc.alloc.rate:      1028.011 MB/sec
                 gc.alloc.rate.norm: 680.004 B/op
                 gc.count:           1.000 counts
                 gc.time:            1.000 ms

Iteration   4: 1637859.391 ops/s
                 gc.alloc.rate:      1034.732 MB/sec
                 gc.alloc.rate.norm: 680.004 B/op
                 gc.count:           2.000 counts
                 gc.time:            1.000 ms

Iteration   5: 1632280.463 ops/s
                 gc.alloc.rate:      1030.699 MB/sec
                 gc.alloc.rate.norm: 680.004 B/op
                 gc.count:           2.000 counts
                 gc.time:            2.000 ms



Result "io.bluetape4k.protobuf.benchmark.ProtobufCodecBenchmark.trustedFallbackEncodeBufferCompatibility":
  1627353.990 ±(99.9%) 21774.907 ops/s [Average]
  (min, avg, max) = (1606285.934, 1627353.990, 1650487.668), stdev = 14402.753
  CI (99.9%): [1605579.083, 1649128.897] (assumes normal distribution)

Secondary result "io.bluetape4k.protobuf.benchmark.ProtobufCodecBenchmark.trustedFallbackEncodeBufferCompatibility:gc.alloc.rate":
  1028.293 ±(99.9%) 12.734 MB/sec [Average]
  (min, avg, max) = (1016.205, 1028.293, 1042.066), stdev = 8.423
  CI (99.9%): [1015.559, 1041.027] (assumes normal distribution)

Secondary result "io.bluetape4k.protobuf.benchmark.ProtobufCodecBenchmark.trustedFallbackEncodeBufferCompatibility:gc.alloc.rate.norm":
  680.004 ±(99.9%) 0.001 B/op [Average]
  (min, avg, max) = (680.004, 680.004, 680.004), stdev = 0.001
  CI (99.9%): [680.004, 680.004] (assumes normal distribution)

Secondary result "io.bluetape4k.protobuf.benchmark.ProtobufCodecBenchmark.trustedFallbackEncodeBufferCompatibility:gc.count":
  18.000 ±(99.9%) 0.001 counts [Sum]
  (min, avg, max) = (1.000, 1.800, 2.000), stdev = 0.422
  CI (99.9%): [18.000, 18.000] (assumes normal distribution)

Secondary result "io.bluetape4k.protobuf.benchmark.ProtobufCodecBenchmark.trustedFallbackEncodeBufferCompatibility:gc.time":
  14.000 ±(99.9%) 0.001 ms [Sum]
  (min, avg, max) = (1.000, 1.400, 2.000), stdev = 0.516
  CI (99.9%): [14.000, 14.000] (assumes normal distribution)


# JMH version: 1.37
# VM version: JDK 21.0.11, OpenJDK 64-Bit Server VM, 21.0.11
# VM invoker: /opt/homebrew/Cellar/openjdk@21/21.0.11/libexec/openjdk.jdk/Contents/Home/bin/java
# VM options: -Xms1g -Xmx1g -XX:+UseG1GC
# Blackhole mode: compiler (auto-detected, use -Djmh.blackhole.autoDetect=false to disable)
# Warmup: 3 iterations, 1 s each
# Measurement: 5 iterations, 1 s each
# Timeout: 10 min per iteration
# Threads: 1 thread, will synchronize iterations
# Benchmark mode: Throughput, ops/time
# Benchmark: io.bluetape4k.protobuf.benchmark.ProtobufCodecBenchmark.trustedFallbackEncodeByteArray
# Parameters: (matrixVersion = issue-757-v1, targetHeadroom = 32, targetStart = 3)

# Run progress: 92.31% complete, ETA 00:00:16
# Fork: 1 of 2
# Warmup Iteration   1: 1461067.475 ops/s
# Warmup Iteration   2: 1576092.606 ops/s
# Warmup Iteration   3: 1643529.410 ops/s
Iteration   1: 1540903.685 ops/s
                 gc.alloc.rate:      941.526 MB/sec
                 gc.alloc.rate.norm: 656.005 B/op
                 gc.count:           2.000 counts
                 gc.time:            1.000 ms

Iteration   2: 1601452.270 ops/s
                 gc.alloc.rate:      977.458 MB/sec
                 gc.alloc.rate.norm: 656.004 B/op
                 gc.count:           1.000 counts
                 gc.time:            1.000 ms

Iteration   3: 1618356.164 ops/s
                 gc.alloc.rate:      986.581 MB/sec
                 gc.alloc.rate.norm: 656.004 B/op
                 gc.count:           2.000 counts
                 gc.time:            1.000 ms

Iteration   4: 1605203.647 ops/s
                 gc.alloc.rate:      980.661 MB/sec
                 gc.alloc.rate.norm: 656.004 B/op
                 gc.count:           1.000 counts
                 gc.time:            1.000 ms

Iteration   5: 1591278.662 ops/s
                 gc.alloc.rate:      971.461 MB/sec
                 gc.alloc.rate.norm: 656.004 B/op
                 gc.count:           2.000 counts
                 gc.time:            1.000 ms


# Run progress: 96.15% complete, ETA 00:00:08
# Fork: 2 of 2
# Warmup Iteration   1: 1453831.238 ops/s
# Warmup Iteration   2: 1591397.699 ops/s
# Warmup Iteration   3: 1630301.016 ops/s
Iteration   1: 1612453.491 ops/s
                 gc.alloc.rate:      983.170 MB/sec
                 gc.alloc.rate.norm: 656.004 B/op
                 gc.count:           2.000 counts
                 gc.time:            1.000 ms

Iteration   2: 1603583.101 ops/s
                 gc.alloc.rate:      977.721 MB/sec
                 gc.alloc.rate.norm: 656.004 B/op
                 gc.count:           1.000 counts
                 gc.time:            1.000 ms

Iteration   3: 1591963.385 ops/s
                 gc.alloc.rate:      972.100 MB/sec
                 gc.alloc.rate.norm: 656.004 B/op
                 gc.count:           2.000 counts
                 gc.time:            1.000 ms

Iteration   4: 1574230.506 ops/s
                 gc.alloc.rate:      960.413 MB/sec
                 gc.alloc.rate.norm: 656.004 B/op
                 gc.count:           1.000 counts
                 gc.time:            1.000 ms

Iteration   5: 1630451.984 ops/s
                 gc.alloc.rate:      994.222 MB/sec
                 gc.alloc.rate.norm: 656.004 B/op
                 gc.count:           2.000 counts
                 gc.time:            2.000 ms



Result "io.bluetape4k.protobuf.benchmark.ProtobufCodecBenchmark.trustedFallbackEncodeByteArray":
  1596987.690 ±(99.9%) 37939.744 ops/s [Average]
  (min, avg, max) = (1540903.685, 1596987.690, 1630451.984), stdev = 25094.792
  CI (99.9%): [1559047.945, 1634927.434] (assumes normal distribution)

Secondary result "io.bluetape4k.protobuf.benchmark.ProtobufCodecBenchmark.trustedFallbackEncodeByteArray:gc.alloc.rate":
  974.531 ±(99.9%) 22.356 MB/sec [Average]
  (min, avg, max) = (941.526, 974.531, 994.222), stdev = 14.787
  CI (99.9%): [952.175, 996.887] (assumes normal distribution)

Secondary result "io.bluetape4k.protobuf.benchmark.ProtobufCodecBenchmark.trustedFallbackEncodeByteArray:gc.alloc.rate.norm":
  656.004 ±(99.9%) 0.001 B/op [Average]
  (min, avg, max) = (656.004, 656.004, 656.005), stdev = 0.001
  CI (99.9%): [656.004, 656.005] (assumes normal distribution)

Secondary result "io.bluetape4k.protobuf.benchmark.ProtobufCodecBenchmark.trustedFallbackEncodeByteArray:gc.count":
  16.000 ±(99.9%) 0.001 counts [Sum]
  (min, avg, max) = (1.000, 1.600, 2.000), stdev = 0.516
  CI (99.9%): [16.000, 16.000] (assumes normal distribution)

Secondary result "io.bluetape4k.protobuf.benchmark.ProtobufCodecBenchmark.trustedFallbackEncodeByteArray:gc.time":
  11.000 ±(99.9%) 0.001 ms [Sum]
  (min, avg, max) = (1.000, 1.100, 2.000), stdev = 0.316
  CI (99.9%): [11.000, 11.000] (assumes normal distribution)


# Run complete. Total time: 00:03:36

REMEMBER: The numbers below are just data. To gain reusable insights, you need to follow up on
why the numbers are the way they are. Use profilers (see -prof, -lprof), design factorial
experiments, perform baseline and negative tests that provide experimental control, make sure
the benchmarking environment is safe on JVM/OS/HW level, ask for reviews from the domain experts.
Do not assume the numbers tell you what you want them to tell.

NOTE: Current JVM experimentally supports Compiler Blackholes, and they are in use. Please exercise
extra caution when trusting the results, look into the generated code to check the benchmark still
works, and factor in a small probability of new VM bugs. Additionally, while comparisons between
different JVMs are already problematic, the performance difference caused by different Blackhole
modes can be very significant. Please make sure you use the consistent Blackhole mode for comparisons.

Benchmark                                                                           (matrixVersion)  (targetHeadroom)  (targetStart)   Mode  Cnt        Score        Error   Units
ProtobufCodecBenchmark.redissonDecodeCompositeCompatibility                            issue-757-v1                32              3  thrpt   10  2283179.028 ± 106270.809   ops/s
ProtobufCodecBenchmark.redissonDecodeCompositeCompatibility:gc.alloc.rate              issue-757-v1                32              3  thrpt   10    17320.663 ±    790.812  MB/sec
ProtobufCodecBenchmark.redissonDecodeCompositeCompatibility:gc.alloc.rate.norm         issue-757-v1                32              3  thrpt   10     8208.003 ±      0.001    B/op
ProtobufCodecBenchmark.redissonDecodeCompositeCompatibility:gc.count                   issue-757-v1                32              3  thrpt   10      287.000               counts
ProtobufCodecBenchmark.redissonDecodeCompositeCompatibility:gc.time                    issue-757-v1                32              3  thrpt   10      214.000                   ms
ProtobufCodecBenchmark.redissonDecodeContiguousOptimized                               issue-757-v1                32              3  thrpt   10  3073395.649 ±  91477.996   ops/s
ProtobufCodecBenchmark.redissonDecodeContiguousOptimized:gc.alloc.rate                 issue-757-v1                32              3  thrpt   10    15411.430 ±    457.583  MB/sec
ProtobufCodecBenchmark.redissonDecodeContiguousOptimized:gc.alloc.rate.norm            issue-757-v1                32              3  thrpt   10     5512.002 ±      0.001    B/op
ProtobufCodecBenchmark.redissonDecodeContiguousOptimized:gc.count                      issue-757-v1                32              3  thrpt   10      254.000               counts
ProtobufCodecBenchmark.redissonDecodeContiguousOptimized:gc.time                       issue-757-v1                32              3  thrpt   10      167.000                   ms
ProtobufCodecBenchmark.redissonDecodeCopiedByteArray                                   issue-757-v1                32              3  thrpt   10  2604907.958 ±  76940.498   ops/s
ProtobufCodecBenchmark.redissonDecodeCopiedByteArray:gc.alloc.rate                     issue-757-v1                32              3  thrpt   10    18364.126 ±    407.235  MB/sec
ProtobufCodecBenchmark.redissonDecodeCopiedByteArray:gc.alloc.rate.norm                issue-757-v1                32              3  thrpt   10     7680.003 ±      0.001    B/op
ProtobufCodecBenchmark.redissonDecodeCopiedByteArray:gc.count                          issue-757-v1                32              3  thrpt   10      303.000               counts
ProtobufCodecBenchmark.redissonDecodeCopiedByteArray:gc.time                           issue-757-v1                32              3  thrpt   10      196.000                   ms
ProtobufCodecBenchmark.serializerDecodeByteArray                                       issue-757-v1                32              3  thrpt   10  2783449.516 ±  85720.693   ops/s
ProtobufCodecBenchmark.serializerDecodeByteArray:gc.alloc.rate                         issue-757-v1                32              3  thrpt   10    13770.127 ±    417.962  MB/sec
ProtobufCodecBenchmark.serializerDecodeByteArray:gc.alloc.rate.norm                    issue-757-v1                32              3  thrpt   10     5408.003 ±      0.001    B/op
ProtobufCodecBenchmark.serializerDecodeByteArray:gc.count                              issue-757-v1                32              3  thrpt   10      227.000               counts
ProtobufCodecBenchmark.serializerDecodeByteArray:gc.time                               issue-757-v1                32              3  thrpt   10      153.000                   ms
ProtobufCodecBenchmark.serializerDecodeDirectOptimized                                 issue-757-v1                32              3  thrpt   10  2283010.427 ± 103477.735   ops/s
ProtobufCodecBenchmark.serializerDecodeDirectOptimized:gc.alloc.rate                   issue-757-v1                32              3  thrpt   10    16199.837 ±    711.076  MB/sec
ProtobufCodecBenchmark.serializerDecodeDirectOptimized:gc.alloc.rate.norm              issue-757-v1                32              3  thrpt   10     7688.003 ±      0.001    B/op
ProtobufCodecBenchmark.serializerDecodeDirectOptimized:gc.count                        issue-757-v1                32              3  thrpt   10      266.000               counts
ProtobufCodecBenchmark.serializerDecodeDirectOptimized:gc.time                         issue-757-v1                32              3  thrpt   10      173.000                   ms
ProtobufCodecBenchmark.serializerDecodeHeapOptimized                                   issue-757-v1                32              3  thrpt   10  2287434.363 ±  21895.442   ops/s
ProtobufCodecBenchmark.serializerDecodeHeapOptimized:gc.alloc.rate                     issue-757-v1                32              3  thrpt   10    16298.436 ±    162.929  MB/sec
ProtobufCodecBenchmark.serializerDecodeHeapOptimized:gc.alloc.rate.norm                issue-757-v1                32              3  thrpt   10     7688.003 ±      0.001    B/op
ProtobufCodecBenchmark.serializerDecodeHeapOptimized:gc.count                          issue-757-v1                32              3  thrpt   10      267.000               counts
ProtobufCodecBenchmark.serializerDecodeHeapOptimized:gc.time                           issue-757-v1                32              3  thrpt   10      171.000                   ms
ProtobufCodecBenchmark.serializerEncodeByteArray                                       issue-757-v1                32              3  thrpt   10  4037088.363 ±  93324.072   ops/s
ProtobufCodecBenchmark.serializerEncodeByteArray:gc.alloc.rate                         issue-757-v1                32              3  thrpt   10    24804.330 ±    498.799  MB/sec
ProtobufCodecBenchmark.serializerEncodeByteArray:gc.alloc.rate.norm                    issue-757-v1                32              3  thrpt   10     6976.002 ±      0.001    B/op
ProtobufCodecBenchmark.serializerEncodeByteArray:gc.count                              issue-757-v1                32              3  thrpt   10      407.000               counts
ProtobufCodecBenchmark.serializerEncodeByteArray:gc.time                               issue-757-v1                32              3  thrpt   10      257.000                   ms
ProtobufCodecBenchmark.serializerEncodeDirectOptimized                                 issue-757-v1                32              3  thrpt   10  3716265.036 ±  77996.356   ops/s
ProtobufCodecBenchmark.serializerEncodeDirectOptimized:gc.alloc.rate                   issue-757-v1                32              3  thrpt   10    16159.155 ±    363.432  MB/sec
ProtobufCodecBenchmark.serializerEncodeDirectOptimized:gc.alloc.rate.norm              issue-757-v1                32              3  thrpt   10     4832.002 ±      0.001    B/op
ProtobufCodecBenchmark.serializerEncodeDirectOptimized:gc.count                        issue-757-v1                32              3  thrpt   10      267.000               counts
ProtobufCodecBenchmark.serializerEncodeDirectOptimized:gc.time                         issue-757-v1                32              3  thrpt   10      177.000                   ms
ProtobufCodecBenchmark.serializerEncodeHeapOptimized                                   issue-757-v1                32              3  thrpt   10  3764966.882 ±  81438.133   ops/s
ProtobufCodecBenchmark.serializerEncodeHeapOptimized:gc.alloc.rate                     issue-757-v1                32              3  thrpt   10    16396.915 ±    381.063  MB/sec
ProtobufCodecBenchmark.serializerEncodeHeapOptimized:gc.alloc.rate.norm                issue-757-v1                32              3  thrpt   10     4784.002 ±      0.001    B/op
ProtobufCodecBenchmark.serializerEncodeHeapOptimized:gc.count                          issue-757-v1                32              3  thrpt   10      271.000               counts
ProtobufCodecBenchmark.serializerEncodeHeapOptimized:gc.time                           issue-757-v1                32              3  thrpt   10      175.000                   ms
ProtobufCodecBenchmark.trustedFallbackDecodeBufferCompatibility                        issue-757-v1                32              3  thrpt   10   693230.267 ±   8728.109   ops/s
ProtobufCodecBenchmark.trustedFallbackDecodeBufferCompatibility:gc.alloc.rate          issue-757-v1                32              3  thrpt   10     3582.215 ±     44.977  MB/sec
ProtobufCodecBenchmark.trustedFallbackDecodeBufferCompatibility:gc.alloc.rate.norm     issue-757-v1                32              3  thrpt   10     5472.010 ±      0.001    B/op
ProtobufCodecBenchmark.trustedFallbackDecodeBufferCompatibility:gc.count               issue-757-v1                32              3  thrpt   10       59.000               counts
ProtobufCodecBenchmark.trustedFallbackDecodeBufferCompatibility:gc.time                issue-757-v1                32              3  thrpt   10       40.000                   ms
ProtobufCodecBenchmark.trustedFallbackDecodeByteArray                                  issue-757-v1                32              3  thrpt   10   732427.463 ±  12927.787   ops/s
ProtobufCodecBenchmark.trustedFallbackDecodeByteArray:gc.alloc.rate                    issue-757-v1                32              3  thrpt   10     3360.291 ±     58.863  MB/sec
ProtobufCodecBenchmark.trustedFallbackDecodeByteArray:gc.alloc.rate.norm               issue-757-v1                32              3  thrpt   10     4864.009 ±      0.001    B/op
ProtobufCodecBenchmark.trustedFallbackDecodeByteArray:gc.count                         issue-757-v1                32              3  thrpt   10       56.000               counts
ProtobufCodecBenchmark.trustedFallbackDecodeByteArray:gc.time                          issue-757-v1                32              3  thrpt   10       39.000                   ms
ProtobufCodecBenchmark.trustedFallbackEncodeBufferCompatibility                        issue-757-v1                32              3  thrpt   10  1627353.990 ±  21774.907   ops/s
ProtobufCodecBenchmark.trustedFallbackEncodeBufferCompatibility:gc.alloc.rate          issue-757-v1                32              3  thrpt   10     1028.293 ±     12.734  MB/sec
ProtobufCodecBenchmark.trustedFallbackEncodeBufferCompatibility:gc.alloc.rate.norm     issue-757-v1                32              3  thrpt   10      680.004 ±      0.001    B/op
ProtobufCodecBenchmark.trustedFallbackEncodeBufferCompatibility:gc.count               issue-757-v1                32              3  thrpt   10       18.000               counts
ProtobufCodecBenchmark.trustedFallbackEncodeBufferCompatibility:gc.time                issue-757-v1                32              3  thrpt   10       14.000                   ms
ProtobufCodecBenchmark.trustedFallbackEncodeByteArray                                  issue-757-v1                32              3  thrpt   10  1596987.690 ±  37939.744   ops/s
ProtobufCodecBenchmark.trustedFallbackEncodeByteArray:gc.alloc.rate                    issue-757-v1                32              3  thrpt   10      974.531 ±     22.356  MB/sec
ProtobufCodecBenchmark.trustedFallbackEncodeByteArray:gc.alloc.rate.norm               issue-757-v1                32              3  thrpt   10      656.004 ±      0.001    B/op
ProtobufCodecBenchmark.trustedFallbackEncodeByteArray:gc.count                         issue-757-v1                32              3  thrpt   10       16.000               counts
ProtobufCodecBenchmark.trustedFallbackEncodeByteArray:gc.time                          issue-757-v1                32              3  thrpt   10       11.000                   ms

Benchmark result is saved to /Users/debop/work/bluetape4k/bluetape4k-projects/.worktrees/feat-issue-757-protobuf-buffer-core/benchmark/protobuf-codec-benchmark/build/issue-757-evidence/run-20260718T210358.790209Z-d5bbb3c1/jmh.json
exit_code=0
